Archive member included to satisfy reference by file (symbol)

C:/ST/STM32CubeIDE_1.15.0/STM32CubeIDE/plugins/com.st.stm32cube.ide.mcu.externaltools.gnu-tools-for-stm32.12.3.rel1.win32_1.0.100.202403111256/tools/bin/../lib/gcc/arm-none-eabi/12.3.1/../../../../arm-none-eabi/lib/thumb/v7e-m+fp/hard\libc_nano.a(libc_a-exit.o)
                              C:/ST/STM32CubeIDE_1.15.0/STM32CubeIDE/plugins/com.st.stm32cube.ide.mcu.externaltools.gnu-tools-for-stm32.12.3.rel1.win32_1.0.100.202403111256/tools/bin/../lib/gcc/arm-none-eabi/12.3.1/../../../../arm-none-eabi/lib/thumb/v7e-m+fp/hard/crt0.o (exit)
C:/ST/STM32CubeIDE_1.15.0/STM32CubeIDE/plugins/com.st.stm32cube.ide.mcu.externaltools.gnu-tools-for-stm32.12.3.rel1.win32_1.0.100.202403111256/tools/bin/../lib/gcc/arm-none-eabi/12.3.1/../../../../arm-none-eabi/lib/thumb/v7e-m+fp/hard\libc_nano.a(libc_a-findfp.o)
                              C:/ST/STM32CubeIDE_1.15.0/STM32CubeIDE/plugins/com.st.stm32cube.ide.mcu.externaltools.gnu-tools-for-stm32.12.3.rel1.win32_1.0.100.202403111256/tools/bin/../lib/gcc/arm-none-eabi/12.3.1/../../../../arm-none-eabi/lib/thumb/v7e-m+fp/hard\libc_nano.a(libc_a-exit.o) (__stdio_exit_handler)
C:/ST/STM32CubeIDE_1.15.0/STM32CubeIDE/plugins/com.st.stm32cube.ide.mcu.externaltools.gnu-tools-for-stm32.12.3.rel1.win32_1.0.100.202403111256/tools/bin/../lib/gcc/arm-none-eabi/12.3.1/../../../../arm-none-eabi/lib/thumb/v7e-m+fp/hard\libc_nano.a(libc_a-fwalk.o)
                              C:/ST/STM32CubeIDE_1.15.0/STM32CubeIDE/plugins/com.st.stm32cube.ide.mcu.externaltools.gnu-tools-for-stm32.12.3.rel1.win32_1.0.100.202403111256/tools/bin/../lib/gcc/arm-none-eabi/12.3.1/../../../../arm-none-eabi/lib/thumb/v7e-m+fp/hard\libc_nano.a(libc_a-findfp.o) (_fwalk_sglue)
C:/ST/STM32CubeIDE_1.15.0/STM32CubeIDE/plugins/com.st.stm32cube.ide.mcu.externaltools.gnu-tools-for-stm32.12.3.rel1.win32_1.0.100.202403111256/tools/bin/../lib/gcc/arm-none-eabi/12.3.1/../../../../arm-none-eabi/lib/thumb/v7e-m+fp/hard\libc_nano.a(libc_a-stdio.o)
                              C:/ST/STM32CubeIDE_1.15.0/STM32CubeIDE/plugins/com.st.stm32cube.ide.mcu.externaltools.gnu-tools-for-stm32.12.3.rel1.win32_1.0.100.202403111256/tools/bin/../lib/gcc/arm-none-eabi/12.3.1/../../../../arm-none-eabi/lib/thumb/v7e-m+fp/hard\libc_nano.a(libc_a-findfp.o) (__sread)
C:/ST/STM32CubeIDE_1.15.0/STM32CubeIDE/plugins/com.st.stm32cube.ide.mcu.externaltools.gnu-tools-for-stm32.12.3.rel1.win32_1.0.100.202403111256/tools/bin/../lib/gcc/arm-none-eabi/12.3.1/../../../../arm-none-eabi/lib/thumb/v7e-m+fp/hard\libc_nano.a(libc_a-memset.o)
                              C:/ST/STM32CubeIDE_1.15.0/STM32CubeIDE/plugins/com.st.stm32cube.ide.mcu.externaltools.gnu-tools-for-stm32.12.3.rel1.win32_1.0.100.202403111256/tools/bin/../lib/gcc/arm-none-eabi/12.3.1/../../../../arm-none-eabi/lib/thumb/v7e-m+fp/hard/crt0.o (memset)
C:/ST/STM32CubeIDE_1.15.0/STM32CubeIDE/plugins/com.st.stm32cube.ide.mcu.externaltools.gnu-tools-for-stm32.12.3.rel1.win32_1.0.100.202403111256/tools/bin/../lib/gcc/arm-none-eabi/12.3.1/../../../../arm-none-eabi/lib/thumb/v7e-m+fp/hard\libc_nano.a(libc_a-closer.o)
                              C:/ST/STM32CubeIDE_1.15.0/STM32CubeIDE/plugins/com.st.stm32cube.ide.mcu.externaltools.gnu-tools-for-stm32.12.3.rel1.win32_1.0.100.202403111256/tools/bin/../lib/gcc/arm-none-eabi/12.3.1/../../../../arm-none-eabi/lib/thumb/v7e-m+fp/hard\libc_nano.a(libc_a-stdio.o) (_close_r)
C:/ST/STM32CubeIDE_1.15.0/STM32CubeIDE/plugins/com.st.stm32cube.ide.mcu.externaltools.gnu-tools-for-stm32.12.3.rel1.win32_1.0.100.202403111256/tools/bin/../lib/gcc/arm-none-eabi/12.3.1/../../../../arm-none-eabi/lib/thumb/v7e-m+fp/hard\libc_nano.a(libc_a-reent.o)
                              C:/ST/STM32CubeIDE_1.15.0/STM32CubeIDE/plugins/com.st.stm32cube.ide.mcu.externaltools.gnu-tools-for-stm32.12.3.rel1.win32_1.0.100.202403111256/tools/bin/../lib/gcc/arm-none-eabi/12.3.1/../../../../arm-none-eabi/lib/thumb/v7e-m+fp/hard\libc_nano.a(libc_a-closer.o) (errno)
C:/ST/STM32CubeIDE_1.15.0/STM32CubeIDE/plugins/com.st.stm32cube.ide.mcu.externaltools.gnu-tools-for-stm32.12.3.rel1.win32_1.0.100.202403111256/tools/bin/../lib/gcc/arm-none-eabi/12.3.1/../../../../arm-none-eabi/lib/thumb/v7e-m+fp/hard\libc_nano.a(libc_a-impure.o)
                              C:/ST/STM32CubeIDE_1.15.0/STM32CubeIDE/plugins/com.st.stm32cube.ide.mcu.externaltools.gnu-tools-for-stm32.12.3.rel1.win32_1.0.100.202403111256/tools/bin/../lib/gcc/arm-none-eabi/12.3.1/../../../../arm-none-eabi/lib/thumb/v7e-m+fp/hard\libc_nano.a(libc_a-reent.o) (_impure_ptr)
C:/ST/STM32CubeIDE_1.15.0/STM32CubeIDE/plugins/com.st.stm32cube.ide.mcu.externaltools.gnu-tools-for-stm32.12.3.rel1.win32_1.0.100.202403111256/tools/bin/../lib/gcc/arm-none-eabi/12.3.1/../../../../arm-none-eabi/lib/thumb/v7e-m+fp/hard\libc_nano.a(libc_a-lseekr.o)
[...]
Memory Configuration

Name             Origin             Length             Attributes
RAM              0x20000000         0x00050000         xrw
RAM2             0x10000000         0x00010000         xrw
FLASH            0x08000000         0x00100000         xr
*default*        0x00000000         0xffffffff

Linker script and memory map

LOAD C:/ST/STM32CubeIDE_1.15.0/STM32CubeIDE/plugins/com.st.stm32cube.ide.mcu.externaltools.gnu-tools-for-stm32.12.3.rel1.win32_1.0.100.202403111256/tools/bin/../lib/gcc/arm-none-eabi/12.3.1/thumb/v7e-m+fp/hard/crti.o
LOAD C:/ST/STM32CubeIDE_1.15.0/STM32CubeIDE/plugins/com.st.stm32cube.ide.mcu.externaltools.gnu-tools-for-stm32.12.3.rel1.win32_1.0.100.202403111256/tools/bin/../lib/gcc/arm-none-eabi/12.3.1/thumb/v7e-m+fp/hard/crtbegin.o
LOAD C:/ST/STM32CubeIDE_1.15.0/STM32CubeIDE/plugins/com.st.stm32cube.ide.mcu.externaltools.gnu-tools-for-stm32.12.3.rel1.win32_1.0.100.202403111256/tools/bin/../lib/gcc/arm-none-eabi/12.3.1/../../../../arm-none-eabi/lib/thumb/v7e-m+fp/hard/crt0.o
LOAD ./Core/Src/glcd.o
LOAD ./Core/Src/graphics.o
LOAD ./Core/Src/main.o
LOAD ./Core/Src/stm32l4xx_hal_msp.o
LOAD ./Core/Src/stm32l4xx_it.o
LOAD ./Core/Src/syscalls.o
LOAD ./Core/Src/sysmem.o
LOAD ./Core/Src/system_stm32l4xx.o
LOAD ./Core/Startup/startup_stm32l496zgtx.o
LOAD ./Drivers/STM32L4xx_HAL_Driver/Src/stm32l4xx_hal.o
LOAD ./Drivers/STM32L4xx_HAL_Driver/Src/stm32l4xx_hal_cortex.o
LOAD ./Drivers/STM32L4xx_HAL_Driver/Src/stm32l4xx_hal_dma.o
LOAD ./Drivers/STM32L4xx_HAL_Driver/Src/stm32l4xx_hal_dma_ex.o
LOAD ./Drivers/STM32L4xx_HAL_Driver/Src/stm32l4xx_hal_exti.o
LOAD ./Drivers/STM32L4xx_HAL_Driver/Src/stm32l4xx_hal_flash.o
LOAD ./Drivers/STM32L4xx_HAL_Driver/Src/stm32l4xx_hal_flash_ex.o
LOAD ./Drivers/STM32L4xx_HAL_Driver/Src/stm32l4xx_hal_flash_ramfunc.o
LOAD ./Drivers/STM32L4xx_HAL_Driver/Src/stm32l4xx_hal_gpio.o
LOAD ./Drivers/STM32L4xx_HAL_Driver/Src/stm32l4xx_hal_i2c.o
LOAD ./Drivers/STM32L4xx_HAL_Driver/Src/stm32l4xx_hal_i2c_ex.o
LOAD ./Drivers/STM32L4xx_HAL_Driver/Src/stm32l4xx_hal_pcd.o
LOAD ./Drivers/STM32L4xx_HAL_Driver/Src/stm32l4xx_hal_pcd_ex.o
LOAD ./Drivers/STM32L4xx_HAL_Driver/Src/stm32l4xx_hal_pwr.o
LOAD ./Drivers/STM32L4xx_HAL_Driver/Src/stm32l4xx_hal_pwr_ex.o
LOAD ./Drivers/STM32L4xx_HAL_Driver/Src/stm32l4xx_hal_rcc.o
LOAD ./Drivers/STM32L4xx_HAL_Driver/Src/stm32l4xx_hal_rcc_ex.o
LOAD ./Drivers/STM32L4xx_HAL_Driver/Src/stm32l4xx_hal_spi.o
LOAD ./Drivers/STM32L4xx_HAL_Driver/Src/stm32l4xx_hal_spi_ex.o
LOAD ./Drivers/STM32L4xx_HAL_Driver/Src/stm32l4xx_hal_tim.o
LOAD ./Drivers/STM32L4xx_HAL_Driver/Src/stm32l4xx_hal_tim_ex.o
LOAD ./Drivers/STM32L4xx_HAL_Driver/Src/stm32l4xx_hal_uart.o
LOAD ./Drivers/STM32L4xx_HAL_Driver/Src/stm32l4xx_hal_uart_ex.o
LOAD ./Drivers/STM32L4xx_HAL_Driver/Src/stm32l4xx_ll_usb.o
START GROUP
LOAD C:/ST/STM32CubeIDE_1.15.0/STM32CubeIDE/plugins/com.st.stm32cube.ide.mcu.externaltools.gnu-tools-for-stm32.12.3.rel1.win32_1.0.100.202403111256/tools/bin/../lib/gcc/arm-none-eabi/12.3.1/../../../../arm-none-eabi/lib/thumb/v7e-m+fp/hard\libc_nano.a
LOAD C:/ST/STM32CubeIDE_1.15.0/STM32CubeIDE/plugins/com.st.stm32cube.ide.mcu.externaltools.gnu-tools-for-stm32.12.3.rel1.win32_1.0.100.202403111256/tools/bin/../lib/gcc/arm-none-eabi/12.3.1/../../../../arm-none-eabi/lib/thumb/v7e-m+fp/hard\libm.a
END GROUP
START GROUP
LOAD C:/ST/STM32CubeIDE_1.15.0/STM32CubeIDE/plugins/com.st.stm32cube.ide.mcu.externaltools.gnu-tools-for-stm32.12.3.rel1.win32_1.0.100.202403111256/tools/bin/../lib/gcc/arm-none-eabi/12.3.1/thumb/v7e-m+fp/hard\libgcc.a
LOAD C:/ST/STM32CubeIDE_1.15.0/STM32CubeIDE/plugins/com.st.stm32cube.ide.mcu.externaltools.gnu-tools-for-stm32.12.3.rel1.win32_1.0.100.202403111256/tools/bin/../lib/gcc/arm-none-eabi/12.3.1/../../../../arm-none-eabi/lib/thumb/v7e-m+fp/hard\libc_nano.a
END GROUP
START GROUP
LOAD C:/ST/STM32CubeIDE_1.15.0/STM32CubeIDE/plugins/com.st.stm32cube.ide.mcu.externaltools.gnu-tools-for-stm32.12.3.rel1.win32_1.0.100.202403111256/tools/bin/../lib/gcc/arm-none-eabi/12.3.1/thumb/v7e-m+fp/hard\libgcc.a
LOAD C:/ST/STM32CubeIDE_1.15.0/STM32CubeIDE/plugins/com.st.stm32cube.ide.mcu.externaltools.gnu-tools-for-stm32.12.3.rel1.win32_1.0.100.202403111256/tools/bin/../lib/gcc/arm-none-eabi/12.3.1/../../../../arm-none-eabi/lib/thumb/v7e-m+fp/hard\libc_nano.a
LOAD C:/ST/STM32CubeIDE_1.15.0/STM32CubeIDE/plugins/com.st.stm32cube.ide.mcu.externaltools.gnu-tools-for-stm32.12.3.rel1.win32_1.0.100.202403111256/tools/bin/../lib/gcc/arm-none-eabi/12.3.1/../../../../arm-none-eabi/lib/thumb/v7e-m+fp/hard\libnosys.a
END GROUP
START GROUP
LOAD C:/ST/STM32CubeIDE_1.15.0/STM32CubeIDE/plugins/com.st.stm32cube.ide.mcu.externaltools.gnu-tools-for-stm32.12.3.rel1.win32_1.0.100.202403111256/tools/bin/../lib/gcc/arm-none-eabi/12.3.1/thumb/v7e-m+fp/hard\libgcc.a
LOAD C:/ST/STM32CubeIDE_1.15.0/STM32CubeIDE/plugins/com.st.stm32cube.ide.mcu.externaltools.gnu-tools-for-stm32.12.3.rel1.win32_1.0.100.202403111256/tools/bin/../lib/gcc/arm-none-eabi/12.3.1/../../../../arm-none-eabi/lib/thumb/v7e-m+fp/hard\libc_nano.a
LOAD C:/ST/STM32CubeIDE_1.15.0/STM32CubeIDE/plugins/com.st.stm32cube.ide.mcu.externaltools.gnu-tools-for-stm32.12.3.rel1.win32_1.0.100.202403111256/tools/bin/../lib/gcc/arm-none-eabi/12.3.1/../../../../arm-none-eabi/lib/thumb/v7e-m+fp/hard\libnosys.a
END GROUP
LOAD C:/ST/STM32CubeIDE_1.15.0/STM32CubeIDE/plugins/com.st.stm32cube.ide.mcu.externaltools.gnu-tools-for-stm32.12.3.rel1.win32_1.0.100.202403111256/tools/bin/../lib/gcc/arm-none-eabi/12.3.1/thumb/v7e-m+fp/hard/crtend.o
LOAD C:/ST/STM32CubeIDE_1.15.0/STM32CubeIDE/plugins/com.st.stm32cube.ide.mcu.externaltools.gnu-tools-for-stm32.12.3.rel1.win32_1.0.100.202403111256/tools/bin/../lib/gcc/arm-none-eabi/12.3.1/thumb/v7e-m+fp/hard/crtn.o
                0x20050000                        _estack = (ORIGIN (RAM) + LENGTH (RAM))
                0x00000200                        _Min_Heap_Size = 0x200
                0x00000400                        _Min_Stack_Size = 0x400

.isr_vector     0x08000000      0x1ac
                0x08000000                        . = ALIGN (0x4)
 *(.isr_vector)
 .isr_vector    0x08000000      0x1ac ./Core/Startup/startup_stm32l496zgtx.o
                0x08000000                g_pfnVectors
                0x080001ac                        . = ALIGN (0x4)

.text           0x080001ac     0x4200
                0x080001ac                        . = ALIGN (0x4)
 *(.text)
 .text          0x080001ac       0x40 C:/ST/STM32CubeIDE_1.15.0/STM32CubeIDE/plugins/com.st.stm32cube.ide.mcu.externaltools.gnu-tools-for-stm32.12.3.rel1.win32_1.0.100.202403111256/tools/bin/../lib/gcc/arm-none-eabi/12.3.1/thumb/v7e-m+fp/hard/crtbegin.o
 .text          0x080001ec       0x30 C:/ST/STM32CubeIDE_1.15.0/STM32CubeIDE/plugins/com.st.stm32cube.ide.mcu.externaltools.gnu-tools-for-stm32.12.3.rel1.win32_1.0.100.202403111256/tools/bin/../lib/gcc/arm-none-eabi/12.3.1/thumb/v7e-m+fp/hard\libgcc.a(_aeabi_uldivmod.o)
                0x080001ec                __aeabi_uldivmod
 .text          0x0800021c      0x2bc C:/ST/STM32CubeIDE_1.15.0/STM32CubeIDE/plugins/com.st.stm32cube.ide.mcu.externaltools.gnu-tools-for-stm32.12.3.rel1.win32_1.0.100.202403111256/tools/bin/../lib/gcc/arm-none-eabi/12.3.1/thumb/v7e-m+fp/hard\libgcc.a(_udivmoddi4.o)
                0x0800021c                __udivmoddi4
 .text          0x080004d8        0x4 C:/ST/STM32CubeIDE_1.15.0/STM32CubeIDE/plugins/com.st.stm32cube.ide.mcu.externaltools.gnu-tools-for-stm32.12.3.rel1.win32_1.0.100.202403111256/tools/bin/../lib/gcc/arm-none-eabi/12.3.1/thumb/v7e-m+fp/hard\libgcc.a(_dvmd_tls.o)
                0x080004d8                __aeabi_idiv0
                0x080004d8                __aeabi_ldiv0
 *(.text*)
 .text.glcd_pixel
                0x080004dc       0xb0 ./Core/Src/glcd.o
                0x080004dc                glcd_pixel
 .text.glcd_blank
                0x0800058c       0x80 ./Core/Src/glcd.o
                0x0800058c                glcd_blank
 .text.glcd_refresh
                0x0800060c       0x84 ./Core/Src/glcd.o
                0x0800060c                glcd_refresh
 .text.glcd_init
                0x08000690       0x98 ./Core/Src/glcd.o
                0x08000690                glcd_init
 .text.glcd_data
                0x08000728       0x90 ./Core/Src/glcd.o
                0x08000728                glcd_data
 .text.glcd_command
                0x080007b8       0x90 ./Core/Src/glcd.o
                0x080007b8                glcd_command
 .text.glcd_contrast
                0x08000848       0x42 ./Core/Src/glcd.o
                0x08000848                glcd_contrast
 .text.draw_rectangle
                0x0800088a       0x8e ./Core/Src/graphics.o
                0x0800088a                draw_rectangle
 .text.blank_rectangle
                0x08000918       0x58 ./Core/Src/graphics.o
                0x08000918                blank_rectangle
 .text.draw_line
                0x08000970      0x15e ./Core/Src/graphics.o
                0x08000970                draw_line
 .text.main     0x08000ace       0x68 ./Core/Src/main.o
                0x08000ace                main
 *fill*         0x08000b36        0x2 
 .text.SystemClock_Config
                0x08000b38       0xc8 ./Core/Src/main.o
                0x08000b38                SystemClock_Config
 .text.MX_LPUART1_UART_Init
                0x08000c00       0x5c ./Core/Src/main.o
 .text.MX_SPI1_Init
                0x08000c5c       0x78 ./Core/Src/main.o
 .text.MX_USB_OTG_FS_PCD_Init
                0x08000cd4       0x5c ./Core/Src/main.o
 .text.MX_GPIO_Init
                0x08000d30      0x158 ./Core/Src/main.o
 .text.Error_Handler
                0x08000e88        0xc ./Core/Src/main.o
                0x08000e88                Error_Handler
 .text.HAL_MspInit
                0x08000e94       0x48 ./Core/Src/stm32l4xx_hal_msp.o
                0x08000e94                HAL_MspInit
 .text.HAL_UART_MspInit
                0x08000edc       0xc0 ./Core/Src/stm32l4xx_hal_msp.o
                0x08000edc                HAL_UART_MspInit
 .text.HAL_SPI_MspInit
                0x08000f9c       0x84 ./Core/Src/stm32l4xx_hal_msp.o
                0x08000f9c                HAL_SPI_MspInit
 .text.HAL_PCD_MspInit
                0x08001020      0x138 ./Core/Src/stm32l4xx_hal_msp.o
                0x08001020                HAL_PCD_MspInit
 .text.NMI_Handler
                0x08001158        0x8 ./Core/Src/stm32l4xx_it.o
                0x08001158                NMI_Handler
 .text.HardFault_Handler
                0x08001160        0x8 ./Core/Src/stm32l4xx_it.o
                0x08001160                HardFault_Handler
 .text.MemManage_Handler
                0x08001168        0x8 ./Core/Src/stm32l4xx_it.o
                0x08001168                MemManage_Handler
 .text.BusFault_Handler
                0x08001170        0x8 ./Core/Src/stm32l4xx_it.o
                0x08001170                BusFault_Handler
 .text.UsageFault_Handler
                0x08001178        0x8 ./Core/Src/stm32l4xx_it.o
                0x08001178                UsageFault_Handler
 .text.SVC_Handler
                0x08001180        0xe ./Core/Src/stm32l4xx_it.o
                0x08001180                SVC_Handler
 .text.DebugMon_Handler
                0x0800118e        0xe ./Core/Src/stm32l4xx_it.o
                0x0800118e                DebugMon_Handler
 .text.PendSV_Handler
                0x0800119c        0xe ./Core/Src/stm32l4xx_it.o
                0x0800119c                PendSV_Handler
 .text.SysTick_Handler
                0x080011aa        0xc ./Core/Src/stm32l4xx_it.o
                0x080011aa                SysTick_Handler
 *fill*         0x080011b6        0x2 
 .text.SystemInit
                0x080011b8       0x24 ./Core/Src/system_stm32l4xx.o
                0x080011b8                SystemInit
 .text.Reset_Handler
                0x080011dc       0x50 ./Core/Startup/startup_stm32l496zgtx.o
                0x080011dc                Reset_Handler
 .text.Default_Handler
                0x0800122c        0x2 ./Core/Startup/startup_stm32l496zgtx.o
                0x0800122c                RTC_Alarm_IRQHandler
                0x0800122c                EXTI2_IRQHandler
                0x0800122c                TIM8_TRG_COM_IRQHandler
                0x0800122c                TIM8_CC_IRQHandler
                0x0800122c                TIM1_CC_IRQHandler
                0x0800122c                TSC_IRQHandler
                0x0800122c                TAMP_STAMP_IRQHandler
                0x0800122c                CAN2_RX1_IRQHandler
                0x0800122c                EXTI3_IRQHandler
                0x0800122c                LPTIM2_IRQHandler
                0x0800122c                DFSDM1_FLT1_IRQHandler
                0x0800122c                I2C3_ER_IRQHandler
                0x0800122c                DFSDM1_FLT2_IRQHandler
                0x0800122c                EXTI0_IRQHandler
                0x0800122c                I2C2_EV_IRQHandler
                0x0800122c                CAN1_RX0_IRQHandler
                0x0800122c                FPU_IRQHandler
                0x0800122c                TIM1_UP_TIM16_IRQHandler
                0x0800122c                CAN2_SCE_IRQHandler
                0x0800122c                ADC1_2_IRQHandler
                0x0800122c                SPI1_IRQHandler
                0x0800122c                TIM6_DAC_IRQHandler
                0x0800122c                DCMI_IRQHandler
                0x0800122c                CAN2_RX0_IRQHandler
                0x0800122c                TIM8_UP_IRQHandler
                0x0800122c                DMA2_Channel2_IRQHandler
                0x0800122c                DMA1_Channel4_IRQHandler
                0x0800122c                SAI2_IRQHandler
                0x0800122c                DFSDM1_FLT3_IRQHandler
                0x0800122c                USART3_IRQHandler
                0x0800122c                DMA1_Channel7_IRQHandler
                0x0800122c                CAN1_RX1_IRQHandler
                0x0800122c                LCD_IRQHandler
                0x0800122c                UART5_IRQHandler
                0x0800122c                ADC3_IRQHandler
                0x0800122c                TIM4_IRQHandler
                0x0800122c                DMA2_Channel1_IRQHandler
                0x0800122c                QUADSPI_IRQHandler
                0x0800122c                I2C1_EV_IRQHandler
                0x0800122c                DMA1_Channel6_IRQHandler
                0x0800122c                UART4_IRQHandler
                0x0800122c                DMA2_Channel4_IRQHandler
                0x0800122c                TIM3_IRQHandler
                0x0800122c                RCC_IRQHandler
                0x0800122c                DMA1_Channel1_IRQHandler
                0x0800122c                Default_Handler
                0x0800122c                DMA2_Channel7_IRQHandler
                0x0800122c                EXTI15_10_IRQHandler
                0x0800122c                TIM7_IRQHandler
                0x0800122c                SDMMC1_IRQHandler
                0x0800122c                CAN2_TX_IRQHandler
                0x0800122c                TIM5_IRQHandler
                0x0800122c                I2C3_EV_IRQHandler
                0x0800122c                EXTI9_5_IRQHandler
                0x0800122c                RTC_WKUP_IRQHandler
                0x0800122c                PVD_PVM_IRQHandler
                0x0800122c                SPI2_IRQHandler
                0x0800122c                CAN1_TX_IRQHandler
                0x0800122c                DMA2_Channel5_IRQHandler
                0x0800122c                CRS_IRQHandler
                0x0800122c                DMA1_Channel5_IRQHandler
                0x0800122c                EXTI4_IRQHandler
                0x0800122c                RNG_IRQHandler
                0x0800122c                TIM1_TRG_COM_TIM17_IRQHandler
                0x0800122c                DMA1_Channel3_IRQHandler
                0x0800122c                COMP_IRQHandler
                0x0800122c                WWDG_IRQHandler
                0x0800122c                I2C4_EV_IRQHandler
                0x0800122c                LPUART1_IRQHandler
                0x0800122c                DMA2_Channel6_IRQHandler
                0x0800122c                TIM2_IRQHandler
                0x0800122c                EXTI1_IRQHandler
                0x0800122c                USART2_IRQHandler
                0x0800122c                DFSDM1_FLT0_IRQHandler
                0x0800122c                I2C2_ER_IRQHandler
                0x0800122c                DMA1_Channel2_IRQHandler
                0x0800122c                TIM8_BRK_IRQHandler
                0x0800122c                CAN1_SCE_IRQHandler
                0x0800122c                FLASH_IRQHandler
                0x0800122c                USART1_IRQHandler
                0x0800122c                OTG_FS_IRQHandler
                0x0800122c                SPI3_IRQHandler
                0x0800122c                I2C1_ER_IRQHandler
                0x0800122c                FMC_IRQHandler
                0x0800122c                SWPMI1_IRQHandler
                0x0800122c                LPTIM1_IRQHandler
                0x0800122c                I2C4_ER_IRQHandler
                0x0800122c                SAI1_IRQHandler
                0x0800122c                DMA2_Channel3_IRQHandler
                0x0800122c                TIM1_BRK_TIM15_IRQHandler
 .text.HAL_Init
                0x0800122e       0x30 ./Drivers/STM32L4xx_HAL_Driver/Src/stm32l4xx_hal.o
                0x0800122e                HAL_Init
 *fill*         0x0800125e        0x2 
 .text.HAL_InitTick
                0x08001260       0x78 ./Drivers/STM32L4xx_HAL_Driver/Src/stm32l4xx_hal.o
                0x08001260                HAL_InitTick
 .text.HAL_IncTick
                0x080012d8       0x28 ./Drivers/STM32L4xx_HAL_Driver/Src/stm32l4xx_hal.o
                0x080012d8                HAL_IncTick
 .text.HAL_GetTick
                0x08001300       0x18 ./Drivers/STM32L4xx_HAL_Driver/Src/stm32l4xx_hal.o
                0x08001300                HAL_GetTick
 .text.HAL_Delay
                0x08001318       0x48 ./Drivers/STM32L4xx_HAL_Driver/Src/stm32l4xx_hal.o
                0x08001318                HAL_Delay
 .text.__NVIC_SetPriorityGrouping
                0x08001360       0x48 ./Drivers/STM32L4xx_HAL_Driver/Src/stm32l4xx_hal_cortex.o
 .text.__NVIC_GetPriorityGrouping
                0x080013a8       0x1c ./Drivers/STM32L4xx_HAL_Driver/Src/stm32l4xx_hal_cortex.o
 .text.__NVIC_SetPriority
                0x080013c4       0x54 ./Drivers/STM32L4xx_HAL_Driver/Src/stm32l4xx_hal_cortex.o
 .text.NVIC_EncodePriority
                0x08001418       0x66 ./Drivers/STM32L4xx_HAL_Driver/Src/stm32l4xx_hal_cortex.o
 *fill*         0x0800147e        0x2 
 .text.SysTick_Config
                0x08001480       0x44 ./Drivers/STM32L4xx_HAL_Driver/Src/stm32l4xx_hal_cortex.o
 .text.HAL_NVIC_SetPriorityGrouping
                0x080014c4       0x16 ./Drivers/STM32L4xx_HAL_Driver/Src/stm32l4xx_hal_cortex.o
                0x080014c4                HAL_NVIC_SetPriorityGrouping
 .text.HAL_NVIC_SetPriority
                0x080014da       0x38 ./Drivers/STM32L4xx_HAL_Driver/Src/stm32l4xx_hal_cortex.o
                0x080014da                HAL_NVIC_SetPriority
 .text.HAL_SYSTICK_Config
                0x08001512       0x18 ./Drivers/STM32L4xx_HAL_Driver/Src/stm32l4xx_hal_cortex.o
                0x08001512                HAL_SYSTICK_Config
 *fill*         0x0800152a        0x2 
 .text.HAL_GPIO_Init
                0x0800152c      0x324 ./Drivers/STM32L4xx_HAL_Driver/Src/stm32l4xx_hal_gpio.o
                0x0800152c                HAL_GPIO_Init
 .text.HAL_GPIO_WritePin
                0x08001850       0x30 ./Drivers/STM32L4xx_HAL_Driver/Src/stm32l4xx_hal_gpio.o
                0x08001850                HAL_GPIO_WritePin
 .text.HAL_PCD_Init
                0x08001880      0x248 ./Drivers/STM32L4xx_HAL_Driver/Src/stm32l4xx_hal_pcd.o
                0x08001880                HAL_PCD_Init
 .text.HAL_PCDEx_ActivateLPM
                0x08001ac8       0x48 ./Drivers/STM32L4xx_HAL_Driver/Src/stm32l4xx_hal_pcd_ex.o
                0x08001ac8                HAL_PCDEx_ActivateLPM
 .text.HAL_PWR_EnableBkUpAccess
                0x08001b10       0x20 ./Drivers/STM32L4xx_HAL_Driver/Src/stm32l4xx_hal_pwr.o
                0x08001b10                HAL_PWR_EnableBkUpAccess
 .text.HAL_PWREx_GetVoltageRange
                0x08001b30       0x1c ./Drivers/STM32L4xx_HAL_Driver/Src/stm32l4xx_hal_pwr_ex.o
                0x08001b30                HAL_PWREx_GetVoltageRange
 .text.HAL_PWREx_ControlVoltageScaling
                0x08001b4c       0xac ./Drivers/STM32L4xx_HAL_Driver/Src/stm32l4xx_hal_pwr_ex.o
                0x08001b4c                HAL_PWREx_ControlVoltageScaling
 .text.HAL_PWREx_EnableVddUSB
                0x08001bf8       0x20 ./Drivers/STM32L4xx_HAL_Driver/Src/stm32l4xx_hal_pwr_ex.o
                0x08001bf8                HAL_PWREx_EnableVddUSB
 .text.HAL_PWREx_EnableVddIO2
                0x08001c18       0x20 ./Drivers/STM32L4xx_HAL_Driver/Src/stm32l4xx_hal_pwr_ex.o
                0x08001c18                HAL_PWREx_EnableVddIO2
 .text.HAL_RCC_OscConfig
                0x08001c38      0x834 ./Drivers/STM32L4xx_HAL_Driver/Src/stm32l4xx_hal_rcc.o
                0x08001c38                HAL_RCC_OscConfig
 .text.HAL_RCC_ClockConfig
                0x0800246c      0x200 ./Drivers/STM32L4xx_HAL_Driver/Src/stm32l4xx_hal_rcc.o
                0x0800246c                HAL_RCC_ClockConfig
 .text.HAL_RCC_GetSysClockFreq
                0x0800266c      0x118 ./Drivers/STM32L4xx_HAL_Driver/Src/stm32l4xx_hal_rcc.o
                0x0800266c                HAL_RCC_GetSysClockFreq
 .text.HAL_RCC_GetHCLKFreq
                0x08002784       0x18 ./Drivers/STM32L4xx_HAL_Driver/Src/stm32l4xx_hal_rcc.o
                0x08002784                HAL_RCC_GetHCLKFreq
 .text.HAL_RCC_GetPCLK1Freq
                0x0800279c       0x2c ./Drivers/STM32L4xx_HAL_Driver/Src/stm32l4xx_hal_rcc.o
                0x0800279c                HAL_RCC_GetPCLK1Freq
 .text.HAL_RCC_GetPCLK2Freq
                0x080027c8       0x2c ./Drivers/STM32L4xx_HAL_Driver/Src/stm32l4xx_hal_rcc.o
                0x080027c8                HAL_RCC_GetPCLK2Freq
 .text.RCC_SetFlashLatencyFromMSIRange
                0x080027f4       0xc0 ./Drivers/STM32L4xx_HAL_Driver/Src/stm32l4xx_hal_rcc.o
 .text.HAL_RCCEx_PeriphCLKConfig
                0x080028b4      0x5f8 ./Drivers/STM32L4xx_HAL_Driver/Src/stm32l4xx_hal_rcc_ex.o
                0x080028b4                HAL_RCCEx_PeriphCLKConfig
 .text.HAL_RCCEx_EnableMSIPLLMode
                0x08002eac       0x20 ./Drivers/STM32L4xx_HAL_Driver/Src/stm32l4xx_hal_rcc_ex.o
                0x08002eac                HAL_RCCEx_EnableMSIPLLMode
 .text.RCCEx_PLLSAI1_Config
                0x08002ecc      0x1e4 ./Drivers/STM32L4xx_HAL_Driver/Src/stm32l4xx_hal_rcc_ex.o
 .text.RCCEx_PLLSAI2_Config
                0x080030b0      0x1b8 ./Drivers/STM32L4xx_HAL_Driver/Src/stm32l4xx_hal_rcc_ex.o
 .text.HAL_SPI_Init
                0x08003268      0x146 ./Drivers/STM32L4xx_HAL_Driver/Src/stm32l4xx_hal_spi.o
                0x08003268                HAL_SPI_Init
 .text.HAL_UART_Init
                0x080033ae       0x9c ./Drivers/STM32L4xx_HAL_Driver/Src/stm32l4xx_hal_uart.o
                0x080033ae                HAL_UART_Init
 *fill*         0x0800344a        0x2 
 .text.UART_SetConfig
                0x0800344c      0x570 ./Drivers/STM32L4xx_HAL_Driver/Src/stm32l4xx_hal_uart.o
                0x0800344c                UART_SetConfig
 .text.UART_AdvFeatureConfig
                0x080039bc      0x144 ./Drivers/STM32L4xx_HAL_Driver/Src/stm32l4xx_hal_uart.o
                0x080039bc                UART_AdvFeatureConfig
 .text.UART_CheckIdleState
                0x08003b00      0x150 ./Drivers/STM32L4xx_HAL_Driver/Src/stm32l4xx_hal_uart.o
                0x08003b00                UART_CheckIdleState
 .text.UART_WaitOnFlagUntilTimeout
                0x08003c50       0xce ./Drivers/STM32L4xx_HAL_Driver/Src/stm32l4xx_hal_uart.o
                0x08003c50                UART_WaitOnFlagUntilTimeout
 .text.UART_EndRxTransfer
                0x08003d1e       0xc8 ./Drivers/STM32L4xx_HAL_Driver/Src/stm32l4xx_hal_uart.o
 .text.USB_CoreInit
                0x08003de6       0x58 ./Drivers/STM32L4xx_HAL_Driver/Src/stm32l4xx_ll_usb.o
                0x08003de6                USB_CoreInit
 .text.USB_DisableGlobalInt
                0x08003e3e       0x22 ./Drivers/STM32L4xx_HAL_Driver/Src/stm32l4xx_ll_usb.o
                0x08003e3e                USB_DisableGlobalInt
 .text.USB_SetCurrentMode
                0x08003e60       0x98 ./Drivers/STM32L4xx_HAL_Driver/Src/stm32l4xx_ll_usb.o
                0x08003e60                USB_SetCurrentMode
 .text.USB_DevInit
                0x08003ef8      0x284 ./Drivers/STM32L4xx_HAL_Driver/Src/stm32l4xx_ll_usb.o
                0x08003ef8                USB_DevInit
 .text.USB_FlushTxFifo
                0x0800417c       0x68 ./Drivers/STM32L4xx_HAL_Driver/Src/stm32l4xx_ll_usb.o
                0x0800417c                USB_FlushTxFifo
 .text.USB_FlushRxFifo
                0x080041e4       0x60 ./Drivers/STM32L4xx_HAL_Driver/Src/stm32l4xx_ll_usb.o
                0x080041e4                USB_FlushRxFifo
 .text.USB_SetDevSpeed
                0x08004244       0x32 ./Drivers/STM32L4xx_HAL_Driver/Src/stm32l4xx_ll_usb.o
                0x08004244                USB_SetDevSpeed
 .text.USB_DevDisconnect
                0x08004276       0x42 ./Drivers/STM32L4xx_HAL_Driver/Src/stm32l4xx_ll_usb.o
                0x08004276                USB_DevDisconnect
 .text.USB_GetMode
                0x080042b8       0x1c ./Drivers/STM32L4xx_HAL_Driver/Src/stm32l4xx_ll_usb.o
                0x080042b8                USB_GetMode
 .text.USB_CoreReset
                0x080042d4       0x68 ./Drivers/STM32L4xx_HAL_Driver/Src/stm32l4xx_ll_usb.o
 .text.memset   0x0800433c       0x10 C:/ST/STM32CubeIDE_1.15.0/STM32CubeIDE/plugins/com.st.stm32cube.ide.mcu.externaltools.gnu-tools-for-stm32.12.3.rel1.win32_1.0.100.202403111256/tools/bin/../lib/gcc/arm-none-eabi/12.3.1/../../../../arm-none-eabi/lib/thumb/v7e-m+fp/hard\libc_nano.a(libc_a-memset.o)
                0x0800433c                memset
 .text.__libc_init_array
                0x0800434c       0x48 C:/ST/STM32CubeIDE_1.15.0/STM32CubeIDE/plugins/com.st.stm32cube.ide.mcu.externaltools.gnu-tools-for-stm32.12.3.rel1.win32_1.0.100.202403111256/tools/bin/../lib/gcc/arm-none-eabi/12.3.1/../../../../arm-none-eabi/lib/thumb/v7e-m+fp/hard\libc_nano.a(libc_a-init.o)
                0x0800434c                __libc_init_array
 *(.glue_7)
 .glue_7        0x08004394        0x0 linker stubs
 *(.glue_7t)
 .glue_7t       0x08004394        0x0 linker stubs
 *(.eh_frame)
 .eh_frame      0x08004394        0x0 C:/ST/STM32CubeIDE_1.15.0/STM32CubeIDE/plugins/com.st.stm32cube.ide.mcu.externaltools.gnu-tools-for-stm32.12.3.rel1.win32_1.0.100.202403111256/tools/bin/../lib/gcc/arm-none-eabi/12.3.1/thumb/v7e-m+fp/hard/crtbegin.o
 *(.init)
 .init          0x08004394        0x4 C:/ST/STM32CubeIDE_1.15.0/STM32CubeIDE/plugins/com.st.stm32cube.ide.mcu.externaltools.gnu-tools-for-stm32.12.3.rel1.win32_1.0.100.202403111256/tools/bin/../lib/gcc/arm-none-eabi/12.3.1/thumb/v7e-m+fp/hard/crti.o
                0x08004394                _init
 .init          0x08004398        0x8 C:/ST/STM32CubeIDE_1.15.0/STM32CubeIDE/plugins/com.st.stm32cube.ide.mcu.externaltools.gnu-tools-for-stm32.12.3.rel1.win32_1.0.100.202403111256/tools/bin/../lib/gcc/arm-none-eabi/12.3.1/thumb/v7e-m+fp/hard/crtn.o
 *(.fini)
 .fini          0x080043a0        0x4 C:/ST/STM32CubeIDE_1.15.0/STM32CubeIDE/plugins/com.st.stm32cube.ide.mcu.externaltools.gnu-tools-for-stm32.12.3.rel1.win32_1.0.100.202403111256/tools/bin/../lib/gcc/arm-none-eabi/12.3.1/thumb/v7e-m+fp/hard/crti.o
                0x080043a0                _fini
 .fini          0x080043a4        0x8 C:/ST/STM32CubeIDE_1.15.0/STM32CubeIDE/plugins/com.st.stm32cube.ide.mcu.externaltools.gnu-tools-for-stm32.12.3.rel1.win32_1.0.100.202403111256/tools/bin/../lib/gcc/arm-none-eabi/12.3.1/thumb/v7e-m+fp/hard/crtn.o
                0x080043ac                        . = ALIGN (0x4)
                0x080043ac                        _etext = .

.vfp11_veneer   0x080043ac        0x0
 .vfp11_veneer  0x080043ac        0x0 linker stubs

.v4_bx          0x080043ac        0x0
 .v4_bx         0x080043ac        0x0 linker stubs

.iplt           0x080043ac        0x0
 .iplt          0x080043ac        0x0 C:/ST/STM32CubeIDE_1.15.0/STM32CubeIDE/plugins/com.st.stm32cube.ide.mcu.externaltools.gnu-tools-for-stm32.12.3.rel1.win32_1.0.100.202403111256/tools/bin/../lib/gcc/arm-none-eabi/12.3.1/thumb/v7e-m+fp/hard/crtbegin.o

.rodata         0x080043ac       0x48
                0x080043ac                        . = ALIGN (0x4)
 *(.rodata)
 *(.rodata*)
 .rodata.AHBPrescTable
                0x080043ac       0x10 ./Core/Src/system_stm32l4xx.o
                0x080043ac                AHBPrescTable
 .rodata.APBPrescTable
                0x080043bc        0x8 ./Core/Src/system_stm32l4xx.o
                0x080043bc                APBPrescTable
 .rodata.MSIRangeTable
                0x080043c4       0x30 ./Core/Src/system_stm32l4xx.o
                0x080043c4                MSIRangeTable
                0x080043f4                        . = ALIGN (0x4)

.ARM.extab      0x080043f4        0x0
                0x080043f4                        . = ALIGN (0x4)
 *(.ARM.extab* .gnu.linkonce.armextab.*)
                0x080043f4                        . = ALIGN (0x4)

.ARM            0x080043f4        0x8
                0x080043f4                        . = ALIGN (0x4)
                0x080043f4                        __exidx_start = .
 *(.ARM.exidx*)
 .ARM.exidx     0x080043f4        0x8 C:/ST/STM32CubeIDE_1.15.0/STM32CubeIDE/plugins/com.st.stm32cube.ide.mcu.externaltools.gnu-tools-for-stm32.12.3.rel1.win32_1.0.100.202403111256/tools/bin/../lib/gcc/arm-none-eabi/12.3.1/thumb/v7e-m+fp/hard\libgcc.a(_udivmoddi4.o)
                0x080043fc                        __exidx_end = .
                0x080043fc                        . = ALIGN (0x4)

.preinit_array  0x080043fc        0x0
                0x080043fc                        . = ALIGN (0x4)
                0x080043fc                        PROVIDE (__preinit_array_start = .)
 *(.preinit_array*)
                0x080043fc                        PROVIDE (__preinit_array_end = .)
                0x080043fc                        . = ALIGN (0x4)

.init_array     0x080043fc        0x4
                0x080043fc                        . = ALIGN (0x4)
                0x080043fc                        PROVIDE (__init_array_start = .)
 *(SORT_BY_NAME(.init_array.*))
 *(.init_array*)
 .init_array    0x080043fc        0x4 C:/ST/STM32CubeIDE_1.15.0/STM32CubeIDE/plugins/com.st.stm32cube.ide.mcu.externaltools.gnu-tools-for-stm32.12.3.rel1.win32_1.0.100.202403111256/tools/bin/../lib/gcc/arm-none-eabi/12.3.1/thumb/v7e-m+fp/hard/crtbegin.o
                0x08004400                        PROVIDE (__init_array_end = .)
                0x08004400                        . = ALIGN (0x4)

.fini_array     0x08004400        0x4
                0x08004400                        . = ALIGN (0x4)
                [!provide]                        PROVIDE (__fini_array_start = .)
 *(SORT_BY_NAME(.fini_array.*))
 *(.fini_array*)
 .fini_array    0x08004400        0x4 C:/ST/STM32CubeIDE_1.15.0/STM32CubeIDE/plugins/com.st.stm32cube.ide.mcu.externaltools.gnu-tools-for-stm32.12.3.rel1.win32_1.0.100.202403111256/tools/bin/../lib/gcc/arm-none-eabi/12.3.1/thumb/v7e-m+fp/hard/crtbegin.o
                [!provide]                        PROVIDE (__fini_array_end = .)
                0x08004404                        . = ALIGN (0x4)
                0x08004404                        _sidata = LOADADDR (.data)

.rel.dyn        0x08004404        0x0
 .rel.iplt      0x08004404        0x0 C:/ST/STM32CubeIDE_1.15.0/STM32CubeIDE/plugins/com.st.stm32cube.ide.mcu.externaltools.gnu-tools-for-stm32.12.3.rel1.win32_1.0.100.202403111256/tools/bin/../lib/gcc/arm-none-eabi/12.3.1/thumb/v7e-m+fp/hard/crtbegin.o

.data           0x20000000        0xc load address 0x08004404
                0x20000000                        . = ALIGN (0x4)
                0x20000000                        _sdata = .
 *(.data)
 *(.data*)
 .data.SystemCoreClock
                0x20000000        0x4 ./Core/Src/system_stm32l4xx.o
                0x20000000                SystemCoreClock
 .data.uwTickPrio
                0x20000004        0x4 ./Drivers/STM32L4xx_HAL_Driver/Src/stm32l4xx_hal.o
                0x20000004                uwTickPrio
 .data.uwTickFreq
                0x20000008        0x1 ./Drivers/STM32L4xx_HAL_Driver/Src/stm32l4xx_hal.o
                0x20000008                uwTickFreq
 *(.RamFunc)
 *(.RamFunc*)
                0x2000000c                        . = ALIGN (0x4)
 *fill*         0x20000009        0x3 
                0x2000000c                        _edata = .

.igot.plt       0x2000000c        0x0 load address 0x08004410
 .igot.plt      0x2000000c        0x0 C:/ST/STM32CubeIDE_1.15.0/STM32CubeIDE/plugins/com.st.stm32cube.ide.mcu.externaltools.gnu-tools-for-stm32.12.3.rel1.win32_1.0.100.202403111256/tools/bin/../lib/gcc/arm-none-eabi/12.3.1/thumb/v7e-m+fp/hard/crtbegin.o
                0x2000000c                        . = ALIGN (0x4)

.bss            0x2000000c      0xa1c load address 0x08004410
                0x2000000c                        _sbss = .
                0x2000000c                        __bss_start__ = _sbss
 *(.bss)
 .bss           0x2000000c       0x1c C:/ST/STM32CubeIDE_1.15.0/STM32CubeIDE/plugins/com.st.stm32cube.ide.mcu.externaltools.gnu-tools-for-stm32.12.3.rel1.win32_1.0.100.202403111256/tools/bin/../lib/gcc/arm-none-eabi/12.3.1/thumb/v7e-m+fp/hard/crtbegin.o
 *(.bss*)
 .bss.glcd_buffer
                0x20000028      0x400 ./Core/Src/glcd.o
                0x20000028                glcd_buffer
 .bss.glcd_flipped
                0x20000428        0x1 ./Core/Src/glcd.o
                0x20000428                glcd_flipped
 *fill*         0x20000429        0x3 
 .bss.hlpuart1  0x2000042c       0x88 ./Core/Src/main.o
                0x2000042c                hlpuart1
 .bss.hspi1     0x200004b4       0x64 ./Core/Src/main.o
                0x200004b4                hspi1
 .bss.hpcd_USB_OTG_FS
                0x20000518      0x50c ./Core/Src/main.o
                0x20000518                hpcd_USB_OTG_FS
 .bss.uwTick    0x20000a24        0x4 ./Drivers/STM32L4xx_HAL_Driver/Src/stm32l4xx_hal.o
                0x20000a24                uwTick
 *(COMMON)
                0x20000a28                        . = ALIGN (0x4)
                0x20000a28                        _ebss = .
                0x20000a28                        __bss_end__ = _ebss

._user_heap_stack
                0x20000a28      0x600 load address 0x08004410
                0x20000a28                        . = ALIGN (0x8)
                [!provide]                        PROVIDE (end = .)
                0x20000a28                        PROVIDE (_end = .)
                0x20000c28                        . = (. + _Min_Heap_Size)
 *fill*         0x20000a28      0x200 
                0x20001028                        . = (. + _Min_Stack_Size)
 *fill*         0x20000c28      0x400 
                0x20001028                        . = ALIGN (0x8)

/DISCARD/
 libc.a(*)
 libm.a(*)
 libgcc.a(*)

.ARM.attributes
                0x00000000       0x30
 *(.ARM.attributes)
 .ARM.attributes
                0x00000000       0x22 C:/ST/STM32CubeIDE_1.15.0/STM32CubeIDE/plugins/com.st.stm32cube.ide.mcu.externaltools.gnu-tools-for-stm32.12.3.rel1.win32_1.0.100.202403111256/tools/bin/../lib/gcc/arm-none-eabi/12.3.1/thumb/v7e-m+fp/hard/crti.o
 .ARM.attributes
                0x00000022       0x34 C:/ST/STM32CubeIDE_1.15.0/STM32CubeIDE/plugins/com.st.stm32cube.ide.mcu.externaltools.gnu-tools-for-stm32.12.3.rel1.win32_1.0.100.202403111256/tools/bin/../lib/gcc/arm-none-eabi/12.3.1/thumb/v7e-m+fp/hard/crtbegin.o
 .ARM.attributes
                0x00000056       0x34 ./Core/Src/glcd.o
 .ARM.attributes
                0x0000008a       0x34 ./Core/Src/graphics.o
 .ARM.attributes
                0x000000be       0x34 ./Core/Src/main.o
 .ARM.attributes
                0x000000f2       0x34 ./Core/Src/stm32l4xx_hal_msp.o
 .ARM.attributes
                0x00000126       0x34 ./Core/Src/stm32l4xx_it.o
 .ARM.attributes
                0x0000015a       0x34 ./Core/Src/system_stm32l4xx.o
 .ARM.attributes
                0x0000018e       0x21 ./Core/Startup/startup_stm32l496zgtx.o
 .ARM.attributes
                0x000001af       0x34 ./Drivers/STM32L4xx_HAL_Driver/Src/stm32l4xx_hal.o
 .ARM.attributes
                0x000001e3       0x34 ./Drivers/STM32L4xx_HAL_Driver/Src/stm32l4xx_hal_cortex.o
 .ARM.attributes
                0x00000217       0x34 ./Drivers/STM32L4xx_HAL_Driver/Src/stm32l4xx_hal_gpio.o
 .ARM.attributes
                0x0000024b       0x34 ./Drivers/STM32L4xx_HAL_Driver/Src/stm32l4xx_hal_pcd.o
 .ARM.attributes
                0x0000027f       0x34 ./Drivers/STM32L4xx_HAL_Driver/Src/stm32l4xx_hal_pcd_ex.o
 .ARM.attributes
                0x000002b3       0x34 ./Drivers/STM32L4xx_HAL_Driver/Src/stm32l4xx_hal_pwr.o
 .ARM.attributes
                0x000002e7       0x34 ./Drivers/STM32L4xx_HAL_Driver/Src/stm32l4xx_hal_pwr_ex.o
 .ARM.attributes
                0x0000031b       0x34 ./Drivers/STM32L4xx_HAL_Driver/Src/stm32l4xx_hal_rcc.o
 .ARM.attributes
                0x0000034f       0x34 ./Drivers/STM32L4xx_HAL_Driver/Src/stm32l4xx_hal_rcc_ex.o
 .ARM.attributes
                0x00000383       0x34 ./Drivers/STM32L4xx_HAL_Driver/Src/stm32l4xx_hal_spi.o
 .ARM.attributes
                0x000003b7       0x34 ./Drivers/STM32L4xx_HAL_Driver/Src/stm32l4xx_hal_uart.o
 .ARM.attributes
                0x000003eb       0x34 ./Drivers/STM32L4xx_HAL_Driver/Src/stm32l4xx_ll_usb.o
 .ARM.attributes
                0x0000041f       0x34 C:/ST/STM32CubeIDE_1.15.0/STM32CubeIDE/plugins/com.st.stm32cube.ide.mcu.externaltools.gnu-tools-for-stm32.12.3.rel1.win32_1.0.100.202403111256/tools/bin/../lib/gcc/arm-none-eabi/12.3.1/../../../../arm-none-eabi/lib/thumb/v7e-m+fp/hard\libc_nano.a(libc_a-memset.o)
 .ARM.attributes
                0x00000453       0x34 C:/ST/STM32CubeIDE_1.15.0/STM32CubeIDE/plugins/com.st.stm32cube.ide.mcu.externaltools.gnu-tools-for-stm32.12.3.rel1.win32_1.0.100.202403111256/tools/bin/../lib/gcc/arm-none-eabi/12.3.1/../../../../arm-none-eabi/lib/thumb/v7e-m+fp/hard\libc_nano.a(libc_a-init.o)
 .ARM.attributes
                0x00000487       0x22 C:/ST/STM32CubeIDE_1.15.0/STM32CubeIDE/plugins/com.st.stm32cube.ide.mcu.externaltools.gnu-tools-for-stm32.12.3.rel1.win32_1.0.100.202403111256/tools/bin/../lib/gcc/arm-none-eabi/12.3.1/thumb/v7e-m+fp/hard\libgcc.a(_aeabi_uldivmod.o)
 .ARM.attributes
                0x000004a9       0x34 C:/ST/STM32CubeIDE_1.15.0/STM32CubeIDE/plugins/com.st.stm32cube.ide.mcu.externaltools.gnu-tools-for-stm32.12.3.rel1.win32_1.0.100.202403111256/tools/bin/../lib/gcc/arm-none-eabi/12.3.1/thumb/v7e-m+fp/hard\libgcc.a(_udivmoddi4.o)
 .ARM.attributes
                0x000004dd       0x22 C:/ST/STM32CubeIDE_1.15.0/STM32CubeIDE/plugins/com.st.stm32cube.ide.mcu.externaltools.gnu-tools-for-stm32.12.3.rel1.win32_1.0.100.202403111256/tools/bin/../lib/gcc/arm-none-eabi/12.3.1/thumb/v7e-m+fp/hard\libgcc.a(_dvmd_tls.o)
 .ARM.attributes
                0x000004ff       0x22 C:/ST/STM32CubeIDE_1.15.0/STM32CubeIDE/plugins/com.st.stm32cube.ide.mcu.externaltools.gnu-tools-for-stm32.12.3.rel1.win32_1.0.100.202403111256/tools/bin/../lib/gcc/arm-none-eabi/12.3.1/thumb/v7e-m+fp/hard/crtn.o
OUTPUT(DASH_DUMMY.elf elf32-littlearm)
LOAD linker stubs
LOAD C:/ST/STM32CubeIDE_1.15.0/STM32CubeIDE/plugins/com.st.stm32cube.ide.mcu.externaltools.gnu-tools-for-stm32.12.3.rel1.win32_1.0.100.202403111256/tools/bin/../lib/gcc/arm-none-eabi/12.3.1/../../../../arm-none-eabi/lib/thumb/v7e-m+fp/hard\libc.a
LOAD C:/ST/STM32CubeIDE_1.15.0/STM32CubeIDE/plugins/com.st.stm32cube.ide.mcu.externaltools.gnu-tools-for-stm32.12.3.rel1.win32_1.0.100.202403111256/tools/bin/../lib/gcc/arm-none-eabi/12.3.1/../../../../arm-none-eabi/lib/thumb/v7e-m+fp/hard\libm.a
LOAD C:/ST/STM32CubeIDE_1.15.0/STM32CubeIDE/plugins/com.st.stm32cube.ide.mcu.externaltools.gnu-tools-for-stm32.12.3.rel1.win32_1.0.100.202403111256/tools/bin/../lib/gcc/arm-none-eabi/12.3.1/thumb/v7e-m+fp/hard\libgcc.a

.debug_info     0x00000000    0x11631
 .debug_info    0x00000000      0x447 ./Core/Src/glcd.o
 .debug_info    0x00000447      0x5d1 ./Core/Src/graphics.o
 .debug_info    0x00000a18     0x1640 ./Core/Src/main.o
 .debug_info    0x00002058     0x162f ./Core/Src/stm32l4xx_hal_msp.o
 .debug_info    0x00003687      0x113 ./Core/Src/stm32l4xx_it.o
 .debug_info    0x0000379a      0x5cd ./Core/Src/system_stm32l4xx.o
 .debug_info    0x00003d67       0x30 ./Core/Startup/startup_stm32l496zgtx.o
 .debug_info    0x00003d97      0xb4b ./Drivers/STM32L4xx_HAL_Driver/Src/stm32l4xx_hal.o
 .debug_info    0x000048e2      0xd82 ./Drivers/STM32L4xx_HAL_Driver/Src/stm32l4xx_hal_cortex.o
 .debug_info    0x00005664      0x76f ./Drivers/STM32L4xx_HAL_Driver/Src/stm32l4xx_hal_gpio.o
 .debug_info    0x00005dd3     0x14c8 ./Drivers/STM32L4xx_HAL_Driver/Src/stm32l4xx_hal_pcd.o
 .debug_info    0x0000729b      0x89e ./Drivers/STM32L4xx_HAL_Driver/Src/stm32l4xx_hal_pcd_ex.o
 .debug_info    0x00007b39      0x956 ./Drivers/STM32L4xx_HAL_Driver/Src/stm32l4xx_hal_pwr.o
 .debug_info    0x0000848f      0x996 ./Drivers/STM32L4xx_HAL_Driver/Src/stm32l4xx_hal_pwr_ex.o
 .debug_info    0x00008e25      0xc3b ./Drivers/STM32L4xx_HAL_Driver/Src/stm32l4xx_hal_rcc.o
 .debug_info    0x00009a60     0x10c1 ./Drivers/STM32L4xx_HAL_Driver/Src/stm32l4xx_hal_rcc_ex.o
 .debug_info    0x0000ab21     0x161a ./Drivers/STM32L4xx_HAL_Driver/Src/stm32l4xx_hal_spi.o
 .debug_info    0x0000c13b     0x3b85 ./Drivers/STM32L4xx_HAL_Driver/Src/stm32l4xx_hal_uart.o
 .debug_info    0x0000fcc0     0x1971 ./Drivers/STM32L4xx_HAL_Driver/Src/stm32l4xx_ll_usb.o

.debug_abbrev   0x00000000     0x288b
 .debug_abbrev  0x00000000      0x22a ./Core/Src/glcd.o
 .debug_abbrev  0x0000022a      0x1bb ./Core/Src/graphics.o
 .debug_abbrev  0x000003e5      0x30c ./Core/Src/main.o
 .debug_abbrev  0x000006f1      0x268 ./Core/Src/stm32l4xx_hal_msp.o
 .debug_abbrev  0x00000959       0x73 ./Core/Src/stm32l4xx_it.o
 .debug_abbrev  0x000009cc      0x11a ./Core/Src/system_stm32l4xx.o
 .debug_abbrev  0x00000ae6       0x24 ./Core/Startup/startup_stm32l496zgtx.o
 .debug_abbrev  0x00000b0a      0x242 ./Drivers/STM32L4xx_HAL_Driver/Src/stm32l4xx_hal.o
 .debug_abbrev  0x00000d4c      0x327 ./Drivers/STM32L4xx_HAL_Driver/Src/stm32l4xx_hal_cortex.o
 .debug_abbrev  0x00001073      0x1cb ./Drivers/STM32L4xx_HAL_Driver/Src/stm32l4xx_hal_gpio.o
 .debug_abbrev  0x0000123e      0x2cf ./Drivers/STM32L4xx_HAL_Driver/Src/stm32l4xx_hal_pcd.o
 .debug_abbrev  0x0000150d      0x256 ./Drivers/STM32L4xx_HAL_Driver/Src/stm32l4xx_hal_pcd_ex.o
 .debug_abbrev  0x00001763      0x1d4 ./Drivers/STM32L4xx_HAL_Driver/Src/stm32l4xx_hal_pwr.o
 .debug_abbrev  0x00001937      0x1f9 ./Drivers/STM32L4xx_HAL_Driver/Src/stm32l4xx_hal_pwr_ex.o
 .debug_abbrev  0x00001b30      0x2cb ./Drivers/STM32L4xx_HAL_Driver/Src/stm32l4xx_hal_rcc.o
 .debug_abbrev  0x00001dfb      0x2a3 ./Drivers/STM32L4xx_HAL_Driver/Src/stm32l4xx_hal_rcc_ex.o
 .debug_abbrev  0x0000209e      0x26a ./Drivers/STM32L4xx_HAL_Driver/Src/stm32l4xx_hal_spi.o
 .debug_abbrev  0x00002308      0x2d0 ./Drivers/STM32L4xx_HAL_Driver/Src/stm32l4xx_hal_uart.o
 .debug_abbrev  0x000025d8      0x2b3 ./Drivers/STM32L4xx_HAL_Driver/Src/stm32l4xx_ll_usb.o

.debug_aranges  0x00000000      0xf88
 .debug_aranges
                0x00000000       0x70 ./Core/Src/glcd.o
 .debug_aranges
                0x00000070       0x70 ./Core/Src/graphics.o
 .debug_aranges
                0x000000e0       0x50 ./Core/Src/main.o
 .debug_aranges
                0x00000130       0x50 ./Core/Src/stm32l4xx_hal_msp.o
 .debug_aranges
                0x00000180       0x60 ./Core/Src/stm32l4xx_it.o
 .debug_aranges
                0x000001e0       0x28 ./Core/Src/system_stm32l4xx.o
 .debug_aranges
                0x00000208       0x28 ./Core/Startup/startup_stm32l496zgtx.o
 .debug_aranges
                0x00000230      0x130 ./Drivers/STM32L4xx_HAL_Driver/Src/stm32l4xx_hal.o
 .debug_aranges
                0x00000360      0x118 ./Drivers/STM32L4xx_HAL_Driver/Src/stm32l4xx_hal_cortex.o
 .debug_aranges
                0x00000478       0x58 ./Drivers/STM32L4xx_HAL_Driver/Src/stm32l4xx_hal_gpio.o
 .debug_aranges
                0x000004d0      0x138 ./Drivers/STM32L4xx_HAL_Driver/Src/stm32l4xx_hal_pcd.o
 .debug_aranges
                0x00000608       0x60 ./Drivers/STM32L4xx_HAL_Driver/Src/stm32l4xx_hal_pcd_ex.o
 .debug_aranges
                0x00000668       0x98 ./Drivers/STM32L4xx_HAL_Driver/Src/stm32l4xx_hal_pwr.o
 .debug_aranges
                0x00000700      0x150 ./Drivers/STM32L4xx_HAL_Driver/Src/stm32l4xx_hal_pwr_ex.o
 .debug_aranges
                0x00000850       0x90 ./Drivers/STM32L4xx_HAL_Driver/Src/stm32l4xx_hal_rcc.o
 .debug_aranges
                0x000008e0      0x108 ./Drivers/STM32L4xx_HAL_Driver/Src/stm32l4xx_hal_rcc_ex.o
 .debug_aranges
                0x000009e8      0x1d8 ./Drivers/STM32L4xx_HAL_Driver/Src/stm32l4xx_hal_spi.o
 .debug_aranges
                0x00000bc0      0x228 ./Drivers/STM32L4xx_HAL_Driver/Src/stm32l4xx_hal_uart.o
 .debug_aranges
                0x00000de8      0x1a0 ./Drivers/STM32L4xx_HAL_Driver/Src/stm32l4xx_ll_usb.o

.debug_rnglists
                0x00000000      0xbf3
 .debug_rnglists
                0x00000000       0x56 ./Core/Src/glcd.o
 .debug_rnglists
                0x00000056       0x57 ./Core/Src/graphics.o
 .debug_rnglists
                0x000000ad       0x39 ./Core/Src/main.o
 .debug_rnglists
                0x000000e6       0x3a ./Core/Src/stm32l4xx_hal_msp.o
 .debug_rnglists
                0x00000120       0x43 ./Core/Src/stm32l4xx_it.o
 .debug_rnglists
                0x00000163       0x1a ./Core/Src/system_stm32l4xx.o
 .debug_rnglists
                0x0000017d       0x19 ./Core/Startup/startup_stm32l496zgtx.o
 .debug_rnglists
                0x00000196       0xdf ./Drivers/STM32L4xx_HAL_Driver/Src/stm32l4xx_hal.o
 .debug_rnglists
                0x00000275       0xce ./Drivers/STM32L4xx_HAL_Driver/Src/stm32l4xx_hal_cortex.o
 .debug_rnglists
                0x00000343       0x3f ./Drivers/STM32L4xx_HAL_Driver/Src/stm32l4xx_hal_gpio.o
 .debug_rnglists
                0x00000382       0xed ./Drivers/STM32L4xx_HAL_Driver/Src/stm32l4xx_hal_pcd.o
 .debug_rnglists
                0x0000046f       0x45 ./Drivers/STM32L4xx_HAL_Driver/Src/stm32l4xx_hal_pcd_ex.o
 .debug_rnglists
                0x000004b4       0x6e ./Drivers/STM32L4xx_HAL_Driver/Src/stm32l4xx_hal_pwr.o
 .debug_rnglists
                0x00000522       0xfd ./Drivers/STM32L4xx_HAL_Driver/Src/stm32l4xx_hal_pwr_ex.o
 .debug_rnglists
                0x0000061f       0x6d ./Drivers/STM32L4xx_HAL_Driver/Src/stm32l4xx_hal_rcc.o
 .debug_rnglists
                0x0000068c       0xce ./Drivers/STM32L4xx_HAL_Driver/Src/stm32l4xx_hal_rcc_ex.o
 .debug_rnglists
                0x0000075a      0x178 ./Drivers/STM32L4xx_HAL_Driver/Src/stm32l4xx_hal_spi.o
 .debug_rnglists
                0x000008d2      0x1db ./Drivers/STM32L4xx_HAL_Driver/Src/stm32l4xx_hal_uart.o
 .debug_rnglists
                0x00000aad      0x146 ./Drivers/STM32L4xx_HAL_Driver/Src/stm32l4xx_ll_usb.o

.debug_macro    0x00000000    0x296e8
 .debug_macro   0x00000000      0x1f4 ./Core/Src/glcd.o
 .debug_macro   0x000001f4      0xab4 ./Core/Src/glcd.o
 .debug_macro   0x00000ca8      0x1ad ./Core/Src/glcd.o
 .debug_macro   0x00000e55       0x2e ./Core/Src/glcd.o
 .debug_macro   0x00000e83       0x28 ./Core/Src/glcd.o
 .debug_macro   0x00000eab       0x22 ./Core/Src/glcd.o
 .debug_macro   0x00000ecd       0x8e ./Core/Src/glcd.o
 .debug_macro   0x00000f5b       0x51 ./Core/Src/glcd.o
 .debug_macro   0x00000fac      0x103 ./Core/Src/glcd.o
 .debug_macro   0x000010af       0x6a ./Core/Src/glcd.o
 .debug_macro   0x00001119      0x1df ./Core/Src/glcd.o
 .debug_macro   0x000012f8       0x1c ./Core/Src/glcd.o
 .debug_macro   0x00001314       0x22 ./Core/Src/glcd.o
 .debug_macro   0x00001336       0xfb ./Core/Src/glcd.o
 .debug_macro   0x00001431     0x1011 ./Core/Src/glcd.o
 .debug_macro   0x00002442      0x11f ./Core/Src/glcd.o
 .debug_macro   0x00002561    0x1c1e2 ./Core/Src/glcd.o
 .debug_macro   0x0001e743       0x6d ./Core/Src/glcd.o
 .debug_macro   0x0001e7b0     0x38e6 ./Core/Src/glcd.o
 .debug_macro   0x00022096      0x189 ./Core/Src/glcd.o
 .debug_macro   0x0002221f       0x5c ./Core/Src/glcd.o
 .debug_macro   0x0002227b     0x187d ./Core/Src/glcd.o
 .debug_macro   0x00023af8      0x773 ./Core/Src/glcd.o
 .debug_macro   0x0002426b      0x1b9 ./Core/Src/glcd.o
 .debug_macro   0x00024424      0x202 ./Core/Src/glcd.o
 .debug_macro   0x00024626      0x26b ./Core/Src/glcd.o
 .debug_macro   0x00024891      0x23d ./Core/Src/glcd.o
 .debug_macro   0x00024ace      0x241 ./Core/Src/glcd.o
 .debug_macro   0x00024d0f      0x3ad ./Core/Src/glcd.o
 .debug_macro   0x000250bc       0xe4 ./Core/Src/glcd.o
 .debug_macro   0x000251a0      0x209 ./Core/Src/glcd.o
 .debug_macro   0x000253a9       0x97 ./Core/Src/glcd.o
 .debug_macro   0x00025440      0x122 ./Core/Src/glcd.o
 .debug_macro   0x00025562      0x3ef ./Core/Src/glcd.o
 .debug_macro   0x00025951      0x2fe ./Core/Src/glcd.o
 .debug_macro   0x00025c4f      0x5cf ./Core/Src/glcd.o
 .debug_macro   0x0002621e       0x44 ./Core/Src/glcd.o
 .debug_macro   0x00026262      0x433 ./Core/Src/glcd.o
 .debug_macro   0x00026695      0x118 ./Core/Src/glcd.o
 .debug_macro   0x000267ad      0x2c9 ./Core/Src/graphics.o
 .debug_macro   0x00026a76       0x3a ./Core/Src/graphics.o
 .debug_macro   0x00026ab0       0x2a ./Core/Src/graphics.o
 .debug_macro   0x00026ada       0x61 ./Core/Src/graphics.o
 .debug_macro   0x00026b3b       0x43 ./Core/Src/graphics.o
 .debug_macro   0x00026b7e       0x34 ./Core/Src/graphics.o
 .debug_macro   0x00026bb2       0x16 ./Core/Src/graphics.o
 .debug_macro   0x00026bc8       0x35 ./Core/Src/graphics.o
 .debug_macro   0x00026bfd       0x16 ./Core/Src/graphics.o
 .debug_macro   0x00026c13       0x43 ./Core/Src/graphics.o
 .debug_macro   0x00026c56       0x34 ./Core/Src/graphics.o
 .debug_macro   0x00026c8a       0x10 ./Core/Src/graphics.o
 .debug_macro   0x00026c9a       0x58 ./Core/Src/graphics.o
 .debug_macro   0x00026cf2       0x8e ./Core/Src/graphics.o
 .debug_macro   0x00026d80       0x1c ./Core/Src/graphics.o
 .debug_macro   0x00026d9c      0x177 ./Core/Src/graphics.o
 .debug_macro   0x00026f13      0x369 ./Core/Src/graphics.o
 .debug_macro   0x0002727c       0x16 ./Core/Src/graphics.o
 .debug_macro   0x00027292       0x29 ./Core/Src/graphics.o
 .debug_macro   0x000272bb      0x2de ./Core/Src/main.o
 .debug_macro   0x00027599       0xb8 ./Core/Src/main.o
 .debug_macro   0x00027651       0x16 ./Core/Src/main.o
 .debug_macro   0x00027667       0x10 ./Core/Src/main.o
 .debug_macro   0x00027677       0x16 ./Core/Src/main.o
 .debug_macro   0x0002768d       0x16 ./Core/Src/main.o
 .debug_macro   0x000276a3      0x146 ./Core/Src/main.o
 .debug_macro   0x000277e9      0x11e ./Core/Src/main.o
 .debug_macro   0x00027907      0x1f4 ./Core/Src/stm32l4xx_hal_msp.o
 .debug_macro   0x00027afb      0x1fe ./Core/Src/stm32l4xx_it.o
 .debug_macro   0x00027cf9      0x1e5 ./Core/Src/system_stm32l4xx.o
 .debug_macro   0x00027ede      0x233 ./Drivers/STM32L4xx_HAL_Driver/Src/stm32l4xx_hal.o
 .debug_macro   0x00028111      0x1e5 ./Drivers/STM32L4xx_HAL_Driver/Src/stm32l4xx_hal_cortex.o
 .debug_macro   0x000282f6      0x1ec ./Drivers/STM32L4xx_HAL_Driver/Src/stm32l4xx_hal_gpio.o
 .debug_macro   0x000284e2      0x1f1 ./Drivers/STM32L4xx_HAL_Driver/Src/stm32l4xx_hal_pcd.o
 .debug_macro   0x000286d3      0x1e5 ./Drivers/STM32L4xx_HAL_Driver/Src/stm32l4xx_hal_pcd_ex.o
 .debug_macro   0x000288b8      0x1fd ./Drivers/STM32L4xx_HAL_Driver/Src/stm32l4xx_hal_pwr.o
 .debug_macro   0x00028ab5      0x20f ./Drivers/STM32L4xx_HAL_Driver/Src/stm32l4xx_hal_pwr_ex.o
 .debug_macro   0x00028cc4      0x227 ./Drivers/STM32L4xx_HAL_Driver/Src/stm32l4xx_hal_rcc.o
 .debug_macro   0x00028eeb      0x21b ./Drivers/STM32L4xx_HAL_Driver/Src/stm32l4xx_hal_rcc_ex.o
 .debug_macro   0x00029106      0x1ed ./Drivers/STM32L4xx_HAL_Driver/Src/stm32l4xx_hal_spi.o
 .debug_macro   0x000292f3      0x210 ./Drivers/STM32L4xx_HAL_Driver/Src/stm32l4xx_hal_uart.o
 .debug_macro   0x00029503      0x1e5 ./Drivers/STM32L4xx_HAL_Driver/Src/stm32l4xx_ll_usb.o

.debug_line     0x00000000    0x12b4e
 .debug_line    0x00000000      0xa94 ./Core/Src/glcd.o
 .debug_line    0x00000a94      0xcc2 ./Core/Src/graphics.o
 .debug_line    0x00001756      0xab2 ./Core/Src/main.o
 .debug_line    0x00002208      0x8e5 ./Core/Src/stm32l4xx_hal_msp.o
 .debug_line    0x00002aed      0x859 ./Core/Src/stm32l4xx_it.o
 .debug_line    0x00003346      0x831 ./Core/Src/system_stm32l4xx.o
 .debug_line    0x00003b77       0x7a ./Core/Startup/startup_stm32l496zgtx.o
 .debug_line    0x00003bf1      0xb8c ./Drivers/STM32L4xx_HAL_Driver/Src/stm32l4xx_hal.o
 .debug_line    0x0000477d      0xd2b ./Drivers/STM32L4xx_HAL_Driver/Src/stm32l4xx_hal_cortex.o
 .debug_line    0x000054a8      0xc00 ./Drivers/STM32L4xx_HAL_Driver/Src/stm32l4xx_hal_gpio.o
 .debug_line    0x000060a8     0x13ef ./Drivers/STM32L4xx_HAL_Driver/Src/stm32l4xx_hal_pcd.o
 .debug_line    0x00007497      0x9a4 ./Drivers/STM32L4xx_HAL_Driver/Src/stm32l4xx_hal_pcd_ex.o
 .debug_line    0x00007e3b      0x963 ./Drivers/STM32L4xx_HAL_Driver/Src/stm32l4xx_hal_pwr.o
 .debug_line    0x0000879e      0xd58 ./Drivers/STM32L4xx_HAL_Driver/Src/stm32l4xx_hal_pwr_ex.o
 .debug_line    0x000094f6     0x104b ./Drivers/STM32L4xx_HAL_Driver/Src/stm32l4xx_hal_rcc.o
 .debug_line    0x0000a541     0x17ca ./Drivers/STM32L4xx_HAL_Driver/Src/stm32l4xx_hal_rcc_ex.o
 .debug_line    0x0000bd0b     0x203e ./Drivers/STM32L4xx_HAL_Driver/Src/stm32l4xx_hal_spi.o
 .debug_line    0x0000dd49     0x3276 ./Drivers/STM32L4xx_HAL_Driver/Src/stm32l4xx_hal_uart.o
 .debug_line    0x00010fbf     0x1b8f ./Drivers/STM32L4xx_HAL_Driver/Src/stm32l4xx_ll_usb.o

.debug_str      0x00000000    0xfa604
 .debug_str     0x00000000    0xf1b7e ./Core/Src/glcd.o
                              0xf1e47 (size before relaxing)
 .debug_str     0x000f1b7e     0x3391 ./Core/Src/graphics.o
                              0xf506c (size before relaxing)
 .debug_str     0x000f4f0f     0x161c ./Core/Src/main.o
                              0xf660f (size before relaxing)
 .debug_str     0x000f652b      0x33b ./Core/Src/stm32l4xx_hal_msp.o
                              0xf2a44 (size before relaxing)
 .debug_str     0x000f6866       0xc9 ./Core/Src/stm32l4xx_it.o
                              0xf1ba8 (size before relaxing)
 .debug_str     0x000f692f       0xf2 ./Core/Src/system_stm32l4xx.o
                              0xf1a8d (size before relaxing)
 .debug_str     0x000f6a21       0x44 ./Core/Startup/startup_stm32l496zgtx.o
                                 0x83 (size before relaxing)
 .debug_str     0x000f6a65      0xaf6 ./Drivers/STM32L4xx_HAL_Driver/Src/stm32l4xx_hal.o
                              0xf2695 (size before relaxing)
 .debug_str     0x000f755b      0x344 ./Drivers/STM32L4xx_HAL_Driver/Src/stm32l4xx_hal_cortex.o
                              0xf2336 (size before relaxing)
 .debug_str     0x000f789f      0x123 ./Drivers/STM32L4xx_HAL_Driver/Src/stm32l4xx_hal_gpio.o
                              0xf1c07 (size before relaxing)
 .debug_str     0x000f79c2      0x7e9 ./Drivers/STM32L4xx_HAL_Driver/Src/stm32l4xx_hal_pcd.o
                              0xf2501 (size before relaxing)
 .debug_str     0x000f81ab      0x174 ./Drivers/STM32L4xx_HAL_Driver/Src/stm32l4xx_hal_pcd_ex.o
                              0xf1ecf (size before relaxing)
 .debug_str     0x000f831f      0x357 ./Drivers/STM32L4xx_HAL_Driver/Src/stm32l4xx_hal_pwr.o
                              0xf1e04 (size before relaxing)
 .debug_str     0x000f8676      0x3db ./Drivers/STM32L4xx_HAL_Driver/Src/stm32l4xx_hal_pwr_ex.o
                              0xf1fdc (size before relaxing)
 .debug_str     0x000f8a51      0x398 ./Drivers/STM32L4xx_HAL_Driver/Src/stm32l4xx_hal_rcc.o
                              0xf20da (size before relaxing)
 .debug_str     0x000f8de9      0x54c ./Drivers/STM32L4xx_HAL_Driver/Src/stm32l4xx_hal_rcc_ex.o
                              0xf2475 (size before relaxing)
 .debug_str     0x000f9335      0x5b1 ./Drivers/STM32L4xx_HAL_Driver/Src/stm32l4xx_hal_spi.o
                              0xf22a1 (size before relaxing)
 .debug_str     0x000f98e6      0x8a6 ./Drivers/STM32L4xx_HAL_Driver/Src/stm32l4xx_hal_uart.o
                              0xf27e5 (size before relaxing)
 .debug_str     0x000fa18c      0x478 ./Drivers/STM32L4xx_HAL_Driver/Src/stm32l4xx_ll_usb.o
                              0xf23d9 (size before relaxing)

.comment        0x00000000       0x43
 .comment       0x00000000       0x43 ./Core/Src/glcd.o
                                 0x44 (size before relaxing)
 .comment       0x00000043       0x44 ./Core/Src/graphics.o
 .comment       0x00000043       0x44 ./Core/Src/main.o
 .comment       0x00000043       0x44 ./Core/Src/stm32l4xx_hal_msp.o
 .comment       0x00000043       0x44 ./Core/Src/stm32l4xx_it.o
 .comment       0x00000043       0x44 ./Core/Src/system_stm32l4xx.o
 .comment       0x00000043       0x44 ./Drivers/STM32L4xx_HAL_Driver/Src/stm32l4xx_hal.o
 .comment       0x00000043       0x44 ./Drivers/STM32L4xx_HAL_Driver/Src/stm32l4xx_hal_cortex.o
 .comment       0x00000043       0x44 ./Drivers/STM32L4xx_HAL_Driver/Src/stm32l4xx_hal_gpio.o
 .comment       0x00000043       0x44 ./Drivers/STM32L4xx_HAL_Driver/Src/stm32l4xx_hal_pcd.o
 .comment       0x00000043       0x44 ./Drivers/STM32L4xx_HAL_Driver/Src/stm32l4xx_hal_pcd_ex.o
 .comment       0x00000043       0x44 ./Drivers/STM32L4xx_HAL_Driver/Src/stm32l4xx_hal_pwr.o
 .comment       0x00000043       0x44 ./Drivers/STM32L4xx_HAL_Driver/Src/stm32l4xx_hal_pwr_ex.o
 .comment       0x00000043       0x44 ./Drivers/STM32L4xx_HAL_Driver/Src/stm32l4xx_hal_rcc.o
 .comment       0x00000043       0x44 ./Drivers/STM32L4xx_HAL_Driver/Src/stm32l4xx_hal_rcc_ex.o
 .comment       0x00000043       0x44 ./Drivers/STM32L4xx_HAL_Driver/Src/stm32l4xx_hal_spi.o
 .comment       0x00000043       0x44 ./Drivers/STM32L4xx_HAL_Driver/Src/stm32l4xx_hal_uart.o
 .comment       0x00000043       0x44 ./Drivers/STM32L4xx_HAL_Driver/Src/stm32l4xx_ll_usb.o

.debug_frame    0x00000000     0x408c
 .debug_frame   0x00000000      0x198 ./Core/Src/glcd.o
 .debug_frame   0x00000198      0x1bc ./Core/Src/graphics.o
 .debug_frame   0x00000354       0xe4 ./Core/Src/main.o
 .debug_frame   0x00000438      0x118 ./Core/Src/stm32l4xx_hal_msp.o
 .debug_frame   0x00000550      0x104 ./Core/Src/stm32l4xx_it.o
 .debug_frame   0x00000654       0x58 ./Core/Src/system_stm32l4xx.o
 .debug_frame   0x000006ac      0x498 ./Drivers/STM32L4xx_HAL_Driver/Src/stm32l4xx_hal.o
 .debug_frame   0x00000b44      0x498 ./Drivers/STM32L4xx_HAL_Driver/Src/stm32l4xx_hal_cortex.o
 .debug_frame   0x00000fdc      0x14c ./Drivers/STM32L4xx_HAL_Driver/Src/stm32l4xx_hal_gpio.o
 .debug_frame   0x00001128      0x568 ./Drivers/STM32L4xx_HAL_Driver/Src/stm32l4xx_hal_pcd.o
 .debug_frame   0x00001690      0x174 ./Drivers/STM32L4xx_HAL_Driver/Src/stm32l4xx_hal_pcd_ex.o
 .debug_frame   0x00001804      0x230 ./Drivers/STM32L4xx_HAL_Driver/Src/stm32l4xx_hal_pwr.o
 .debug_frame   0x00001a34      0x544 ./Drivers/STM32L4xx_HAL_Driver/Src/stm32l4xx_hal_pwr_ex.o
 .debug_frame   0x00001f78      0x21c ./Drivers/STM32L4xx_HAL_Driver/Src/stm32l4xx_hal_rcc.o
 .debug_frame   0x00002194      0x43c ./Drivers/STM32L4xx_HAL_Driver/Src/stm32l4xx_hal_rcc_ex.o
 .debug_frame   0x000025d0      0x860 ./Drivers/STM32L4xx_HAL_Driver/Src/stm32l4xx_hal_spi.o
 .debug_frame   0x00002e30      0x9f4 ./Drivers/STM32L4xx_HAL_Driver/Src/stm32l4xx_hal_uart.o
 .debug_frame   0x00003824      0x7bc ./Drivers/STM32L4xx_HAL_Driver/Src/stm32l4xx_ll_usb.o
 .debug_frame   0x00003fe0       0x20 C:/ST/STM32CubeIDE_1.15.0/STM32CubeIDE/plugins/com.st.stm32cube.ide.mcu.externaltools.gnu-tools-for-stm32.12.3.rel1.win32_1.0.100.202403111256/tools/bin/../lib/gcc/arm-none-eabi/12.3.1/../../../../arm-none-eabi/lib/thumb/v7e-m+fp/hard\libc_nano.a(libc_a-memset.o)
 .debug_frame   0x00004000       0x2c C:/ST/STM32CubeIDE_1.15.0/STM32CubeIDE/plugins/com.st.stm32cube.ide.mcu.externaltools.gnu-tools-for-stm32.12.3.rel1.win32_1.0.100.202403111256/tools/bin/../lib/gcc/arm-none-eabi/12.3.1/../../../../arm-none-eabi/lib/thumb/v7e-m+fp/hard\libc_nano.a(libc_a-init.o)
 .debug_frame   0x0000402c       0x2c C:/ST/STM32CubeIDE_1.15.0/STM32CubeIDE/plugins/com.st.stm32cube.ide.mcu.externaltools.gnu-tools-for-stm32.12.3.rel1.win32_1.0.100.202403111256/tools/bin/../lib/gcc/arm-none-eabi/12.3.1/thumb/v7e-m+fp/hard\libgcc.a(_aeabi_uldivmod.o)
 .debug_frame   0x00004058       0x34 C:/ST/STM32CubeIDE_1.15.0/STM32CubeIDE/plugins/com.st.stm32cube.ide.mcu.externaltools.gnu-tools-for-stm32.12.3.rel1.win32_1.0.100.202403111256/tools/bin/../lib/gcc/arm-none-eabi/12.3.1/thumb/v7e-m+fp/hard\libgcc.a(_udivmoddi4.o)

.debug_line_str
                0x00000000       0x67
 .debug_line_str
                0x00000000       0x67 ./Core/Startup/startup_stm32l496zgtx.o
