../Core/Src/LCD/ili9488.c:219:6:ili9488_Init	8	static
../Core/Src/LCD/ili9488.c:275:6:ili9488_DisplayOn	8	static
../Core/Src/LCD/ili9488.c:289:6:ili9488_DisplayOff	8	static
../Core/Src/LCD/ili9488.c:303:10:ili9488_GetLcdPixelWidth	4	static
../Core/Src/LCD/ili9488.c:314:10:ili9488_GetLcdPixelHeight	4	static
../Core/Src/LCD/ili9488.c:325:10:ili9488_ReadID	16	static
../Core/Src/LCD/ili9488.c:357:6:ili9488_SetCursor	16	static
../Core/Src/LCD/ili9488.c:367:13:ili9488_write16to24	16	static
../Core/Src/LCD/ili9488.c:383:6:ili9488_WritePixel	16	static
../Core/Src/LCD/ili9488.c:402:10:ili9488_ReadPixel	24	static
../Core/Src/LCD/ili9488.c:426:6:ili9488_SetDisplayWindow	24	static
../Core/Src/LCD/ili9488.c:462:6:ili9488_DrawHLine	32	static
../Core/Src/LCD/ili9488.c:476:6:ili9488_DrawVLine	32	static
../Core/Src/LCD/ili9488.c:491:6:ili9488_FillRect	32	static
../Core/Src/LCD/ili9488.c:515:6:ili9488_DrawBitmap	24	static
../Core/Src/LCD/ili9488.c:560:6:ili9488_DrawRGBImage	32	static
../Core/Src/LCD/ili9488.c:592:6:ili9488_ReadRGBImage	32	static
../Core/Src/LCD/ili9488.c:614:6:ili9488_Scroll	16	static
