../Core/Src/CAN/CAN_X_2025.c:154:6:message_cantx_VECTOR__INDEPENDENT_SIG_MSG	8	static
../Core/Src/CAN/CAN_X_2025.c:180:6:message_cantx_PROC_ETAS_VDC_Params	8	static
../Core/Src/CAN/CAN_X_2025.c:201:6:message_cantx_PROC_ETAS_VDC_LapTiming	8	static
../Core/Src/CAN/CAN_X_2025.c:216:6:message_cantx_CTRL_BMS_Accu_Data	8	static
../Core/Src/CAN/CAN_X_2025.c:237:6:message_cantx_CTRL_BMS_Cell_Extremes	8	static
../Core/Src/CAN/CAN_X_2025.c:255:6:message_cantx_STAT_DASH_Keep_Alive	8	static
../Core/Src/CAN/CAN_X_2025.c:265:6:message_cantx_STAT_BMS_Keep_Alive	8	static
../Core/Src/CAN/CAN_X_2025.c:275:6:message_cantx_PROC_ETAS_TS_Data	8	static
../Core/Src/CAN/CAN_X_2025.c:295:6:message_cantx_PROC_ELLIPSE_Auto	8	static
../Core/Src/CAN/CAN_X_2025.c:316:6:message_cantx_CTRL_ELLIPSE_GPS_Vel	8	static
../Core/Src/CAN/CAN_X_2025.c:334:6:message_cantx_STAT_ETAS_Diagnostics	8	static
../Core/Src/CAN/CAN_X_2025.c:371:6:message_cantx_PROC_ETAS_VDC_Values	8	static
../Core/Src/CAN/CAN_X_2025.c:391:6:message_cantx_CTRL_DASH_Driver_Inputs	8	static
../Core/Src/CAN/CAN_X_2025.c:411:6:message_cantx_CTRL_ETAS_System	8	static
../Core/Src/CAN/CAN_X_2025.c:424:6:message_cantx_PROC_ELLIPSE_EKF_Pos	8	static
../Core/Src/CAN/CAN_X_2025.c:433:6:message_cantx_PROC_ELLIPSE_IMU_Accel	8	static
../Core/Src/CAN/CAN_X_2025.c:451:6:message_cantx_PROC_ELLIPSE_EKF_Euler	8	static
../Core/Src/CAN/CAN_X_2025.c:469:6:message_cantx_CTRL_ELLIPSE_EKF_Vel	8	static
../Core/Src/CAN/CAN_X_2025.c:487:6:message_cantx_STAT_ELLIPSE_Status	8	static
../Core/Src/CAN/CAN_X_2025.c:496:6:message_cantx_PROC_ELLIPSE_IMU_Gyro	8	static
../Core/Src/CAN/CAN_X_2025.c:514:6:message_cantx_CTRL_ELLIPSE_Vel_Valid	8	static
../Core/Src/CAN/CAN_X_2025.c:527:6:message_cantx_PROC_ETAS_Inverter_R_Data	8	static
../Core/Src/CAN/CAN_X_2025.c:544:6:message_cantx_PROC_ETAS_Inverter_L_Data	8	static
../Core/Src/CAN/CAN_X_2025.c:561:6:message_cantx_PROC_ETAS_VDC_Suspe	8	static
../Core/Src/CAN/CAN_X_2025.c:580:6:message_cantx_PROC_ETAS_VDC_Tq	8	static
../Core/Src/CAN/CAN_X_2025.c:595:6:message_cantx_RAW_RECU_Data	8	static
../Core/Src/CAN/CAN_X_2025.c:608:6:message_cantx_STAT_FECU_Keep_Alive	8	static
../Core/Src/CAN/CAN_X_2025.c:621:6:message_cantx_STAT_RECU_Keep_Alive	8	static
../Core/Src/CAN/CAN_X_2025.c:636:6:message_cantx_RAW_FECU_Data2	8	static
../Core/Src/CAN/CAN_X_2025.c:655:6:message_cantx_RAW_FECU_Data1	8	static
../Core/Src/CAN/CAN_X_2025.c:672:6:message_cantx_STAT_ETAS_Sync	8	static
../Core/Src/CAN/CAN_X_2025.c:684:6:message_canrx_VECTOR__INDEPENDENT_SIG_MSG	16	static
../Core/Src/CAN/CAN_X_2025.c:695:6:message_canrx_PROC_ETAS_VDC_Params	16	static
../Core/Src/CAN/CAN_X_2025.c:705:6:message_canrx_PROC_ETAS_VDC_LapTiming	16	static
../Core/Src/CAN/CAN_X_2025.c:711:6:message_canrx_CTRL_BMS_Accu_Data	16	static
../Core/Src/CAN/CAN_X_2025.c:721:6:message_canrx_CTRL_BMS_Cell_Extremes	16	static
../Core/Src/CAN/CAN_X_2025.c:728:6:message_canrx_STAT_DASH_Keep_Alive	16	static
../Core/Src/CAN/CAN_X_2025.c:732:6:message_canrx_STAT_BMS_Keep_Alive	16	static
../Core/Src/CAN/CAN_X_2025.c:736:6:message_canrx_PROC_ETAS_TS_Data	16	static
../Core/Src/CAN/CAN_X_2025.c:744:6:message_canrx_PROC_ELLIPSE_Auto	16	static
../Core/Src/CAN/CAN_X_2025.c:753:6:message_canrx_CTRL_ELLIPSE_GPS_Vel	16	static
../Core/Src/CAN/CAN_X_2025.c:759:6:message_canrx_STAT_ETAS_Diagnostics	16	static
../Core/Src/CAN/CAN_X_2025.c:790:6:message_canrx_PROC_ETAS_VDC_Values	16	static
../Core/Src/CAN/CAN_X_2025.c:799:6:message_canrx_CTRL_DASH_Driver_Inputs	16	static
../Core/Src/CAN/CAN_X_2025.c:813:6:message_canrx_CTRL_ETAS_System	16	static
../Core/Src/CAN/CAN_X_2025.c:820:6:message_canrx_PROC_ELLIPSE_EKF_Pos	16	static
../Core/Src/CAN/CAN_X_2025.c:823:6:message_canrx_PROC_ELLIPSE_IMU_Accel	16	static
../Core/Src/CAN/CAN_X_2025.c:829:6:message_canrx_PROC_ELLIPSE_EKF_Euler	16	static
../Core/Src/CAN/CAN_X_2025.c:835:6:message_canrx_CTRL_ELLIPSE_EKF_Vel	16	static
../Core/Src/CAN/CAN_X_2025.c:841:6:message_canrx_STAT_ELLIPSE_Status	16	static
../Core/Src/CAN/CAN_X_2025.c:844:6:message_canrx_PROC_ELLIPSE_IMU_Gyro	16	static
../Core/Src/CAN/CAN_X_2025.c:850:6:message_canrx_CTRL_ELLIPSE_Vel_Valid	16	static
../Core/Src/CAN/CAN_X_2025.c:856:6:message_canrx_PROC_ETAS_Inverter_R_Data	16	static
../Core/Src/CAN/CAN_X_2025.c:863:6:message_canrx_PROC_ETAS_Inverter_L_Data	16	static
../Core/Src/CAN/CAN_X_2025.c:870:6:message_canrx_PROC_ETAS_VDC_Suspe	16	static
../Core/Src/CAN/CAN_X_2025.c:877:6:message_canrx_PROC_ETAS_VDC_Tq	16	static
../Core/Src/CAN/CAN_X_2025.c:883:6:message_canrx_RAW_RECU_Data	16	static
../Core/Src/CAN/CAN_X_2025.c:888:6:message_canrx_STAT_FECU_Keep_Alive	16	static
../Core/Src/CAN/CAN_X_2025.c:895:6:message_canrx_STAT_RECU_Keep_Alive	16	static
../Core/Src/CAN/CAN_X_2025.c:904:6:message_canrx_RAW_FECU_Data2	16	static
../Core/Src/CAN/CAN_X_2025.c:912:6:message_canrx_RAW_FECU_Data1	16	static
../Core/Src/CAN/CAN_X_2025.c:919:6:message_canrx_STAT_ETAS_Sync	16	static
