../Core/Src/LCD/lcd_io_spi.c:243:6:LcdWrite8	16	static
../Core/Src/LCD/lcd_io_spi.c:263:6:LcdWrite16	16	static
../Core/Src/LCD/lcd_io_spi.c:317:6:LcdDirRead	16	static,ignoring_inline_asm
../Core/Src/LCD/lcd_io_spi.c:333:9:LcdRead8	16	static,ignoring_inline_asm
../Core/Src/LCD/lcd_io_spi.c:358:10:LcdRead16	16	static,ignoring_inline_asm
../Core/Src/LCD/lcd_io_spi.c:599:6:LCD_IO_WriteMultiData8	24	static
../Core/Src/LCD/lcd_io_spi.c:611:6:LCD_IO_WriteMultiData16	24	static
../Core/Src/LCD/lcd_io_spi.c:782:6:LCD_IO_ReadMultiData8	24	static
../Core/Src/LCD/lcd_io_spi.c:796:6:LCD_IO_ReadMultiData16	24	static
../Core/Src/LCD/lcd_io_spi.c:810:6:LCD_IO_ReadMultiData16to24	24	static
../Core/Src/LCD/lcd_io_spi.c:1003:6:LCD_IO_Delay	16	static
../Core/Src/LCD/lcd_io_spi.c:1016:6:LCD_Delay	16	static
../Core/Src/LCD/lcd_io_spi.c:1022:6:LCD_IO_Bl_OnOff	16	static
../Core/Src/LCD/lcd_io_spi.c:1041:6:LCD_IO_Init	8	static
../Core/Src/LCD/lcd_io_spi.c:1189:6:LCD_IO_WriteCmd8	16	static
../Core/Src/LCD/lcd_io_spi.c:1199:6:LCD_IO_WriteCmd16	16	static
../Core/Src/LCD/lcd_io_spi.c:1209:6:LCD_IO_WriteData8	16	static
../Core/Src/LCD/lcd_io_spi.c:1219:6:LCD_IO_WriteData16	16	static
../Core/Src/LCD/lcd_io_spi.c:1229:6:LCD_IO_WriteCmd8DataFill16	16	static
../Core/Src/LCD/lcd_io_spi.c:1240:6:LCD_IO_WriteCmd8MultipleData8	24	static
../Core/Src/LCD/lcd_io_spi.c:1250:6:LCD_IO_WriteCmd8MultipleData16	24	static
../Core/Src/LCD/lcd_io_spi.c:1261:6:LCD_IO_WriteCmd16DataFill16	16	static
../Core/Src/LCD/lcd_io_spi.c:1271:6:LCD_IO_WriteCmd16MultipleData8	24	static
../Core/Src/LCD/lcd_io_spi.c:1282:6:LCD_IO_WriteCmd16MultipleData16	24	static
../Core/Src/LCD/lcd_io_spi.c:1301:6:LCD_IO_ReadCmd8MultipleData8	24	static
../Core/Src/LCD/lcd_io_spi.c:1314:6:LCD_IO_ReadCmd8MultipleData16	24	static
../Core/Src/LCD/lcd_io_spi.c:1328:6:LCD_IO_ReadCmd8MultipleData24to16	24	static
../Core/Src/LCD/lcd_io_spi.c:1341:6:LCD_IO_ReadCmd16MultipleData8	24	static
../Core/Src/LCD/lcd_io_spi.c:1355:6:LCD_IO_ReadCmd16MultipleData16	24	static
../Core/Src/LCD/lcd_io_spi.c:1368:6:LCD_IO_ReadCmd16MultipleData24to16	24	static
