../Core/Src/car_state.c:22:6:car_state_0	144	static
../Core/Src/car_state.c:73:6:car_state_3	136	static
../Core/Src/car_state.c:106:6:car_state_6	128	static
../Core/Src/car_state.c:120:6:car_state_9	128	static
../Core/Src/car_state.c:129:6:car_state_12	128	static
../Core/Src/car_state.c:144:6:car_state_14	128	static
../Core/Src/car_state.c:154:6:car_state_15	176	static
../Core/Src/car_state.c:276:6:car_state_21	128	static
../Core/Src/car_state.c:289:6:CAR_STATE_FUNCTION	272	static
../Core/Src/car_state.c:330:9:flag_left	16	static
../Core/Src/car_state.c:344:9:flag_right	16	static
../Core/Src/car_state.c:358:9:flag_down	16	static
../Core/Src/car_state.c:372:9:flag_up	16	static
../Core/Src/car_state.c:386:9:flag_central	16	static
../Core/Src/car_state.c:402:6:dades_generals	40	static
../Core/Src/car_state.c:502:6:shutdown_chain	40	static
../Core/Src/car_state.c:783:9:Read_Button_Edge	24	static
../Core/Src/car_state.c:791:6:cooling_mode_selection	40	static
../Core/Src/car_state.c:949:6:racing_mode_selection	24	static
../Core/Src/car_state.c:1027:6:BMS_IMD_ERROR	24	static
../Core/Src/car_state.c:1051:9:enable_driving	16	static
../Core/Src/car_state.c:1060:9:car_state_12_control	24	static
../Core/Src/car_state.c:1071:6:LEDs_off	8	static
../Core/Src/car_state.c:1083:6:setLEDs	24	static
