../Core/Src/main.c:198:5:main	480	static
../Core/Src/main.c:271:6:SystemClock_Config	120	static
../Core/Src/main.c:331:13:MX_FDCAN1_Init	8	static
../Core/Src/main.c:384:13:MX_FDCAN2_Init	8	static
../Core/Src/main.c:437:13:MX_SPI3_Init	8	static
../Core/Src/main.c:485:13:MX_TIM14_Init	8	static
../Core/Src/main.c:516:13:MX_GPIO_Init	48	static
../Core/Src/main.c:588:13:FDCAN_Config	72	static
../Core/Src/main.c:646:6:HAL_FDCAN_RxFifo0Callback	352	static
../Core/Src/main.c:684:6:HAL_TIM_PeriodElapsedCallback	232	static
../Core/Src/main.c:722:6:MPU_Config	24	static
../Core/Src/main.c:753:6:Error_Handler	4	static,ignoring_inline_asm
