../Core/Src/main.c:197:5:main	472	static
../Core/Src/main.c:270:6:SystemClock_Config	120	static
../Core/Src/main.c:330:13:MX_FDCAN1_Init	8	static
../Core/Src/main.c:383:13:MX_FDCAN2_Init	8	static
../Core/Src/main.c:436:13:MX_SPI3_Init	8	static
../Core/Src/main.c:484:13:MX_TIM14_Init	8	static
../Core/Src/main.c:515:13:MX_GPIO_Init	48	static
../Core/Src/main.c:587:13:FDCAN_Config	72	static
../Core/Src/main.c:645:6:HAL_FDCAN_RxFifo0Callback	352	static
../Core/Src/main.c:683:6:HAL_TIM_PeriodElapsedCallback	232	static
../Core/Src/main.c:721:6:MPU_Config	24	static
../Core/Src/main.c:752:6:Error_Handler	4	static,ignoring_inline_asm
