../Core/Src/main.c:178:5:main	12
../Core/Src/main.c:327:6:SystemClock_Config	4
../Core/Src/main.c:382:13:MX_CAN1_Init	2
../Core/Src/main.c:419:13:MX_CAN2_Init	2
../Core/Src/main.c:456:13:MX_SPI3_Init	2
../Core/Src/main.c:496:13:MX_TIM13_Init	2
../Core/Src/main.c:527:13:MX_TIM14_Init	2
../Core/Src/main.c:558:13:MX_GPIO_Init	1
../Core/Src/main.c:636:6:HAL_CAN_RxFifo0MsgPendingCallback	1
../Core/Src/main.c:644:6:HAL_CAN_RxFifo1MsgPendingCallback	1
../Core/Src/main.c:654:6:HAL_TIM_PeriodElapsedCallback	12
../Core/Src/main.c:728:6:MPU_Config	1
../Core/Src/main.c:759:6:Error_Handler	1
