../Core/Src/glcd.c:15:6:glcd_pixel	24	static
../Core/Src/glcd.c:37:6:glcd_blank	16	static
../Core/Src/glcd.c:63:6:glcd_blank_region	16	static
../Core/Src/glcd.c:87:6:glcd_refresh	16	static
../Core/Src/glcd.c:127:6:glcd_init	8	static
../Core/Src/glcd.c:185:6:glcd_data	24	static
../Core/Src/glcd.c:215:6:glcd_command	24	static
../Core/Src/glcd.c:245:6:glcd_flip_screen	16	static
../Core/Src/glcd.c:257:6:glcd_inverse_screen	16	static
../Core/Src/glcd.c:265:6:glcd_test_card	16	static
../Core/Src/glcd.c:280:6:glcd_contrast	16	static
