
ROM used: 37534 (38%)
          37534 (38%) including unused fragments

          4 Average locations per line
          20 Average locations per statement

RAM used: 2395 (72%) at main() level
          2866 (86%) worst case

Stack used: 13 worst case (out of 31 total available)

Lines Stmts  %   Files
----- ----- ---  -----
  114    64   3  Project_Dashboard_2020-2021.c
   33     0   0  inc\configuration_PIC.h
  461     0   0  ..\..\..\..\..\..\..\..\Program Files (x86)\PICC\Devices\18F4685.h
 3659     0   0  inc\font_tahoma.h
   25     0   0  inc\st7565-config.h
  283   120   6  src\st7565.c
  208     0   0  inc\st7565.h
  285   139   7  src\my_graphics.c
 1273   359  19  ..\..\..\..\..\..\..\..\Program Files (x86)\PICC\Drivers\stdlib.h
   28     0   0  ..\..\..\..\..\..\..\..\Program Files (x86)\PICC\Drivers\stddef.h
  409   121   6  ..\..\..\..\..\..\..\..\Program Files (x86)\PICC\Drivers\string.h
   28     0   0  ..\..\..\..\..\..\..\..\Program Files (x86)\PICC\Drivers\ctype.h
  159     0   0  inc\my_graphics.h
  144     0   0  inc\variables.h
  101    83   4  src\7segments.c
    8     0   0  inc\7segments.h
  105    62   3  src\bargraph.c
   10     0   0  inc\bargraph.h
   43    22   1  src\conversions.c
    8     0   0  inc\conversions.h
   12     0   0  inc\modification_CAN.h
  142    95   5  src\Errors.c
   10     0   0  inc\Errors.h
  189   126   7  src\CAN.c
   13     0   0  inc\CAN.h
  443   137   7  ..\..\..\..\..\..\..\..\Program Files (x86)\PICC\Drivers\can-18xxx8.C
  378     0   0  ..\..\..\..\..\..\..\..\Program Files (x86)\PICC\Drivers\can-18xxx8.h
  112    82   4  src\templates.c
    7     0   0  inc\templates.h
   30    16   1  src\driving_menu.c
    7     0   0  inc\driving_menu.h
  143    91   5  src\Buttons_function.c
   10     0   0  inc\Buttons_function.h
   48    31   2  src\initialization.c
    8     0   0  inc\initialization.h
   51    25   1  src\PrechargeScreen.c
    9     0   0  inc\PrechargeScreen.h
   66    45   2  src\draw_animation_blink.c
    8     0   0  inc\draw_animation_blink.h
   52    34   2  src\Timers.c
  295   243  13  src\racescreen.c
   14     0   0  inc\racescreen.h
   44     4   0  src\Logo.c
    7     0   0  inc\Logo.h
----- -----
 9482  1899 Total

Page ROM  %  RAM   Vol Diff  Functions:
---- --- --- ---   --- ----  ----------
0     40   0   1             @delay_ms1
0    196   0   9   559 11.9  glcd_pixel
0    164   0   4   454  6.6  glcd_blank
0    206   0   4   405  6.8  glcd_refresh
0     84   0   6             @MULS1616
0    260   0   0   402  2.4  glcd_init
0     66   0   1   327  5.1  glcd_data
0     66   0   1   319  5.1  glcd_command
0     96   0   3   195  4.5  glcd_contrast
0    122   0   6             @DIVS1616
0     70   0   5             @DIV1616
0    142   0  16   534  7.1  draw_text
0    442   1  14  1720 15.4  draw_char
0    154   0   9   331  2.1  draw_rectangle
0     86   0  11   197  4.2  blank_rectangle
0    322   0  13   444  3.1  draw_box
0    344   0  37  1550  7.9  draw_line
0     34   0   0   149  1.3  segments_init
0   2982   4   1  2350  8.3  visualitzar7seg
0     44   0   3             @DIV88
0     66   0   6             @WRITEBITA
0     62   0   0             @goto11686
0     44   0   0   138  3.0  bargraph_init
0     30   0   0    72  1.2  flancoCLK
0    230   0   1   845  3.4  selectNumberLEDs
0    102   0   0   282  4.8  bargraphFunctionality
0    256   0   2   199  2.7  splitUP
0    128   0  13             @DIV3232
0    498   1  23   830  3.7  writeParameter
0     34   0   1             @SPRINTF
0     36   0   2             @PSTRINGR_619
0    118   0   0   190  1.8  popUpWindow
0   1958   3   4  3893  3.5  writeError
0     50   0   0             @const635
0     48   0   0             @const637
0     46   0   0             @const639
0     52   0   0             @const643
0     46   0   0             @const651
0     52   0   0             @const653
0     62   0   0             @const655
0     64   0   0             @const657
0     54   0   0             @const659
0     54   0   0             @const663
0     56   0   0             @const665
0     54   0   0             @const667
0    502   1   2   965  2.9  deteccioShutdownError
0    128   0   0   165  1.0  checkNormativeErrors
0    244   0   1   822  4.4  can_init
0     48   0   0   255  2.3  can_set_baud
0     38   0   2    76  3.1  can_set_mode
0    308   0  13  1112  6.4  can_set_id
0     26   0   0   165  3.5  send_PrechargeOrder
0     26   0   0   165  3.5  send_Dash_LockOn
0     24   0   0   165  3.5  send_enable_Drive
0    208   0   0  1100  7.0  send_Dash_Mode
0     44   0   0             @goto12235
0    378   1   3  1756  7.7  canrx0_int
0     86   0   0   423  2.3  canConfiguration
0   4728   6   4  8211  4.0  scrollDrawing
0     40   0   0             @const913
0     40   0   0             @const914
0     38   0   0             @const915
0     44   0   0             @const926
0     38   0   0             @const931
0     40   0   0             @const936
0     54   0   0             @goto12409
0     60   0   0   272  3.5  left_or_right
0    254   0   0   141  3.0  SteeringButtons
0     50   0   5             @READBITA
0   1122   1   0  2137  7.8  ScrollDrivingModes
0    332   0   0   429  2.4  Dashboard_initialization
0     48   0   0   282  1.8  resetvariables
0    408   1   4   428  1.9  precharge_message
0     50   0   0             @const957
0     44   0   0             @const959
0    456   1   4   522  5.1  Pantalla_carga_precharge
0     46   0   0             @const962
0     48   0   0             @const964
0     50   0   0             @const965
0    182   0   1   236  2.2  Precharge_information
0   1242   2   0  2703  6.4  blink_draws
0    216   0   0   671  4.2  TIMER_isr
0    298   0   4   349  1.8  write_VDCparameters
0    122   0   4   121  1.6  write_raceScreen
0    664   1   6   963  4.0  drawXparameter
0     36   0   5             @MUL1616
0    628   1   1  1204  2.9  drawBars
0    212   0   2   292  3.3  writeXparameterValue
0   2718   4   1  5378  4.0  writeCentenes
0     62   0   0             @goto12827
0   2696   4   1  5378  4.0  writeDesenes
0     62   0   0             @goto12846
0   2718   4   1  5381  4.0  writeUnitats
0     62   0   0             @goto12865
0    300   0   4   202  1.7  Logo_ETR
0     44   0   0             @const997
0     52   0   0             @const999
0     54   0   0             @const1000
0   4830   6   1  1645  5.9  MAIN

Program metrics:
    Functions               56
    Statements              1899
    Comments                3989
    Volume (V)              104150
    Difficilty (D)          238.9
    Effort to implement (E) 24879260
    Time to implement (T)   383 hours, 56 minutes
    Est Delivered Bugs (B)  28
    Cyclomatic Complexity   206
    Maintainability (MI)    98

 Segment     Used  Free
-----------  ----  ----
00000-00002     4  0  
00004-00006     0  4  
00008-000A8   162  0  
000AA-0FFFE  37368  27998  
10000-17FFE     0  32768  



