../Core/Src/glcd_etr.c:18:7:glcd_etr_command	8	static
../Core/Src/glcd_etr.c:29:7:glcd_etr_init	136	static
../Core/Src/glcd_etr.c:51:7:glcd_etr_data	8	static
../Core/Src/glcd_etr.c:65:7:glcd_etr_refresh	144	static
../Core/Src/glcd_etr.c:100:11:glcd_pixel	24	static
../Core/Src/glcd_etr.c:122:11:glcd_etr_blank	16	static
../Core/Src/glcd_etr.c:132:11:glcd_etr_blank_region	144	static
../Core/Src/glcd_etr.c:154:11:glcd_flip_screen	136	static
../Core/Src/glcd_etr.c:167:11:glcd_inverse_screen	136	static
../Core/Src/glcd_etr.c:176:11:glcd_test_card	136	static
../Core/Src/glcd_etr.c:192:11:glcd_contrast	136	static
