../Core/Src/main.c:198:5:main	2
../Core/Src/main.c:271:6:SystemClock_Config	4
../Core/Src/main.c:331:13:MX_FDCAN1_Init	2
../Core/Src/main.c:384:13:MX_FDCAN2_Init	2
../Core/Src/main.c:437:13:MX_SPI3_Init	2
../Core/Src/main.c:485:13:MX_TIM14_Init	2
../Core/Src/main.c:516:13:MX_GPIO_Init	1
../Core/Src/main.c:588:13:FDCAN_Config	7
../Core/Src/main.c:646:6:HAL_FDCAN_RxFifo0Callback	4
../Core/Src/main.c:684:6:HAL_TIM_PeriodElapsedCallback	8
../Core/Src/main.c:722:6:MPU_Config	1
../Core/Src/main.c:753:6:Error_Handler	1
