../Core/Src/main.c:203:5:main	384	static
../Core/Src/main.c:285:6:SystemClock_Config	88	static
../Core/Src/main.c:340:13:MX_CAN1_Init	8	static
../Core/Src/main.c:377:13:MX_CAN2_Init	8	static
../Core/Src/main.c:414:13:MX_SPI3_Init	8	static
../Core/Src/main.c:454:13:MX_TIM11_Init	8	static
../Core/Src/main.c:485:13:MX_TIM13_Init	8	static
../Core/Src/main.c:516:13:MX_TIM14_Init	8	static
../Core/Src/main.c:547:13:MX_GPIO_Init	48	static
../Core/Src/main.c:625:6:HAL_CAN_RxFifo0MsgPendingCallback	176	static
../Core/Src/main.c:633:6:HAL_CAN_RxFifo1MsgPendingCallback	208	static
../Core/Src/main.c:643:6:HAL_TIM_PeriodElapsedCallback	96	static
../Core/Src/main.c:695:6:MPU_Config	24	static
../Core/Src/main.c:726:6:Error_Handler	4	static,ignoring_inline_asm
