../Core/Src/main.c:203:5:main	4
../Core/Src/main.c:285:6:SystemClock_Config	4
../Core/Src/main.c:340:13:MX_CAN1_Init	2
../Core/Src/main.c:377:13:MX_CAN2_Init	2
../Core/Src/main.c:414:13:MX_SPI3_Init	2
../Core/Src/main.c:454:13:MX_TIM11_Init	2
../Core/Src/main.c:485:13:MX_TIM13_Init	2
../Core/Src/main.c:516:13:MX_TIM14_Init	2
../Core/Src/main.c:547:13:MX_GPIO_Init	1
../Core/Src/main.c:625:6:HAL_CAN_RxFifo0MsgPendingCallback	2
../Core/Src/main.c:633:6:HAL_CAN_RxFifo1MsgPendingCallback	1
../Core/Src/main.c:643:6:HAL_TIM_PeriodElapsedCallback	12
../Core/Src/main.c:695:6:MPU_Config	1
../Core/Src/main.c:726:6:Error_Handler	1
