../Core/Src/car_state.c:20:6:car_state_0	112	static
../Core/Src/car_state.c:55:6:car_state_3	104	static
../Core/Src/car_state.c:86:6:car_state_6	96	static
../Core/Src/car_state.c:100:6:car_state_9	96	static
../Core/Src/car_state.c:109:6:car_state_12	96	static
../Core/Src/car_state.c:124:6:car_state_14	96	static
../Core/Src/car_state.c:134:6:car_state_15	144	static
../Core/Src/car_state.c:226:6:car_state_21	96	static
../Core/Src/car_state.c:239:6:CAR_STATE_FUNCTION	208	static
../Core/Src/car_state.c:277:9:flag_left	16	static
../Core/Src/car_state.c:290:9:flag_right	16	static
../Core/Src/car_state.c:303:9:flag_down	16	static
../Core/Src/car_state.c:316:9:flag_up	16	static
../Core/Src/car_state.c:329:6:shutdown_chain	40	static
../Core/Src/car_state.c:610:9:Read_Button_Edge	24	static
../Core/Src/car_state.c:618:6:cooling_mode_selection	40	static
../Core/Src/car_state.c:776:6:racing_mode_selection	24	static
../Core/Src/car_state.c:862:6:BMS_IMD_ERROR	16	static
../Core/Src/car_state.c:872:9:enable_driving	24	static
../Core/Src/car_state.c:888:9:car_state_12_control	24	static
../Core/Src/car_state.c:899:6:LEDs_off	8	static
../Core/Src/car_state.c:911:6:setLEDs	24	static
