../Core/Src/car_state.c:20:6:car_state_0	112	static
../Core/Src/car_state.c:55:6:car_state_3	104	static
../Core/Src/car_state.c:88:6:car_state_6	96	static
../Core/Src/car_state.c:102:6:car_state_9	96	static
../Core/Src/car_state.c:111:6:car_state_12	96	static
../Core/Src/car_state.c:126:6:car_state_14	96	static
../Core/Src/car_state.c:136:6:car_state_15	144	static
../Core/Src/car_state.c:228:6:car_state_21	96	static
../Core/Src/car_state.c:241:6:CAR_STATE_FUNCTION	208	static
../Core/Src/car_state.c:279:9:flag_left	16	static
../Core/Src/car_state.c:292:9:flag_right	16	static
../Core/Src/car_state.c:305:9:flag_down	16	static
../Core/Src/car_state.c:318:9:flag_up	16	static
../Core/Src/car_state.c:331:6:shutdown_chain	40	static
../Core/Src/car_state.c:612:9:Read_Button_Edge	24	static
../Core/Src/car_state.c:620:6:cooling_mode_selection	40	static
../Core/Src/car_state.c:778:6:racing_mode_selection	24	static
../Core/Src/car_state.c:864:6:BMS_IMD_ERROR	24	static
../Core/Src/car_state.c:881:9:enable_driving	24	static
../Core/Src/car_state.c:897:9:car_state_12_control	24	static
../Core/Src/car_state.c:908:6:LEDs_off	8	static
../Core/Src/car_state.c:920:6:setLEDs	24	static
