../Core/Src/main.c:198:5:main	392	static
../Core/Src/main.c:288:6:SystemClock_Config	88	static
../Core/Src/main.c:343:13:MX_CAN1_Init	8	static
../Core/Src/main.c:380:13:MX_CAN2_Init	8	static
../Core/Src/main.c:417:13:MX_SPI3_Init	8	static
../Core/Src/main.c:457:13:MX_TIM11_Init	8	static
../Core/Src/main.c:488:13:MX_TIM13_Init	8	static
../Core/Src/main.c:519:13:MX_TIM14_Init	8	static
../Core/Src/main.c:550:13:MX_GPIO_Init	48	static
../Core/Src/main.c:628:6:HAL_CAN_RxFifo0MsgPendingCallback	160	static
../Core/Src/main.c:636:6:HAL_CAN_RxFifo1MsgPendingCallback	208	static
../Core/Src/main.c:646:6:HAL_TIM_PeriodElapsedCallback	96	static
../Core/Src/main.c:682:6:MPU_Config	24	static
../Core/Src/main.c:713:6:Error_Handler	4	static,ignoring_inline_asm
