../Core/Src/main.c:198:5:main	4
../Core/Src/main.c:280:6:SystemClock_Config	4
../Core/Src/main.c:335:13:MX_CAN1_Init	2
../Core/Src/main.c:372:13:MX_CAN2_Init	2
../Core/Src/main.c:409:13:MX_SPI3_Init	2
../Core/Src/main.c:449:13:MX_TIM11_Init	2
../Core/Src/main.c:480:13:MX_TIM13_Init	2
../Core/Src/main.c:511:13:MX_TIM14_Init	2
../Core/Src/main.c:542:13:MX_GPIO_Init	1
../Core/Src/main.c:620:6:HAL_CAN_RxFifo0MsgPendingCallback	2
../Core/Src/main.c:628:6:HAL_CAN_RxFifo1MsgPendingCallback	1
../Core/Src/main.c:638:6:HAL_TIM_PeriodElapsedCallback	8
../Core/Src/main.c:675:6:MPU_Config	1
../Core/Src/main.c:706:6:Error_Handler	1
