../Core/Src/main.c:200:5:main	384	static
../Core/Src/main.c:282:6:SystemClock_Config	88	static
../Core/Src/main.c:337:13:MX_CAN1_Init	8	static
../Core/Src/main.c:374:13:MX_CAN2_Init	8	static
../Core/Src/main.c:411:13:MX_SPI3_Init	8	static
../Core/Src/main.c:451:13:MX_TIM11_Init	8	static
../Core/Src/main.c:482:13:MX_TIM13_Init	8	static
../Core/Src/main.c:513:13:MX_TIM14_Init	8	static
../Core/Src/main.c:544:13:MX_GPIO_Init	48	static
../Core/Src/main.c:622:6:HAL_CAN_RxFifo0MsgPendingCallback	168	static
../Core/Src/main.c:630:6:HAL_CAN_RxFifo1MsgPendingCallback	208	static
../Core/Src/main.c:640:6:HAL_TIM_PeriodElapsedCallback	96	static
../Core/Src/main.c:677:6:MPU_Config	24	static
../Core/Src/main.c:708:6:Error_Handler	4	static,ignoring_inline_asm
