../Core/Src/main.c:84:5:main	16	static
../Core/Src/main.c:152:6:SystemClock_Config	96	static
../Core/Src/main.c:213:13:MX_LPUART1_UART_Init	8	static
../Core/Src/main.c:247:13:MX_RTC_Init	8	static
../Core/Src/main.c:283:13:MX_SPI1_Init	8	static
../Core/Src/main.c:323:13:MX_USB_OTG_FS_PCD_Init	8	static
../Core/Src/main.c:356:13:MX_DMA_Init	16	static
../Core/Src/main.c:374:13:MX_GPIO_Init	48	static
../Core/Src/main.c:436:6:HAL_TIM_PeriodElapsedCallback	16	static
../Core/Src/main.c:453:6:Error_Handler	4	static,ignoring_inline_asm
