Archive member included to satisfy reference by file (symbol)

C:/ST/STM32CubeIDE_1.13.0/STM32CubeIDE/plugins/com.st.stm32cube.ide.mcu.externaltools.gnu-tools-for-stm32.12.3.rel1.win32_1.0.100.202403111256/tools/bin/../lib/gcc/arm-none-eabi/12.3.1/../../../../arm-none-eabi/lib/thumb/v7e-m+dp/hard\libc_nano.a(libc_a-exit.o)
                              C:/ST/STM32CubeIDE_1.13.0/STM32CubeIDE/plugins/com.st.stm32cube.ide.mcu.externaltools.gnu-tools-for-stm32.12.3.rel1.win32_1.0.100.202403111256/tools/bin/../lib/gcc/arm-none-eabi/12.3.1/../../../../arm-none-eabi/lib/thumb/v7e-m+dp/hard/crt0.o (exit)
C:/ST/STM32CubeIDE_1.13.0/STM32CubeIDE/plugins/com.st.stm32cube.ide.mcu.externaltools.gnu-tools-for-stm32.12.3.rel1.win32_1.0.100.202403111256/tools/bin/../lib/gcc/arm-none-eabi/12.3.1/../../../../arm-none-eabi/lib/thumb/v7e-m+dp/hard\libc_nano.a(libc_a-nano-vfprintf_float.o)
                              (_printf_float)
C:/ST/STM32CubeIDE_1.13.0/STM32CubeIDE/plugins/com.st.stm32cube.ide.mcu.externaltools.gnu-tools-for-stm32.12.3.rel1.win32_1.0.100.202403111256/tools/bin/../lib/gcc/arm-none-eabi/12.3.1/../../../../arm-none-eabi/lib/thumb/v7e-m+dp/hard\libc_nano.a(libc_a-nano-vfprintf_i.o)
                              C:/ST/STM32CubeIDE_1.13.0/STM32CubeIDE/plugins/com.st.stm32cube.ide.mcu.externaltools.gnu-tools-for-stm32.12.3.rel1.win32_1.0.100.202403111256/tools/bin/../lib/gcc/arm-none-eabi/12.3.1/../../../../arm-none-eabi/lib/thumb/v7e-m+dp/hard\libc_nano.a(libc_a-nano-vfprintf_float.o) (_printf_common)
C:/ST/STM32CubeIDE_1.13.0/STM32CubeIDE/plugins/com.st.stm32cube.ide.mcu.externaltools.gnu-tools-for-stm32.12.3.rel1.win32_1.0.100.202403111256/tools/bin/../lib/gcc/arm-none-eabi/12.3.1/../../../../arm-none-eabi/lib/thumb/v7e-m+dp/hard\libc_nano.a(libc_a-findfp.o)
                              C:/ST/STM32CubeIDE_1.13.0/STM32CubeIDE/plugins/com.st.stm32cube.ide.mcu.externaltools.gnu-tools-for-stm32.12.3.rel1.win32_1.0.100.202403111256/tools/bin/../lib/gcc/arm-none-eabi/12.3.1/../../../../arm-none-eabi/lib/thumb/v7e-m+dp/hard\libc_nano.a(libc_a-exit.o) (__stdio_exit_handler)
C:/ST/STM32CubeIDE_1.13.0/STM32CubeIDE/plugins/com.st.stm32cube.ide.mcu.externaltools.gnu-tools-for-stm32.12.3.rel1.win32_1.0.100.202403111256/tools/bin/../lib/gcc/arm-none-eabi/12.3.1/../../../../arm-none-eabi/lib/thumb/v7e-m+dp/hard\libc_nano.a(libc_a-fwalk.o)
                              C:/ST/STM32CubeIDE_1.13.0/STM32CubeIDE/plugins/com.st.stm32cube.ide.mcu.externaltools.gnu-tools-for-stm32.12.3.rel1.win32_1.0.100.202403111256/tools/bin/../lib/gcc/arm-none-eabi/12.3.1/../../../../arm-none-eabi/lib/thumb/v7e-m+dp/hard\libc_nano.a(libc_a-findfp.o) (_fwalk_sglue)
C:/ST/STM32CubeIDE_1.13.0/STM32CubeIDE/plugins/com.st.stm32cube.ide.mcu.externaltools.gnu-tools-for-stm32.12.3.rel1.win32_1.0.100.202403111256/tools/bin/../lib/gcc/arm-none-eabi/12.3.1/../../../../arm-none-eabi/lib/thumb/v7e-m+dp/hard\libc_nano.a(libc_a-sprintf.o)
                              ./Core/Src/car_state.o (sprintf)
C:/ST/STM32CubeIDE_1.13.0/STM32CubeIDE/plugins/com.st.stm32cube.ide.mcu.externaltools.gnu-tools-for-stm32.12.3.rel1.win32_1.0.100.202403111256/tools/bin/../lib/gcc/arm-none-eabi/12.3.1/../../../../arm-none-eabi/lib/thumb/v7e-m+dp/hard\libc_nano.a(libc_a-stdio.o)
                              C:/ST/STM32CubeIDE_1.13.0/STM32CubeIDE/plugins/com.st.stm32cube.ide.mcu.externaltools.gnu-tools-for-stm32.12.3.rel1.win32_1.0.100.202403111256/tools/bin/../lib/gcc/arm-none-eabi/12.3.1/../../../../arm-none-eabi/lib/thumb/v7e-m+dp/hard\libc_nano.a(libc_a-findfp.o) (__sread)
C:/ST/STM32CubeIDE_1.13.0/STM32CubeIDE/plugins/com.st.stm32cube.ide.mcu.externaltools.gnu-tools-for-stm32.12.3.rel1.win32_1.0.100.202403111256/tools/bin/../lib/gcc/arm-none-eabi/12.3.1/../../../../arm-none-eabi/lib/thumb/v7e-m+dp/hard\libc_nano.a(libc_a-memset.o)
                              C:/ST/STM32CubeIDE_1.13.0/STM32CubeIDE/plugins/com.st.stm32cube.ide.mcu.externaltools.gnu-tools-for-stm32.12.3.rel1.win32_1.0.100.202403111256/tools/bin/../lib/gcc/arm-none-eabi/12.3.1/../../../../arm-none-eabi/lib/thumb/v7e-m+dp/hard/crt0.o (memset)
C:/ST/STM32CubeIDE_1.13.0/STM32CubeIDE/plugins/com.st.stm32cube.ide.mcu.externaltools.gnu-tools-for-stm32.12.3.rel1.win32_1.0.100.202403111256/tools/bin/../lib/gcc/arm-none-eabi/12.3.1/../../../../arm-none-eabi/lib/thumb/v7e-m+dp/hard\libc_nano.a(libc_a-localeconv.o)
                              C:/ST/STM32CubeIDE_1.13.0/STM32CubeIDE/plugins/com.st.stm32cube.ide.mcu.externaltools.gnu-tools-for-stm32.12.3.rel1.win32_1.0.100.202403111256/tools/bin/../lib/gcc/arm-none-eabi/12.3.1/../../../../arm-none-eabi/lib/thumb/v7e-m+dp/hard\libc_nano.a(libc_a-nano-vfprintf_float.o) (_localeconv_r)
C:/ST/STM32CubeIDE_1.13.0/STM32CubeIDE/plugins/com.st.stm32cube.ide.mcu.externaltools.gnu-tools-for-stm32.12.3.rel1.win32_1.0.100.202403111256/tools/bin/../lib/gcc/arm-none-eabi/12.3.1/../../../../arm-none-eabi/lib/thumb/v7e-m+dp/hard\libc_nano.a(libc_a-closer.o)
[...]
Memory Configuration

Name             Origin             Length             Attributes
RAM              0x20000000         0x00080000         xrw
FLASH            0x08000000         0x00200000         xr
*default*        0x00000000         0xffffffff

Linker script and memory map

LOAD C:/ST/STM32CubeIDE_1.13.0/STM32CubeIDE/plugins/com.st.stm32cube.ide.mcu.externaltools.gnu-tools-for-stm32.12.3.rel1.win32_1.0.100.202403111256/tools/bin/../lib/gcc/arm-none-eabi/12.3.1/thumb/v7e-m+dp/hard/crti.o
LOAD C:/ST/STM32CubeIDE_1.13.0/STM32CubeIDE/plugins/com.st.stm32cube.ide.mcu.externaltools.gnu-tools-for-stm32.12.3.rel1.win32_1.0.100.202403111256/tools/bin/../lib/gcc/arm-none-eabi/12.3.1/thumb/v7e-m+dp/hard/crtbegin.o
LOAD C:/ST/STM32CubeIDE_1.13.0/STM32CubeIDE/plugins/com.st.stm32cube.ide.mcu.externaltools.gnu-tools-for-stm32.12.3.rel1.win32_1.0.100.202403111256/tools/bin/../lib/gcc/arm-none-eabi/12.3.1/../../../../arm-none-eabi/lib/thumb/v7e-m+dp/hard/crt0.o
LOAD ./Core/Src/can.o
LOAD ./Core/Src/car_state.o
LOAD ./Core/Src/etr_screen.o
LOAD ./Core/Src/glcd.o
LOAD ./Core/Src/glcd_etr.o
LOAD ./Core/Src/graphics.o
LOAD ./Core/Src/init.o
LOAD ./Core/Src/main.o
LOAD ./Core/Src/stm32f7xx_hal_msp.o
LOAD ./Core/Src/stm32f7xx_it.o
LOAD ./Core/Src/syscalls.o
LOAD ./Core/Src/sysmem.o
LOAD ./Core/Src/system_stm32f7xx.o
LOAD ./Core/Startup/startup_stm32f777vitx.o
LOAD ./Drivers/STM32F7xx_HAL_Driver/Src/stm32f7xx_hal.o
LOAD ./Drivers/STM32F7xx_HAL_Driver/Src/stm32f7xx_hal_can.o
LOAD ./Drivers/STM32F7xx_HAL_Driver/Src/stm32f7xx_hal_cortex.o
LOAD ./Drivers/STM32F7xx_HAL_Driver/Src/stm32f7xx_hal_dma.o
LOAD ./Drivers/STM32F7xx_HAL_Driver/Src/stm32f7xx_hal_dma_ex.o
LOAD ./Drivers/STM32F7xx_HAL_Driver/Src/stm32f7xx_hal_exti.o
LOAD ./Drivers/STM32F7xx_HAL_Driver/Src/stm32f7xx_hal_flash.o
LOAD ./Drivers/STM32F7xx_HAL_Driver/Src/stm32f7xx_hal_flash_ex.o
LOAD ./Drivers/STM32F7xx_HAL_Driver/Src/stm32f7xx_hal_gpio.o
LOAD ./Drivers/STM32F7xx_HAL_Driver/Src/stm32f7xx_hal_i2c.o
LOAD ./Drivers/STM32F7xx_HAL_Driver/Src/stm32f7xx_hal_i2c_ex.o
LOAD ./Drivers/STM32F7xx_HAL_Driver/Src/stm32f7xx_hal_pwr.o
LOAD ./Drivers/STM32F7xx_HAL_Driver/Src/stm32f7xx_hal_pwr_ex.o
LOAD ./Drivers/STM32F7xx_HAL_Driver/Src/stm32f7xx_hal_rcc.o
LOAD ./Drivers/STM32F7xx_HAL_Driver/Src/stm32f7xx_hal_rcc_ex.o
LOAD ./Drivers/STM32F7xx_HAL_Driver/Src/stm32f7xx_hal_spi.o
LOAD ./Drivers/STM32F7xx_HAL_Driver/Src/stm32f7xx_hal_spi_ex.o
LOAD ./Drivers/STM32F7xx_HAL_Driver/Src/stm32f7xx_hal_tim.o
LOAD ./Drivers/STM32F7xx_HAL_Driver/Src/stm32f7xx_hal_tim_ex.o
START GROUP
LOAD C:/ST/STM32CubeIDE_1.13.0/STM32CubeIDE/plugins/com.st.stm32cube.ide.mcu.externaltools.gnu-tools-for-stm32.12.3.rel1.win32_1.0.100.202403111256/tools/bin/../lib/gcc/arm-none-eabi/12.3.1/../../../../arm-none-eabi/lib/thumb/v7e-m+dp/hard\libc_nano.a
LOAD C:/ST/STM32CubeIDE_1.13.0/STM32CubeIDE/plugins/com.st.stm32cube.ide.mcu.externaltools.gnu-tools-for-stm32.12.3.rel1.win32_1.0.100.202403111256/tools/bin/../lib/gcc/arm-none-eabi/12.3.1/../../../../arm-none-eabi/lib/thumb/v7e-m+dp/hard\libm.a
END GROUP
START GROUP
LOAD C:/ST/STM32CubeIDE_1.13.0/STM32CubeIDE/plugins/com.st.stm32cube.ide.mcu.externaltools.gnu-tools-for-stm32.12.3.rel1.win32_1.0.100.202403111256/tools/bin/../lib/gcc/arm-none-eabi/12.3.1/thumb/v7e-m+dp/hard\libgcc.a
LOAD C:/ST/STM32CubeIDE_1.13.0/STM32CubeIDE/plugins/com.st.stm32cube.ide.mcu.externaltools.gnu-tools-for-stm32.12.3.rel1.win32_1.0.100.202403111256/tools/bin/../lib/gcc/arm-none-eabi/12.3.1/../../../../arm-none-eabi/lib/thumb/v7e-m+dp/hard\libc_nano.a
END GROUP
START GROUP
LOAD C:/ST/STM32CubeIDE_1.13.0/STM32CubeIDE/plugins/com.st.stm32cube.ide.mcu.externaltools.gnu-tools-for-stm32.12.3.rel1.win32_1.0.100.202403111256/tools/bin/../lib/gcc/arm-none-eabi/12.3.1/thumb/v7e-m+dp/hard\libgcc.a
LOAD C:/ST/STM32CubeIDE_1.13.0/STM32CubeIDE/plugins/com.st.stm32cube.ide.mcu.externaltools.gnu-tools-for-stm32.12.3.rel1.win32_1.0.100.202403111256/tools/bin/../lib/gcc/arm-none-eabi/12.3.1/../../../../arm-none-eabi/lib/thumb/v7e-m+dp/hard\libc_nano.a
LOAD C:/ST/STM32CubeIDE_1.13.0/STM32CubeIDE/plugins/com.st.stm32cube.ide.mcu.externaltools.gnu-tools-for-stm32.12.3.rel1.win32_1.0.100.202403111256/tools/bin/../lib/gcc/arm-none-eabi/12.3.1/../../../../arm-none-eabi/lib/thumb/v7e-m+dp/hard\libnosys.a
END GROUP
START GROUP
LOAD C:/ST/STM32CubeIDE_1.13.0/STM32CubeIDE/plugins/com.st.stm32cube.ide.mcu.externaltools.gnu-tools-for-stm32.12.3.rel1.win32_1.0.100.202403111256/tools/bin/../lib/gcc/arm-none-eabi/12.3.1/thumb/v7e-m+dp/hard\libgcc.a
LOAD C:/ST/STM32CubeIDE_1.13.0/STM32CubeIDE/plugins/com.st.stm32cube.ide.mcu.externaltools.gnu-tools-for-stm32.12.3.rel1.win32_1.0.100.202403111256/tools/bin/../lib/gcc/arm-none-eabi/12.3.1/../../../../arm-none-eabi/lib/thumb/v7e-m+dp/hard\libc_nano.a
LOAD C:/ST/STM32CubeIDE_1.13.0/STM32CubeIDE/plugins/com.st.stm32cube.ide.mcu.externaltools.gnu-tools-for-stm32.12.3.rel1.win32_1.0.100.202403111256/tools/bin/../lib/gcc/arm-none-eabi/12.3.1/../../../../arm-none-eabi/lib/thumb/v7e-m+dp/hard\libnosys.a
END GROUP
LOAD C:/ST/STM32CubeIDE_1.13.0/STM32CubeIDE/plugins/com.st.stm32cube.ide.mcu.externaltools.gnu-tools-for-stm32.12.3.rel1.win32_1.0.100.202403111256/tools/bin/../lib/gcc/arm-none-eabi/12.3.1/thumb/v7e-m+dp/hard/crtend.o
LOAD C:/ST/STM32CubeIDE_1.13.0/STM32CubeIDE/plugins/com.st.stm32cube.ide.mcu.externaltools.gnu-tools-for-stm32.12.3.rel1.win32_1.0.100.202403111256/tools/bin/../lib/gcc/arm-none-eabi/12.3.1/thumb/v7e-m+dp/hard/crtn.o
                0x20080000                        _estack = (ORIGIN (RAM) + LENGTH (RAM))
                0x00000200                        _Min_Heap_Size = 0x200
                0x00000400                        _Min_Stack_Size = 0x400

.isr_vector     0x08000000      0x1f8
                0x08000000                        . = ALIGN (0x4)
 *(.isr_vector)
 .isr_vector    0x08000000      0x1f8 ./Core/Startup/startup_stm32f777vitx.o
                0x08000000                g_pfnVectors
                0x080001f8                        . = ALIGN (0x4)

.text           0x08000200     0xb2f0
                0x08000200                        . = ALIGN (0x4)
 *(.text)
 .text          0x08000200       0x40 C:/ST/STM32CubeIDE_1.13.0/STM32CubeIDE/plugins/com.st.stm32cube.ide.mcu.externaltools.gnu-tools-for-stm32.12.3.rel1.win32_1.0.100.202403111256/tools/bin/../lib/gcc/arm-none-eabi/12.3.1/thumb/v7e-m+dp/hard/crtbegin.o
 .text          0x08000240       0xa0 C:/ST/STM32CubeIDE_1.13.0/STM32CubeIDE/plugins/com.st.stm32cube.ide.mcu.externaltools.gnu-tools-for-stm32.12.3.rel1.win32_1.0.100.202403111256/tools/bin/../lib/gcc/arm-none-eabi/12.3.1/../../../../arm-none-eabi/lib/thumb/v7e-m+dp/hard\libc_nano.a(libc_a-memchr.o)
                0x08000240                memchr
 .text          0x080002e0       0x10 C:/ST/STM32CubeIDE_1.13.0/STM32CubeIDE/plugins/com.st.stm32cube.ide.mcu.externaltools.gnu-tools-for-stm32.12.3.rel1.win32_1.0.100.202403111256/tools/bin/../lib/gcc/arm-none-eabi/12.3.1/../../../../arm-none-eabi/lib/thumb/v7e-m+dp/hard\libc_nano.a(libc_a-strlen.o)
                0x080002e0                strlen
 .text          0x080002f0       0x30 C:/ST/STM32CubeIDE_1.13.0/STM32CubeIDE/plugins/com.st.stm32cube.ide.mcu.externaltools.gnu-tools-for-stm32.12.3.rel1.win32_1.0.100.202403111256/tools/bin/../lib/gcc/arm-none-eabi/12.3.1/thumb/v7e-m+dp/hard\libgcc.a(_aeabi_uldivmod.o)
                0x080002f0                __aeabi_uldivmod
 .text          0x08000320      0x2bc C:/ST/STM32CubeIDE_1.13.0/STM32CubeIDE/plugins/com.st.stm32cube.ide.mcu.externaltools.gnu-tools-for-stm32.12.3.rel1.win32_1.0.100.202403111256/tools/bin/../lib/gcc/arm-none-eabi/12.3.1/thumb/v7e-m+dp/hard\libgcc.a(_udivmoddi4.o)
                0x08000320                __udivmoddi4
 .text          0x080005dc        0x4 C:/ST/STM32CubeIDE_1.13.0/STM32CubeIDE/plugins/com.st.stm32cube.ide.mcu.externaltools.gnu-tools-for-stm32.12.3.rel1.win32_1.0.100.202403111256/tools/bin/../lib/gcc/arm-none-eabi/12.3.1/thumb/v7e-m+dp/hard\libgcc.a(_dvmd_tls.o)
                0x080005dc                __aeabi_idiv0
                0x080005dc                __aeabi_ldiv0
 *(.text*)
 .text.filtercanconfig_can1
                0x080005e0       0x50 ./Core/Src/can.o
                0x080005e0                filtercanconfig_can1
 .text.filtercanconfig_can2
                0x08000630       0x50 ./Core/Src/can.o
                0x08000630                filtercanconfig_can2
 .text.message_cantx_Cooling
                0x08000680       0x68 ./Core/Src/can.o
                0x08000680                message_cantx_Cooling
 .text.message_cantx_EnableDrive
                0x080006e8       0x4c ./Core/Src/can.o
                0x080006e8                message_cantx_EnableDrive
 .text.message_cantx_Keep_Alive
                0x08000734       0x4c ./Core/Src/can.o
                0x08000734                message_cantx_Keep_Alive
 .text.message_cantx_Mode
                0x08000780       0x4c ./Core/Src/can.o
                0x08000780                message_cantx_Mode
 .text.message_cantx_PrechargeRequest
                0x080007cc       0x4c ./Core/Src/can.o
                0x080007cc                message_cantx_PrechargeRequest
 .text.rx_sorter_can1
                0x08000818      0x224 ./Core/Src/can.o
                0x08000818                rx_sorter_can1
 .text.rx_sorter_can2
                0x08000a3c      0x254 ./Core/Src/can.o
                0x08000a3c                rx_sorter_can2
 .text.car_state_0
                0x08000c90      0x19c ./Core/Src/car_state.o
                0x08000c90                car_state_0
 .text.car_state_3
                0x08000e2c      0x178 ./Core/Src/car_state.o
                0x08000e2c                car_state_3
 .text.car_state_6
                0x08000fa4       0xf4 ./Core/Src/car_state.o
                0x08000fa4                car_state_6
 .text.car_state_9
                0x08001098       0xa0 ./Core/Src/car_state.o
                0x08001098                car_state_9
 .text.car_state_12
                0x08001138       0xe0 ./Core/Src/car_state.o
                0x08001138                car_state_12
 .text.car_state_14
                0x08001218       0xb0 ./Core/Src/car_state.o
                0x08001218                car_state_14
 .text.car_state_15
                0x080012c8      0x3c0 ./Core/Src/car_state.o
                0x080012c8                car_state_15
 .text.car_state_21
                0x08001688       0xd0 ./Core/Src/car_state.o
                0x08001688                car_state_21
 .text.CAR_STATE_FUNCTION
                0x08001758      0x26c ./Core/Src/car_state.o
                0x08001758                CAR_STATE_FUNCTION
 .text.flag_left
                0x080019c4       0x50 ./Core/Src/car_state.o
                0x080019c4                flag_left
 .text.flag_right
                0x08001a14       0x50 ./Core/Src/car_state.o
                0x08001a14                flag_right
 .text.shutdown_chain
                0x08001a64      0x760 ./Core/Src/car_state.o
                0x08001a64                shutdown_chain
 .text.Read_Button_Edge
                0x080021c4       0x2e ./Core/Src/car_state.o
                0x080021c4                Read_Button_Edge
 *fill*         0x080021f2        0x2 
 .text.cooling_mode_selection
                0x080021f4      0x45c ./Core/Src/car_state.o
                0x080021f4                cooling_mode_selection
 .text.racing_mode_selection
                0x08002650      0x1e4 ./Core/Src/car_state.o
                0x08002650                racing_mode_selection
 .text.BMS_IMD_ERROR
                0x08002834       0x7c ./Core/Src/car_state.o
                0x08002834                BMS_IMD_ERROR
 .text.enable_driving
                0x080028b0       0x78 ./Core/Src/car_state.o
                0x080028b0                enable_driving
 .text.car_state_12_control
                0x08002928       0x32 ./Core/Src/car_state.o
                0x08002928                car_state_12_control
 *fill*         0x0800295a        0x2 
 .text.LEDs_off
                0x0800295c       0x7c ./Core/Src/car_state.o
                0x0800295c                LEDs_off
 .text.setLEDs  0x080029d8      0x2e4 ./Core/Src/car_state.o
                0x080029d8                setLEDs
 .text.glcd_etr_command
                0x08002cbc       0x50 ./Core/Src/glcd_etr.o
                0x08002cbc                glcd_etr_command
 .text.glcd_etr_init
                0x08002d0c      0x1bc ./Core/Src/glcd_etr.o
                0x08002d0c                glcd_etr_init
 .text.glcd_etr_data
                0x08002ec8       0x50 ./Core/Src/glcd_etr.o
                0x08002ec8                glcd_etr_data
 .text.glcd_etr_refresh
                0x08002f18      0x190 ./Core/Src/glcd_etr.o
                0x08002f18                glcd_etr_refresh
 .text.glcd_pixel
                0x080030a8       0xb0 ./Core/Src/glcd_etr.o
                0x080030a8                glcd_pixel
 .text.glcd_etr_blank
                0x08003158       0x40 ./Core/Src/glcd_etr.o
                0x08003158                glcd_etr_blank
 .text.draw_text
                0x08003198       0x7c ./Core/Src/graphics.o
                0x08003198                draw_text
 .text.draw_char
                0x08003214      0x176 ./Core/Src/graphics.o
                0x08003214                draw_char
 .text.draw_rectangle
                0x0800338a       0x8e ./Core/Src/graphics.o
                0x0800338a                draw_rectangle
 .text.blank_rectangle
                0x08003418       0x58 ./Core/Src/graphics.o
                0x08003418                blank_rectangle
 .text.draw_box
                0x08003470       0xae ./Core/Src/graphics.o
                0x08003470                draw_box
 .text.draw_line
                0x0800351e      0x162 ./Core/Src/graphics.o
                0x0800351e                draw_line
 .text.logo_ETR
                0x08003680      0x13c ./Core/Src/graphics.o
                0x08003680                logo_ETR
 .text.drawXparameter
                0x080037bc       0xf0 ./Core/Src/graphics.o
                0x080037bc                drawXparameter
 .text.drawBars
                0x080038ac       0xee ./Core/Src/graphics.o
                0x080038ac                drawBars
 *fill*         0x0800399a        0x2 
 .text.writeXparameterValue
                0x0800399c       0xb4 ./Core/Src/graphics.o
                0x0800399c                writeXparameterValue
 .text.writeCentenes
                0x08003a50      0x36c ./Core/Src/graphics.o
                0x08003a50                writeCentenes
 .text.writeDesenes
                0x08003dbc      0x36c ./Core/Src/graphics.o
                0x08003dbc                writeDesenes
 .text.writeUnitats
                0x08004128      0x36c ./Core/Src/graphics.o
                0x08004128                writeUnitats
 .text.scrollDrawing
                0x08004494      0x460 ./Core/Src/graphics.o
                0x08004494                scrollDrawing
 .text.NORMATIVE_INIT
                0x080048f4       0x48 ./Core/Src/init.o
                0x080048f4                NORMATIVE_INIT
 .text.CAN1_CONFIG_INIT
                0x0800493c       0x5c ./Core/Src/init.o
                0x0800493c                CAN1_CONFIG_INIT
 .text.CAN2_CONFIG_INIT
                0x08004998       0x5c ./Core/Src/init.o
                0x08004998                CAN2_CONFIG_INIT
 .text.VARIABLE_RESET
                0x080049f4       0x5c ./Core/Src/init.o
                0x080049f4                VARIABLE_RESET
 .text.main     0x08004a50      0x428 ./Core/Src/main.o
                0x08004a50                main
 .text.SystemClock_Config
                0x08004e78       0xe0 ./Core/Src/main.o
                0x08004e78                SystemClock_Config
 .text.MX_CAN1_Init
                0x08004f58       0x6c ./Core/Src/main.o
 .text.MX_CAN2_Init
                0x08004fc4       0x6c ./Core/Src/main.o
 .text.MX_SPI3_Init
                0x08005030       0x7c ./Core/Src/main.o
 .text.MX_TIM11_Init
                0x080050ac       0x48 ./Core/Src/main.o
 .text.MX_TIM13_Init
                0x080050f4       0x48 ./Core/Src/main.o
 .text.MX_TIM14_Init
                0x0800513c       0x48 ./Core/Src/main.o
 .text.MX_GPIO_Init
                0x08005184      0x190 ./Core/Src/main.o
 .text.HAL_CAN_RxFifo0MsgPendingCallback
                0x08005314      0x10c ./Core/Src/main.o
                0x08005314                HAL_CAN_RxFifo0MsgPendingCallback
 .text.HAL_CAN_RxFifo1MsgPendingCallback
                0x08005420      0x138 ./Core/Src/main.o
                0x08005420                HAL_CAN_RxFifo1MsgPendingCallback
 .text.HAL_TIM_PeriodElapsedCallback
                0x08005558      0x25c ./Core/Src/main.o
                0x08005558                HAL_TIM_PeriodElapsedCallback
 .text.MPU_Config
                0x080057b4       0x58 ./Core/Src/main.o
 .text.Error_Handler
                0x0800580c        0xc ./Core/Src/main.o
                0x0800580c                Error_Handler
 .text.HAL_MspInit
                0x08005818       0x48 ./Core/Src/stm32f7xx_hal_msp.o
                0x08005818                HAL_MspInit
 .text.HAL_CAN_MspInit
                0x08005860      0x1ac ./Core/Src/stm32f7xx_hal_msp.o
                0x08005860                HAL_CAN_MspInit
 .text.HAL_SPI_MspInit
                0x08005a0c       0x88 ./Core/Src/stm32f7xx_hal_msp.o
                0x08005a0c                HAL_SPI_MspInit
 .text.HAL_TIM_Base_MspInit
                0x08005a94       0xbc ./Core/Src/stm32f7xx_hal_msp.o
                0x08005a94                HAL_TIM_Base_MspInit
 .text.NMI_Handler
                0x08005b50        0x8 ./Core/Src/stm32f7xx_it.o
                0x08005b50                NMI_Handler
 .text.HardFault_Handler
                0x08005b58        0x8 ./Core/Src/stm32f7xx_it.o
                0x08005b58                HardFault_Handler
 .text.MemManage_Handler
                0x08005b60        0x8 ./Core/Src/stm32f7xx_it.o
                0x08005b60                MemManage_Handler
 .text.BusFault_Handler
                0x08005b68        0x8 ./Core/Src/stm32f7xx_it.o
                0x08005b68                BusFault_Handler
 .text.UsageFault_Handler
                0x08005b70        0x8 ./Core/Src/stm32f7xx_it.o
                0x08005b70                UsageFault_Handler
 .text.SVC_Handler
                0x08005b78        0xe ./Core/Src/stm32f7xx_it.o
                0x08005b78                SVC_Handler
 .text.DebugMon_Handler
                0x08005b86        0xe ./Core/Src/stm32f7xx_it.o
                0x08005b86                DebugMon_Handler
 .text.PendSV_Handler
                0x08005b94        0xe ./Core/Src/stm32f7xx_it.o
                0x08005b94                PendSV_Handler
 .text.SysTick_Handler
                0x08005ba2        0xc ./Core/Src/stm32f7xx_it.o
                0x08005ba2                SysTick_Handler
 *fill*         0x08005bae        0x2 
 .text.CAN1_TX_IRQHandler
                0x08005bb0       0x14 ./Core/Src/stm32f7xx_it.o
                0x08005bb0                CAN1_TX_IRQHandler
 .text.CAN1_RX0_IRQHandler
                0x08005bc4       0x14 ./Core/Src/stm32f7xx_it.o
                0x08005bc4                CAN1_RX0_IRQHandler
 .text.CAN1_RX1_IRQHandler
                0x08005bd8       0x14 ./Core/Src/stm32f7xx_it.o
                0x08005bd8                CAN1_RX1_IRQHandler
 .text.CAN1_SCE_IRQHandler
                0x08005bec       0x14 ./Core/Src/stm32f7xx_it.o
                0x08005bec                CAN1_SCE_IRQHandler
 .text.TIM1_TRG_COM_TIM11_IRQHandler
                0x08005c00       0x14 ./Core/Src/stm32f7xx_it.o
                0x08005c00                TIM1_TRG_COM_TIM11_IRQHandler
 .text.TIM8_UP_TIM13_IRQHandler
                0x08005c14       0x14 ./Core/Src/stm32f7xx_it.o
                0x08005c14                TIM8_UP_TIM13_IRQHandler
 .text.TIM8_TRG_COM_TIM14_IRQHandler
                0x08005c28       0x14 ./Core/Src/stm32f7xx_it.o
                0x08005c28                TIM8_TRG_COM_TIM14_IRQHandler
 .text.CAN2_TX_IRQHandler
                0x08005c3c       0x14 ./Core/Src/stm32f7xx_it.o
                0x08005c3c                CAN2_TX_IRQHandler
 .text.CAN2_RX0_IRQHandler
                0x08005c50       0x14 ./Core/Src/stm32f7xx_it.o
                0x08005c50                CAN2_RX0_IRQHandler
 .text.CAN2_RX1_IRQHandler
                0x08005c64       0x14 ./Core/Src/stm32f7xx_it.o
                0x08005c64                CAN2_RX1_IRQHandler
 .text.CAN2_SCE_IRQHandler
                0x08005c78       0x14 ./Core/Src/stm32f7xx_it.o
                0x08005c78                CAN2_SCE_IRQHandler
 .text._getpid  0x08005c8c       0x10 ./Core/Src/syscalls.o
                0x08005c8c                _getpid
 .text._kill    0x08005c9c       0x20 ./Core/Src/syscalls.o
                0x08005c9c                _kill
 .text._exit    0x08005cbc       0x16 ./Core/Src/syscalls.o
                0x08005cbc                _exit
 .text._read    0x08005cd2       0x3a ./Core/Src/syscalls.o
                0x08005cd2                _read
 .text._write   0x08005d0c       0x38 ./Core/Src/syscalls.o
                0x08005d0c                _write
 .text._close   0x08005d44       0x18 ./Core/Src/syscalls.o
                0x08005d44                _close
 .text._fstat   0x08005d5c       0x20 ./Core/Src/syscalls.o
                0x08005d5c                _fstat
 .text._isatty  0x08005d7c       0x16 ./Core/Src/syscalls.o
                0x08005d7c                _isatty
 .text._lseek   0x08005d92       0x1a ./Core/Src/syscalls.o
                0x08005d92                _lseek
 .text._sbrk    0x08005dac       0x6c ./Core/Src/sysmem.o
                0x08005dac                _sbrk
 .text.SystemInit
                0x08005e18       0x24 ./Core/Src/system_stm32f7xx.o
                0x08005e18                SystemInit
 .text.Reset_Handler
                0x08005e3c       0x50 ./Core/Startup/startup_stm32f777vitx.o
                0x08005e3c                Reset_Handler
 .text.Default_Handler
                0x08005e8c        0x2 ./Core/Startup/startup_stm32f777vitx.o
                0x08005e8c                RTC_Alarm_IRQHandler
                0x08005e8c                HASH_RNG_IRQHandler
                0x08005e8c                EXTI2_IRQHandler
                0x08005e8c                TIM8_CC_IRQHandler
                0x08005e8c                UART8_IRQHandler
                0x08005e8c                SPI4_IRQHandler
                0x08005e8c                TIM1_CC_IRQHandler
                0x08005e8c                DMA2_Stream5_IRQHandler
                0x08005e8c                JPEG_IRQHandler
                0x08005e8c                DMA1_Stream5_IRQHandler
                0x08005e8c                CAN3_RX1_IRQHandler
                0x08005e8c                PVD_IRQHandler
                0x08005e8c                TAMP_STAMP_IRQHandler
                0x08005e8c                EXTI3_IRQHandler
                0x08005e8c                DFSDM1_FLT1_IRQHandler
                0x08005e8c                TIM1_UP_TIM10_IRQHandler
                0x08005e8c                I2C3_ER_IRQHandler
                0x08005e8c                DFSDM1_FLT2_IRQHandler
                0x08005e8c                EXTI0_IRQHandler
                0x08005e8c                I2C2_EV_IRQHandler
                0x08005e8c                DMA1_Stream2_IRQHandler
                0x08005e8c                FPU_IRQHandler
                0x08005e8c                OTG_HS_WKUP_IRQHandler
                0x08005e8c                CAN3_SCE_IRQHandler
                0x08005e8c                LTDC_ER_IRQHandler
                0x08005e8c                DMA2_Stream2_IRQHandler
                0x08005e8c                SPI1_IRQHandler
                0x08005e8c                TIM6_DAC_IRQHandler
                0x08005e8c                TIM1_BRK_TIM9_IRQHandler
                0x08005e8c                DCMI_IRQHandler
                0x08005e8c                DMA2_Stream3_IRQHandler
                0x08005e8c                SAI2_IRQHandler
                0x08005e8c                DFSDM1_FLT3_IRQHandler
                0x08005e8c                USART6_IRQHandler
                0x08005e8c                CAN3_RX0_IRQHandler
                0x08005e8c                USART3_IRQHandler
                0x08005e8c                CRYP_IRQHandler
                0x08005e8c                UART5_IRQHandler
                0x08005e8c                DMA2_Stream0_IRQHandler
                0x08005e8c                TIM4_IRQHandler
                0x08005e8c                QUADSPI_IRQHandler
                0x08005e8c                I2C1_EV_IRQHandler
                0x08005e8c                DMA1_Stream6_IRQHandler
                0x08005e8c                DMA1_Stream1_IRQHandler
                0x08005e8c                UART4_IRQHandler
                0x08005e8c                TIM3_IRQHandler
                0x08005e8c                RCC_IRQHandler
                0x08005e8c                TIM8_BRK_TIM12_IRQHandler
                0x08005e8c                Default_Handler
                0x08005e8c                CEC_IRQHandler
                0x08005e8c                EXTI15_10_IRQHandler
                0x08005e8c                ADC_IRQHandler
                0x08005e8c                DMA1_Stream7_IRQHandler
                0x08005e8c                SPI5_IRQHandler
                0x08005e8c                TIM7_IRQHandler
                0x08005e8c                SDMMC1_IRQHandler
                0x08005e8c                TIM5_IRQHandler
                0x08005e8c                DMA2_Stream7_IRQHandler
                0x08005e8c                I2C3_EV_IRQHandler
                0x08005e8c                EXTI9_5_IRQHandler
                0x08005e8c                RTC_WKUP_IRQHandler
                0x08005e8c                LTDC_IRQHandler
                0x08005e8c                ETH_WKUP_IRQHandler
                0x08005e8c                SPDIF_RX_IRQHandler
                0x08005e8c                SPI2_IRQHandler
                0x08005e8c                OTG_HS_EP1_IN_IRQHandler
                0x08005e8c                DMA1_Stream0_IRQHandler
                0x08005e8c                EXTI4_IRQHandler
                0x08005e8c                ETH_IRQHandler
                0x08005e8c                OTG_HS_EP1_OUT_IRQHandler
                0x08005e8c                WWDG_IRQHandler
                0x08005e8c                SPI6_IRQHandler
                0x08005e8c                MDIOS_IRQHandler
                0x08005e8c                I2C4_EV_IRQHandler
                0x08005e8c                CAN3_TX_IRQHandler
                0x08005e8c                TIM2_IRQHandler
                0x08005e8c                OTG_FS_WKUP_IRQHandler
                0x08005e8c                OTG_HS_IRQHandler
                0x08005e8c                DMA2D_IRQHandler
                0x08005e8c                EXTI1_IRQHandler
                0x08005e8c                SDMMC2_IRQHandler
                0x08005e8c                UART7_IRQHandler
                0x08005e8c                USART2_IRQHandler
                0x08005e8c                DFSDM1_FLT0_IRQHandler
                0x08005e8c                I2C2_ER_IRQHandler
                0x08005e8c                DMA2_Stream1_IRQHandler
                0x08005e8c                FLASH_IRQHandler
                0x08005e8c                DMA2_Stream4_IRQHandler
                0x08005e8c                USART1_IRQHandler
                0x08005e8c                OTG_FS_IRQHandler
                0x08005e8c                SPI3_IRQHandler
                0x08005e8c                DMA1_Stream4_IRQHandler
                0x08005e8c                I2C1_ER_IRQHandler
                0x08005e8c                FMC_IRQHandler
                0x08005e8c                LPTIM1_IRQHandler
                0x08005e8c                I2C4_ER_IRQHandler
                0x08005e8c                DMA2_Stream6_IRQHandler
                0x08005e8c                SAI1_IRQHandler
                0x08005e8c                DMA1_Stream3_IRQHandler
 .text.HAL_Init
                0x08005e8e       0x1a ./Drivers/STM32F7xx_HAL_Driver/Src/stm32f7xx_hal.o
                0x08005e8e                HAL_Init
 .text.HAL_InitTick
                0x08005ea8       0x60 ./Drivers/STM32F7xx_HAL_Driver/Src/stm32f7xx_hal.o
                0x08005ea8                HAL_InitTick
 .text.HAL_IncTick
                0x08005f08       0x28 ./Drivers/STM32F7xx_HAL_Driver/Src/stm32f7xx_hal.o
                0x08005f08                HAL_IncTick
 .text.HAL_GetTick
                0x08005f30       0x18 ./Drivers/STM32F7xx_HAL_Driver/Src/stm32f7xx_hal.o
                0x08005f30                HAL_GetTick
 .text.HAL_Delay
                0x08005f48       0x48 ./Drivers/STM32F7xx_HAL_Driver/Src/stm32f7xx_hal.o
                0x08005f48                HAL_Delay
 .text.HAL_CAN_Init
                0x08005f90      0x1f6 ./Drivers/STM32F7xx_HAL_Driver/Src/stm32f7xx_hal_can.o
                0x08005f90                HAL_CAN_Init
 *fill*         0x08006186        0x2 
 .text.HAL_CAN_ConfigFilter
                0x08006188      0x1d8 ./Drivers/STM32F7xx_HAL_Driver/Src/stm32f7xx_hal_can.o
                0x08006188                HAL_CAN_ConfigFilter
 .text.HAL_CAN_Start
                0x08006360       0x88 ./Drivers/STM32F7xx_HAL_Driver/Src/stm32f7xx_hal_can.o
                0x08006360                HAL_CAN_Start
 .text.HAL_CAN_AddTxMessage
                0x080063e8      0x1a0 ./Drivers/STM32F7xx_HAL_Driver/Src/stm32f7xx_hal_can.o
                0x080063e8                HAL_CAN_AddTxMessage
 .text.HAL_CAN_GetRxMessage
                0x08006588      0x224 ./Drivers/STM32F7xx_HAL_Driver/Src/stm32f7xx_hal_can.o
                0x08006588                HAL_CAN_GetRxMessage
 .text.HAL_CAN_ActivateNotification
                0x080067ac       0x4c ./Drivers/STM32F7xx_HAL_Driver/Src/stm32f7xx_hal_can.o
                0x080067ac                HAL_CAN_ActivateNotification
 .text.HAL_CAN_IRQHandler
                0x080067f8      0x36e ./Drivers/STM32F7xx_HAL_Driver/Src/stm32f7xx_hal_can.o
                0x080067f8                HAL_CAN_IRQHandler
 .text.HAL_CAN_TxMailbox0CompleteCallback
                0x08006b66       0x14 ./Drivers/STM32F7xx_HAL_Driver/Src/stm32f7xx_hal_can.o
                0x08006b66                HAL_CAN_TxMailbox0CompleteCallback
 .text.HAL_CAN_TxMailbox1CompleteCallback
                0x08006b7a       0x14 ./Drivers/STM32F7xx_HAL_Driver/Src/stm32f7xx_hal_can.o
                0x08006b7a                HAL_CAN_TxMailbox1CompleteCallback
 .text.HAL_CAN_TxMailbox2CompleteCallback
                0x08006b8e       0x14 ./Drivers/STM32F7xx_HAL_Driver/Src/stm32f7xx_hal_can.o
                0x08006b8e                HAL_CAN_TxMailbox2CompleteCallback
 .text.HAL_CAN_TxMailbox0AbortCallback
                0x08006ba2       0x14 ./Drivers/STM32F7xx_HAL_Driver/Src/stm32f7xx_hal_can.o
                0x08006ba2                HAL_CAN_TxMailbox0AbortCallback
 .text.HAL_CAN_TxMailbox1AbortCallback
                0x08006bb6       0x14 ./Drivers/STM32F7xx_HAL_Driver/Src/stm32f7xx_hal_can.o
                0x08006bb6                HAL_CAN_TxMailbox1AbortCallback
 .text.HAL_CAN_TxMailbox2AbortCallback
                0x08006bca       0x14 ./Drivers/STM32F7xx_HAL_Driver/Src/stm32f7xx_hal_can.o
                0x08006bca                HAL_CAN_TxMailbox2AbortCallback
 .text.HAL_CAN_RxFifo0FullCallback
                0x08006bde       0x14 ./Drivers/STM32F7xx_HAL_Driver/Src/stm32f7xx_hal_can.o
                0x08006bde                HAL_CAN_RxFifo0FullCallback
 .text.HAL_CAN_RxFifo1FullCallback
                0x08006bf2       0x14 ./Drivers/STM32F7xx_HAL_Driver/Src/stm32f7xx_hal_can.o
                0x08006bf2                HAL_CAN_RxFifo1FullCallback
 .text.HAL_CAN_SleepCallback
                0x08006c06       0x14 ./Drivers/STM32F7xx_HAL_Driver/Src/stm32f7xx_hal_can.o
                0x08006c06                HAL_CAN_SleepCallback
 .text.HAL_CAN_WakeUpFromRxMsgCallback
                0x08006c1a       0x14 ./Drivers/STM32F7xx_HAL_Driver/Src/stm32f7xx_hal_can.o
                0x08006c1a                HAL_CAN_WakeUpFromRxMsgCallback
 .text.HAL_CAN_ErrorCallback
                0x08006c2e       0x14 ./Drivers/STM32F7xx_HAL_Driver/Src/stm32f7xx_hal_can.o
                0x08006c2e                HAL_CAN_ErrorCallback
 *fill*         0x08006c42        0x2 
 .text.__NVIC_SetPriorityGrouping
                0x08006c44       0x48 ./Drivers/STM32F7xx_HAL_Driver/Src/stm32f7xx_hal_cortex.o
 .text.__NVIC_GetPriorityGrouping
                0x08006c8c       0x1c ./Drivers/STM32F7xx_HAL_Driver/Src/stm32f7xx_hal_cortex.o
 .text.__NVIC_EnableIRQ
                0x08006ca8       0x3c ./Drivers/STM32F7xx_HAL_Driver/Src/stm32f7xx_hal_cortex.o
 .text.__NVIC_SetPriority
                0x08006ce4       0x54 ./Drivers/STM32F7xx_HAL_Driver/Src/stm32f7xx_hal_cortex.o
 .text.NVIC_EncodePriority
                0x08006d38       0x66 ./Drivers/STM32F7xx_HAL_Driver/Src/stm32f7xx_hal_cortex.o
 *fill*         0x08006d9e        0x2 
 .text.SysTick_Config
                0x08006da0       0x44 ./Drivers/STM32F7xx_HAL_Driver/Src/stm32f7xx_hal_cortex.o
 .text.HAL_NVIC_SetPriorityGrouping
                0x08006de4       0x16 ./Drivers/STM32F7xx_HAL_Driver/Src/stm32f7xx_hal_cortex.o
                0x08006de4                HAL_NVIC_SetPriorityGrouping
 .text.HAL_NVIC_SetPriority
                0x08006dfa       0x38 ./Drivers/STM32F7xx_HAL_Driver/Src/stm32f7xx_hal_cortex.o
                0x08006dfa                HAL_NVIC_SetPriority
 .text.HAL_NVIC_EnableIRQ
                0x08006e32       0x1c ./Drivers/STM32F7xx_HAL_Driver/Src/stm32f7xx_hal_cortex.o
                0x08006e32                HAL_NVIC_EnableIRQ
 .text.HAL_SYSTICK_Config
                0x08006e4e       0x18 ./Drivers/STM32F7xx_HAL_Driver/Src/stm32f7xx_hal_cortex.o
                0x08006e4e                HAL_SYSTICK_Config
 *fill*         0x08006e66        0x2 
 .text.HAL_MPU_Disable
                0x08006e68       0x30 ./Drivers/STM32F7xx_HAL_Driver/Src/stm32f7xx_hal_cortex.o
                0x08006e68                HAL_MPU_Disable
 .text.HAL_MPU_Enable
                0x08006e98       0x40 ./Drivers/STM32F7xx_HAL_Driver/Src/stm32f7xx_hal_cortex.o
                0x08006e98                HAL_MPU_Enable
 .text.HAL_MPU_ConfigRegion
                0x08006ed8       0x88 ./Drivers/STM32F7xx_HAL_Driver/Src/stm32f7xx_hal_cortex.o
                0x08006ed8                HAL_MPU_ConfigRegion
 .text.HAL_GPIO_Init
                0x08006f60      0x358 ./Drivers/STM32F7xx_HAL_Driver/Src/stm32f7xx_hal_gpio.o
                0x08006f60                HAL_GPIO_Init
 .text.HAL_GPIO_ReadPin
                0x080072b8       0x30 ./Drivers/STM32F7xx_HAL_Driver/Src/stm32f7xx_hal_gpio.o
                0x080072b8                HAL_GPIO_ReadPin
 .text.HAL_GPIO_WritePin
                0x080072e8       0x32 ./Drivers/STM32F7xx_HAL_Driver/Src/stm32f7xx_hal_gpio.o
                0x080072e8                HAL_GPIO_WritePin
 *fill*         0x0800731a        0x2 
 .text.HAL_PWREx_EnableOverDrive
                0x0800731c       0xa0 ./Drivers/STM32F7xx_HAL_Driver/Src/stm32f7xx_hal_pwr_ex.o
                0x0800731c                HAL_PWREx_EnableOverDrive
 .text.HAL_RCC_OscConfig
                0x080073bc      0x55c ./Drivers/STM32F7xx_HAL_Driver/Src/stm32f7xx_hal_rcc.o
                0x080073bc                HAL_RCC_OscConfig
 .text.HAL_RCC_ClockConfig
                0x08007918      0x1d8 ./Drivers/STM32F7xx_HAL_Driver/Src/stm32f7xx_hal_rcc.o
                0x08007918                HAL_RCC_ClockConfig
 .text.HAL_RCC_GetSysClockFreq
                0x08007af0      0x18c ./Drivers/STM32F7xx_HAL_Driver/Src/stm32f7xx_hal_rcc.o
                0x08007af0                HAL_RCC_GetSysClockFreq
 .text.HAL_SPI_Init
                0x08007c7c      0x156 ./Drivers/STM32F7xx_HAL_Driver/Src/stm32f7xx_hal_spi.o
                0x08007c7c                HAL_SPI_Init
 .text.HAL_SPI_Transmit
                0x08007dd2      0x2dc ./Drivers/STM32F7xx_HAL_Driver/Src/stm32f7xx_hal_spi.o
                0x08007dd2                HAL_SPI_Transmit
 *fill*         0x080080ae        0x2 
 .text.SPI_WaitFlagStateUntilTimeout
                0x080080b0      0x110 ./Drivers/STM32F7xx_HAL_Driver/Src/stm32f7xx_hal_spi.o
 .text.SPI_WaitFifoStateUntilTimeout
                0x080081c0      0x12c ./Drivers/STM32F7xx_HAL_Driver/Src/stm32f7xx_hal_spi.o
 .text.SPI_EndRxTxTransaction
                0x080082ec       0xd4 ./Drivers/STM32F7xx_HAL_Driver/Src/stm32f7xx_hal_spi.o
 .text.HAL_TIM_Base_Init
                0x080083c0       0xae ./Drivers/STM32F7xx_HAL_Driver/Src/stm32f7xx_hal_tim.o
                0x080083c0                HAL_TIM_Base_Init
 *fill*         0x0800846e        0x2 
 .text.HAL_TIM_Base_Start_IT
                0x08008470       0xf0 ./Drivers/STM32F7xx_HAL_Driver/Src/stm32f7xx_hal_tim.o
                0x08008470                HAL_TIM_Base_Start_IT
 .text.HAL_TIM_IRQHandler
                0x08008560      0x23e ./Drivers/STM32F7xx_HAL_Driver/Src/stm32f7xx_hal_tim.o
                0x08008560                HAL_TIM_IRQHandler
 .text.HAL_TIM_OC_DelayElapsedCallback
                0x0800879e       0x14 ./Drivers/STM32F7xx_HAL_Driver/Src/stm32f7xx_hal_tim.o
                0x0800879e                HAL_TIM_OC_DelayElapsedCallback
 .text.HAL_TIM_IC_CaptureCallback
                0x080087b2       0x14 ./Drivers/STM32F7xx_HAL_Driver/Src/stm32f7xx_hal_tim.o
                0x080087b2                HAL_TIM_IC_CaptureCallback
 .text.HAL_TIM_PWM_PulseFinishedCallback
                0x080087c6       0x14 ./Drivers/STM32F7xx_HAL_Driver/Src/stm32f7xx_hal_tim.o
                0x080087c6                HAL_TIM_PWM_PulseFinishedCallback
 .text.HAL_TIM_TriggerCallback
                0x080087da       0x14 ./Drivers/STM32F7xx_HAL_Driver/Src/stm32f7xx_hal_tim.o
                0x080087da                HAL_TIM_TriggerCallback
 *fill*         0x080087ee        0x2 
 .text.TIM_Base_SetConfig
                0x080087f0      0x140 ./Drivers/STM32F7xx_HAL_Driver/Src/stm32f7xx_hal_tim.o
                0x080087f0                TIM_Base_SetConfig
 .text.HAL_TIMEx_CommutCallback
                0x08008930       0x14 ./Drivers/STM32F7xx_HAL_Driver/Src/stm32f7xx_hal_tim_ex.o
                0x08008930                HAL_TIMEx_CommutCallback
 .text.HAL_TIMEx_BreakCallback
                0x08008944       0x14 ./Drivers/STM32F7xx_HAL_Driver/Src/stm32f7xx_hal_tim_ex.o
                0x08008944                HAL_TIMEx_BreakCallback
 .text.HAL_TIMEx_Break2Callback
                0x08008958       0x14 ./Drivers/STM32F7xx_HAL_Driver/Src/stm32f7xx_hal_tim_ex.o
                0x08008958                HAL_TIMEx_Break2Callback
 .text.__cvt    0x0800896c       0xa8 C:/ST/STM32CubeIDE_1.13.0/STM32CubeIDE/plugins/com.st.stm32cube.ide.mcu.externaltools.gnu-tools-for-stm32.12.3.rel1.win32_1.0.100.202403111256/tools/bin/../lib/gcc/arm-none-eabi/12.3.1/../../../../arm-none-eabi/lib/thumb/v7e-m+dp/hard\libc_nano.a(libc_a-nano-vfprintf_float.o)
                0x0800896c                __cvt
 .text.__exponent
                0x08008a14       0x74 C:/ST/STM32CubeIDE_1.13.0/STM32CubeIDE/plugins/com.st.stm32cube.ide.mcu.externaltools.gnu-tools-for-stm32.12.3.rel1.win32_1.0.100.202403111256/tools/bin/../lib/gcc/arm-none-eabi/12.3.1/../../../../arm-none-eabi/lib/thumb/v7e-m+dp/hard\libc_nano.a(libc_a-nano-vfprintf_float.o)
                0x08008a14                __exponent
 .text._printf_float
                0x08008a88      0x434 C:/ST/STM32CubeIDE_1.13.0/STM32CubeIDE/plugins/com.st.stm32cube.ide.mcu.externaltools.gnu-tools-for-stm32.12.3.rel1.win32_1.0.100.202403111256/tools/bin/../lib/gcc/arm-none-eabi/12.3.1/../../../../arm-none-eabi/lib/thumb/v7e-m+dp/hard\libc_nano.a(libc_a-nano-vfprintf_float.o)
                0x08008a88                _printf_float
 .text._printf_common
                0x08008ebc       0xda C:/ST/STM32CubeIDE_1.13.0/STM32CubeIDE/plugins/com.st.stm32cube.ide.mcu.externaltools.gnu-tools-for-stm32.12.3.rel1.win32_1.0.100.202403111256/tools/bin/../lib/gcc/arm-none-eabi/12.3.1/../../../../arm-none-eabi/lib/thumb/v7e-m+dp/hard\libc_nano.a(libc_a-nano-vfprintf_i.o)
                0x08008ebc                _printf_common
 *fill*         0x08008f96        0x2 
 .text._printf_i
                0x08008f98      0x240 C:/ST/STM32CubeIDE_1.13.0/STM32CubeIDE/plugins/com.st.stm32cube.ide.mcu.externaltools.gnu-tools-for-stm32.12.3.rel1.win32_1.0.100.202403111256/tools/bin/../lib/gcc/arm-none-eabi/12.3.1/../../../../arm-none-eabi/lib/thumb/v7e-m+dp/hard\libc_nano.a(libc_a-nano-vfprintf_i.o)
                0x08008f98                _printf_i
 .text.std      0x080091d8       0x6c C:/ST/STM32CubeIDE_1.13.0/STM32CubeIDE/plugins/com.st.stm32cube.ide.mcu.externaltools.gnu-tools-for-stm32.12.3.rel1.win32_1.0.100.202403111256/tools/bin/../lib/gcc/arm-none-eabi/12.3.1/../../../../arm-none-eabi/lib/thumb/v7e-m+dp/hard\libc_nano.a(libc_a-findfp.o)
 .text.stdio_exit_handler
                0x08009244       0x18 C:/ST/STM32CubeIDE_1.13.0/STM32CubeIDE/plugins/com.st.stm32cube.ide.mcu.externaltools.gnu-tools-for-stm32.12.3.rel1.win32_1.0.100.202403111256/tools/bin/../lib/gcc/arm-none-eabi/12.3.1/../../../../arm-none-eabi/lib/thumb/v7e-m+dp/hard\libc_nano.a(libc_a-findfp.o)
 .text.cleanup_stdio
                0x0800925c       0x40 C:/ST/STM32CubeIDE_1.13.0/STM32CubeIDE/plugins/com.st.stm32cube.ide.mcu.externaltools.gnu-tools-for-stm32.12.3.rel1.win32_1.0.100.202403111256/tools/bin/../lib/gcc/arm-none-eabi/12.3.1/../../../../arm-none-eabi/lib/thumb/v7e-m+dp/hard\libc_nano.a(libc_a-findfp.o)
 .text.global_stdio_init.part.0
                0x0800929c       0x3c C:/ST/STM32CubeIDE_1.13.0/STM32CubeIDE/plugins/com.st.stm32cube.ide.mcu.externaltools.gnu-tools-for-stm32.12.3.rel1.win32_1.0.100.202403111256/tools/bin/../lib/gcc/arm-none-eabi/12.3.1/../../../../arm-none-eabi/lib/thumb/v7e-m+dp/hard\libc_nano.a(libc_a-findfp.o)
 .text.__sfp_lock_acquire
                0x080092d8        0xc C:/ST/STM32CubeIDE_1.13.0/STM32CubeIDE/plugins/com.st.stm32cube.ide.mcu.externaltools.gnu-tools-for-stm32.12.3.rel1.win32_1.0.100.202403111256/tools/bin/../lib/gcc/arm-none-eabi/12.3.1/../../../../arm-none-eabi/lib/thumb/v7e-m+dp/hard\libc_nano.a(libc_a-findfp.o)
                0x080092d8                __sfp_lock_acquire
 .text.__sfp_lock_release
                0x080092e4        0xc C:/ST/STM32CubeIDE_1.13.0/STM32CubeIDE/plugins/com.st.stm32cube.ide.mcu.externaltools.gnu-tools-for-stm32.12.3.rel1.win32_1.0.100.202403111256/tools/bin/../lib/gcc/arm-none-eabi/12.3.1/../../../../arm-none-eabi/lib/thumb/v7e-m+dp/hard\libc_nano.a(libc_a-findfp.o)
                0x080092e4                __sfp_lock_release
 .text.__sinit  0x080092f0       0x30 C:/ST/STM32CubeIDE_1.13.0/STM32CubeIDE/plugins/com.st.stm32cube.ide.mcu.externaltools.gnu-tools-for-stm32.12.3.rel1.win32_1.0.100.202403111256/tools/bin/../lib/gcc/arm-none-eabi/12.3.1/../../../../arm-none-eabi/lib/thumb/v7e-m+dp/hard\libc_nano.a(libc_a-findfp.o)
                0x080092f0                __sinit
 .text._fwalk_sglue
                0x08009320       0x3c C:/ST/STM32CubeIDE_1.13.0/STM32CubeIDE/plugins/com.st.stm32cube.ide.mcu.externaltools.gnu-tools-for-stm32.12.3.rel1.win32_1.0.100.202403111256/tools/bin/../lib/gcc/arm-none-eabi/12.3.1/../../../../arm-none-eabi/lib/thumb/v7e-m+dp/hard\libc_nano.a(libc_a-fwalk.o)
                0x08009320                _fwalk_sglue
 .text.sprintf  0x0800935c       0x40 C:/ST/STM32CubeIDE_1.13.0/STM32CubeIDE/plugins/com.st.stm32cube.ide.mcu.externaltools.gnu-tools-for-stm32.12.3.rel1.win32_1.0.100.202403111256/tools/bin/../lib/gcc/arm-none-eabi/12.3.1/../../../../arm-none-eabi/lib/thumb/v7e-m+dp/hard\libc_nano.a(libc_a-sprintf.o)
                0x0800935c                siprintf
                0x0800935c                sprintf
 .text.__sread  0x0800939c       0x22 C:/ST/STM32CubeIDE_1.13.0/STM32CubeIDE/plugins/com.st.stm32cube.ide.mcu.externaltools.gnu-tools-for-stm32.12.3.rel1.win32_1.0.100.202403111256/tools/bin/../lib/gcc/arm-none-eabi/12.3.1/../../../../arm-none-eabi/lib/thumb/v7e-m+dp/hard\libc_nano.a(libc_a-stdio.o)
                0x0800939c                __sread
 .text.__swrite
                0x080093be       0x38 C:/ST/STM32CubeIDE_1.13.0/STM32CubeIDE/plugins/com.st.stm32cube.ide.mcu.externaltools.gnu-tools-for-stm32.12.3.rel1.win32_1.0.100.202403111256/tools/bin/../lib/gcc/arm-none-eabi/12.3.1/../../../../arm-none-eabi/lib/thumb/v7e-m+dp/hard\libc_nano.a(libc_a-stdio.o)
                0x080093be                __swrite
 .text.__sseek  0x080093f6       0x24 C:/ST/STM32CubeIDE_1.13.0/STM32CubeIDE/plugins/com.st.stm32cube.ide.mcu.externaltools.gnu-tools-for-stm32.12.3.rel1.win32_1.0.100.202403111256/tools/bin/../lib/gcc/arm-none-eabi/12.3.1/../../../../arm-none-eabi/lib/thumb/v7e-m+dp/hard\libc_nano.a(libc_a-stdio.o)
                0x080093f6                __sseek
 .text.__sclose
                0x0800941a        0x8 C:/ST/STM32CubeIDE_1.13.0/STM32CubeIDE/plugins/com.st.stm32cube.ide.mcu.externaltools.gnu-tools-for-stm32.12.3.rel1.win32_1.0.100.202403111256/tools/bin/../lib/gcc/arm-none-eabi/12.3.1/../../../../arm-none-eabi/lib/thumb/v7e-m+dp/hard\libc_nano.a(libc_a-stdio.o)
                0x0800941a                __sclose
 .text.memset   0x08009422       0x10 C:/ST/STM32CubeIDE_1.13.0/STM32CubeIDE/plugins/com.st.stm32cube.ide.mcu.externaltools.gnu-tools-for-stm32.12.3.rel1.win32_1.0.100.202403111256/tools/bin/../lib/gcc/arm-none-eabi/12.3.1/../../../../arm-none-eabi/lib/thumb/v7e-m+dp/hard\libc_nano.a(libc_a-memset.o)
                0x08009422                memset
 *fill*         0x08009432        0x2 
 .text._localeconv_r
                0x08009434        0x8 C:/ST/STM32CubeIDE_1.13.0/STM32CubeIDE/plugins/com.st.stm32cube.ide.mcu.externaltools.gnu-tools-for-stm32.12.3.rel1.win32_1.0.100.202403111256/tools/bin/../lib/gcc/arm-none-eabi/12.3.1/../../../../arm-none-eabi/lib/thumb/v7e-m+dp/hard\libc_nano.a(libc_a-localeconv.o)
                0x08009434                _localeconv_r
 .text._close_r
                0x0800943c       0x20 C:/ST/STM32CubeIDE_1.13.0/STM32CubeIDE/plugins/com.st.stm32cube.ide.mcu.externaltools.gnu-tools-for-stm32.12.3.rel1.win32_1.0.100.202403111256/tools/bin/../lib/gcc/arm-none-eabi/12.3.1/../../../../arm-none-eabi/lib/thumb/v7e-m+dp/hard\libc_nano.a(libc_a-closer.o)
                0x0800943c                _close_r
 .text._lseek_r
                0x0800945c       0x24 C:/ST/STM32CubeIDE_1.13.0/STM32CubeIDE/plugins/com.st.stm32cube.ide.mcu.externaltools.gnu-tools-for-stm32.12.3.rel1.win32_1.0.100.202403111256/tools/bin/../lib/gcc/arm-none-eabi/12.3.1/../../../../arm-none-eabi/lib/thumb/v7e-m+dp/hard\libc_nano.a(libc_a-lseekr.o)
                0x0800945c                _lseek_r
 .text._read_r  0x08009480       0x24 C:/ST/STM32CubeIDE_1.13.0/STM32CubeIDE/plugins/com.st.stm32cube.ide.mcu.externaltools.gnu-tools-for-stm32.12.3.rel1.win32_1.0.100.202403111256/tools/bin/../lib/gcc/arm-none-eabi/12.3.1/../../../../arm-none-eabi/lib/thumb/v7e-m+dp/hard\libc_nano.a(libc_a-readr.o)
                0x08009480                _read_r
 .text._write_r
                0x080094a4       0x24 C:/ST/STM32CubeIDE_1.13.0/STM32CubeIDE/plugins/com.st.stm32cube.ide.mcu.externaltools.gnu-tools-for-stm32.12.3.rel1.win32_1.0.100.202403111256/tools/bin/../lib/gcc/arm-none-eabi/12.3.1/../../../../arm-none-eabi/lib/thumb/v7e-m+dp/hard\libc_nano.a(libc_a-writer.o)
                0x080094a4                _write_r
 .text.__errno  0x080094c8        0xc C:/ST/STM32CubeIDE_1.13.0/STM32CubeIDE/plugins/com.st.stm32cube.ide.mcu.externaltools.gnu-tools-for-stm32.12.3.rel1.win32_1.0.100.202403111256/tools/bin/../lib/gcc/arm-none-eabi/12.3.1/../../../../arm-none-eabi/lib/thumb/v7e-m+dp/hard\libc_nano.a(libc_a-errno.o)
                0x080094c8                __errno
 .text.__libc_init_array
                0x080094d4       0x48 C:/ST/STM32CubeIDE_1.13.0/STM32CubeIDE/plugins/com.st.stm32cube.ide.mcu.externaltools.gnu-tools-for-stm32.12.3.rel1.win32_1.0.100.202403111256/tools/bin/../lib/gcc/arm-none-eabi/12.3.1/../../../../arm-none-eabi/lib/thumb/v7e-m+dp/hard\libc_nano.a(libc_a-init.o)
                0x080094d4                __libc_init_array
 .text.__retarget_lock_init_recursive
                0x0800951c        0x2 C:/ST/STM32CubeIDE_1.13.0/STM32CubeIDE/plugins/com.st.stm32cube.ide.mcu.externaltools.gnu-tools-for-stm32.12.3.rel1.win32_1.0.100.202403111256/tools/bin/../lib/gcc/arm-none-eabi/12.3.1/../../../../arm-none-eabi/lib/thumb/v7e-m+dp/hard\libc_nano.a(libc_a-lock.o)
                0x0800951c                __retarget_lock_init_recursive
 .text.__retarget_lock_acquire_recursive
                0x0800951e        0x2 C:/ST/STM32CubeIDE_1.13.0/STM32CubeIDE/plugins/com.st.stm32cube.ide.mcu.externaltools.gnu-tools-for-stm32.12.3.rel1.win32_1.0.100.202403111256/tools/bin/../lib/gcc/arm-none-eabi/12.3.1/../../../../arm-none-eabi/lib/thumb/v7e-m+dp/hard\libc_nano.a(libc_a-lock.o)
                0x0800951e                __retarget_lock_acquire_recursive
 .text.__retarget_lock_release_recursive
                0x08009520        0x2 C:/ST/STM32CubeIDE_1.13.0/STM32CubeIDE/plugins/com.st.stm32cube.ide.mcu.externaltools.gnu-tools-for-stm32.12.3.rel1.win32_1.0.100.202403111256/tools/bin/../lib/gcc/arm-none-eabi/12.3.1/../../../../arm-none-eabi/lib/thumb/v7e-m+dp/hard\libc_nano.a(libc_a-lock.o)
                0x08009520                __retarget_lock_release_recursive
 .text.memcpy   0x08009522       0x1c C:/ST/STM32CubeIDE_1.13.0/STM32CubeIDE/plugins/com.st.stm32cube.ide.mcu.externaltools.gnu-tools-for-stm32.12.3.rel1.win32_1.0.100.202403111256/tools/bin/../lib/gcc/arm-none-eabi/12.3.1/../../../../arm-none-eabi/lib/thumb/v7e-m+dp/hard\libc_nano.a(libc_a-memcpy-stub.o)
                0x08009522                memcpy
 .text.quorem   0x0800953e      0x110 C:/ST/STM32CubeIDE_1.13.0/STM32CubeIDE/plugins/com.st.stm32cube.ide.mcu.externaltools.gnu-tools-for-stm32.12.3.rel1.win32_1.0.100.202403111256/tools/bin/../lib/gcc/arm-none-eabi/12.3.1/../../../../arm-none-eabi/lib/thumb/v7e-m+dp/hard\libc_nano.a(libc_a-dtoa.o)
 *fill*         0x0800964e        0x2 
 .text._dtoa_r  0x08009650      0xaac C:/ST/STM32CubeIDE_1.13.0/STM32CubeIDE/plugins/com.st.stm32cube.ide.mcu.externaltools.gnu-tools-for-stm32.12.3.rel1.win32_1.0.100.202403111256/tools/bin/../lib/gcc/arm-none-eabi/12.3.1/../../../../arm-none-eabi/lib/thumb/v7e-m+dp/hard\libc_nano.a(libc_a-dtoa.o)
                0x08009650                _dtoa_r
 .text._free_r  0x0800a0fc       0x94 C:/ST/STM32CubeIDE_1.13.0/STM32CubeIDE/plugins/com.st.stm32cube.ide.mcu.externaltools.gnu-tools-for-stm32.12.3.rel1.win32_1.0.100.202403111256/tools/bin/../lib/gcc/arm-none-eabi/12.3.1/../../../../arm-none-eabi/lib/thumb/v7e-m+dp/hard\libc_nano.a(libc_a-freer.o)
                0x0800a0fc                _free_r
 .text.malloc   0x0800a190       0x10 C:/ST/STM32CubeIDE_1.13.0/STM32CubeIDE/plugins/com.st.stm32cube.ide.mcu.externaltools.gnu-tools-for-stm32.12.3.rel1.win32_1.0.100.202403111256/tools/bin/../lib/gcc/arm-none-eabi/12.3.1/../../../../arm-none-eabi/lib/thumb/v7e-m+dp/hard\libc_nano.a(libc_a-malloc.o)
                0x0800a190                malloc
 .text.sbrk_aligned
                0x0800a1a0       0x44 C:/ST/STM32CubeIDE_1.13.0/STM32CubeIDE/plugins/com.st.stm32cube.ide.mcu.externaltools.gnu-tools-for-stm32.12.3.rel1.win32_1.0.100.202403111256/tools/bin/../lib/gcc/arm-none-eabi/12.3.1/../../../../arm-none-eabi/lib/thumb/v7e-m+dp/hard\libc_nano.a(libc_a-mallocr.o)
 .text._malloc_r
                0x0800a1e4      0x100 C:/ST/STM32CubeIDE_1.13.0/STM32CubeIDE/plugins/com.st.stm32cube.ide.mcu.externaltools.gnu-tools-for-stm32.12.3.rel1.win32_1.0.100.202403111256/tools/bin/../lib/gcc/arm-none-eabi/12.3.1/../../../../arm-none-eabi/lib/thumb/v7e-m+dp/hard\libc_nano.a(libc_a-mallocr.o)
                0x0800a1e4                _malloc_r
 .text.__malloc_lock
                0x0800a2e4        0xc C:/ST/STM32CubeIDE_1.13.0/STM32CubeIDE/plugins/com.st.stm32cube.ide.mcu.externaltools.gnu-tools-for-stm32.12.3.rel1.win32_1.0.100.202403111256/tools/bin/../lib/gcc/arm-none-eabi/12.3.1/../../../../arm-none-eabi/lib/thumb/v7e-m+dp/hard\libc_nano.a(libc_a-mlock.o)
                0x0800a2e4                __malloc_lock
 .text.__malloc_unlock
                0x0800a2f0        0xc C:/ST/STM32CubeIDE_1.13.0/STM32CubeIDE/plugins/com.st.stm32cube.ide.mcu.externaltools.gnu-tools-for-stm32.12.3.rel1.win32_1.0.100.202403111256/tools/bin/../lib/gcc/arm-none-eabi/12.3.1/../../../../arm-none-eabi/lib/thumb/v7e-m+dp/hard\libc_nano.a(libc_a-mlock.o)
                0x0800a2f0                __malloc_unlock
 .text._Balloc  0x0800a2fc       0x80 C:/ST/STM32CubeIDE_1.13.0/STM32CubeIDE/plugins/com.st.stm32cube.ide.mcu.externaltools.gnu-tools-for-stm32.12.3.rel1.win32_1.0.100.202403111256/tools/bin/../lib/gcc/arm-none-eabi/12.3.1/../../../../arm-none-eabi/lib/thumb/v7e-m+dp/hard\libc_nano.a(libc_a-mprec.o)
                0x0800a2fc                _Balloc
 .text._Bfree   0x0800a37c       0x44 C:/ST/STM32CubeIDE_1.13.0/STM32CubeIDE/plugins/com.st.stm32cube.ide.mcu.externaltools.gnu-tools-for-stm32.12.3.rel1.win32_1.0.100.202403111256/tools/bin/../lib/gcc/arm-none-eabi/12.3.1/../../../../arm-none-eabi/lib/thumb/v7e-m+dp/hard\libc_nano.a(libc_a-mprec.o)
                0x0800a37c                _Bfree
 .text.__multadd
                0x0800a3c0       0x8c C:/ST/STM32CubeIDE_1.13.0/STM32CubeIDE/plugins/com.st.stm32cube.ide.mcu.externaltools.gnu-tools-for-stm32.12.3.rel1.win32_1.0.100.202403111256/tools/bin/../lib/gcc/arm-none-eabi/12.3.1/../../../../arm-none-eabi/lib/thumb/v7e-m+dp/hard\libc_nano.a(libc_a-mprec.o)
                0x0800a3c0                __multadd
 .text.__hi0bits
                0x0800a44c       0x3e C:/ST/STM32CubeIDE_1.13.0/STM32CubeIDE/plugins/com.st.stm32cube.ide.mcu.externaltools.gnu-tools-for-stm32.12.3.rel1.win32_1.0.100.202403111256/tools/bin/../lib/gcc/arm-none-eabi/12.3.1/../../../../arm-none-eabi/lib/thumb/v7e-m+dp/hard\libc_nano.a(libc_a-mprec.o)
                0x0800a44c                __hi0bits
 .text.__lo0bits
                0x0800a48a       0x5a C:/ST/STM32CubeIDE_1.13.0/STM32CubeIDE/plugins/com.st.stm32cube.ide.mcu.externaltools.gnu-tools-for-stm32.12.3.rel1.win32_1.0.100.202403111256/tools/bin/../lib/gcc/arm-none-eabi/12.3.1/../../../../arm-none-eabi/lib/thumb/v7e-m+dp/hard\libc_nano.a(libc_a-mprec.o)
                0x0800a48a                __lo0bits
 .text.__i2b    0x0800a4e4       0x2c C:/ST/STM32CubeIDE_1.13.0/STM32CubeIDE/plugins/com.st.stm32cube.ide.mcu.externaltools.gnu-tools-for-stm32.12.3.rel1.win32_1.0.100.202403111256/tools/bin/../lib/gcc/arm-none-eabi/12.3.1/../../../../arm-none-eabi/lib/thumb/v7e-m+dp/hard\libc_nano.a(libc_a-mprec.o)
                0x0800a4e4                __i2b
 .text.__multiply
                0x0800a510      0x154 C:/ST/STM32CubeIDE_1.13.0/STM32CubeIDE/plugins/com.st.stm32cube.ide.mcu.externaltools.gnu-tools-for-stm32.12.3.rel1.win32_1.0.100.202403111256/tools/bin/../lib/gcc/arm-none-eabi/12.3.1/../../../../arm-none-eabi/lib/thumb/v7e-m+dp/hard\libc_nano.a(libc_a-mprec.o)
                0x0800a510                __multiply
 .text.__pow5mult
                0x0800a664       0xb4 C:/ST/STM32CubeIDE_1.13.0/STM32CubeIDE/plugins/com.st.stm32cube.ide.mcu.externaltools.gnu-tools-for-stm32.12.3.rel1.win32_1.0.100.202403111256/tools/bin/../lib/gcc/arm-none-eabi/12.3.1/../../../../arm-none-eabi/lib/thumb/v7e-m+dp/hard\libc_nano.a(libc_a-mprec.o)
                0x0800a664                __pow5mult
 .text.__lshift
                0x0800a718       0xd8 C:/ST/STM32CubeIDE_1.13.0/STM32CubeIDE/plugins/com.st.stm32cube.ide.mcu.externaltools.gnu-tools-for-stm32.12.3.rel1.win32_1.0.100.202403111256/tools/bin/../lib/gcc/arm-none-eabi/12.3.1/../../../../arm-none-eabi/lib/thumb/v7e-m+dp/hard\libc_nano.a(libc_a-mprec.o)
                0x0800a718                __lshift
 .text.__mcmp   0x0800a7f0       0x36 C:/ST/STM32CubeIDE_1.13.0/STM32CubeIDE/plugins/com.st.stm32cube.ide.mcu.externaltools.gnu-tools-for-stm32.12.3.rel1.win32_1.0.100.202403111256/tools/bin/../lib/gcc/arm-none-eabi/12.3.1/../../../../arm-none-eabi/lib/thumb/v7e-m+dp/hard\libc_nano.a(libc_a-mprec.o)
                0x0800a7f0                __mcmp
 *fill*         0x0800a826        0x2 
 .text.__mdiff  0x0800a828      0x128 C:/ST/STM32CubeIDE_1.13.0/STM32CubeIDE/plugins/com.st.stm32cube.ide.mcu.externaltools.gnu-tools-for-stm32.12.3.rel1.win32_1.0.100.202403111256/tools/bin/../lib/gcc/arm-none-eabi/12.3.1/../../../../arm-none-eabi/lib/thumb/v7e-m+dp/hard\libc_nano.a(libc_a-mprec.o)
                0x0800a828                __mdiff
 .text.__d2b    0x0800a950       0xb0 C:/ST/STM32CubeIDE_1.13.0/STM32CubeIDE/plugins/com.st.stm32cube.ide.mcu.externaltools.gnu-tools-for-stm32.12.3.rel1.win32_1.0.100.202403111256/tools/bin/../lib/gcc/arm-none-eabi/12.3.1/../../../../arm-none-eabi/lib/thumb/v7e-m+dp/hard\libc_nano.a(libc_a-mprec.o)
                0x0800a950                __d2b
 .text.__ssputs_r
                0x0800aa00       0xb6 C:/ST/STM32CubeIDE_1.13.0/STM32CubeIDE/plugins/com.st.stm32cube.ide.mcu.externaltools.gnu-tools-for-stm32.12.3.rel1.win32_1.0.100.202403111256/tools/bin/../lib/gcc/arm-none-eabi/12.3.1/../../../../arm-none-eabi/lib/thumb/v7e-m+dp/hard\libc_nano.a(libc_a-nano-svfprintf.o)
                0x0800aa00                __ssputs_r
 *fill*         0x0800aab6        0x2 
 .text._svfprintf_r
                0x0800aab8      0x1f8 C:/ST/STM32CubeIDE_1.13.0/STM32CubeIDE/plugins/com.st.stm32cube.ide.mcu.externaltools.gnu-tools-for-stm32.12.3.rel1.win32_1.0.100.202403111256/tools/bin/../lib/gcc/arm-none-eabi/12.3.1/../../../../arm-none-eabi/lib/thumb/v7e-m+dp/hard\libc_nano.a(libc_a-nano-svfprintf.o)
                0x0800aab8                _svfiprintf_r
                0x0800aab8                _svfprintf_r
 .text.__sflush_r
                0x0800acb0      0x108 C:/ST/STM32CubeIDE_1.13.0/STM32CubeIDE/plugins/com.st.stm32cube.ide.mcu.externaltools.gnu-tools-for-stm32.12.3.rel1.win32_1.0.100.202403111256/tools/bin/../lib/gcc/arm-none-eabi/12.3.1/../../../../arm-none-eabi/lib/thumb/v7e-m+dp/hard\libc_nano.a(libc_a-fflush.o)
                0x0800acb0                __sflush_r
 .text._fflush_r
                0x0800adb8       0x50 C:/ST/STM32CubeIDE_1.13.0/STM32CubeIDE/plugins/com.st.stm32cube.ide.mcu.externaltools.gnu-tools-for-stm32.12.3.rel1.win32_1.0.100.202403111256/tools/bin/../lib/gcc/arm-none-eabi/12.3.1/../../../../arm-none-eabi/lib/thumb/v7e-m+dp/hard\libc_nano.a(libc_a-fflush.o)
                0x0800adb8                _fflush_r
 .text.memmove  0x0800ae08       0x34 C:/ST/STM32CubeIDE_1.13.0/STM32CubeIDE/plugins/com.st.stm32cube.ide.mcu.externaltools.gnu-tools-for-stm32.12.3.rel1.win32_1.0.100.202403111256/tools/bin/../lib/gcc/arm-none-eabi/12.3.1/../../../../arm-none-eabi/lib/thumb/v7e-m+dp/hard\libc_nano.a(libc_a-memmove.o)
                0x0800ae08                memmove
 .text._sbrk_r  0x0800ae3c       0x20 C:/ST/STM32CubeIDE_1.13.0/STM32CubeIDE/plugins/com.st.stm32cube.ide.mcu.externaltools.gnu-tools-for-stm32.12.3.rel1.win32_1.0.100.202403111256/tools/bin/../lib/gcc/arm-none-eabi/12.3.1/../../../../arm-none-eabi/lib/thumb/v7e-m+dp/hard\libc_nano.a(libc_a-sbrkr.o)
                0x0800ae3c                _sbrk_r
 .text.__assert_func
                0x0800ae5c       0x3c C:/ST/STM32CubeIDE_1.13.0/STM32CubeIDE/plugins/com.st.stm32cube.ide.mcu.externaltools.gnu-tools-for-stm32.12.3.rel1.win32_1.0.100.202403111256/tools/bin/../lib/gcc/arm-none-eabi/12.3.1/../../../../arm-none-eabi/lib/thumb/v7e-m+dp/hard\libc_nano.a(libc_a-assert.o)
                0x0800ae5c                __assert_func
 .text._calloc_r
                0x0800ae98       0x28 C:/ST/STM32CubeIDE_1.13.0/STM32CubeIDE/plugins/com.st.stm32cube.ide.mcu.externaltools.gnu-tools-for-stm32.12.3.rel1.win32_1.0.100.202403111256/tools/bin/../lib/gcc/arm-none-eabi/12.3.1/../../../../arm-none-eabi/lib/thumb/v7e-m+dp/hard\libc_nano.a(libc_a-callocr.o)
                0x0800ae98                _calloc_r
 .text.__ascii_mbtowc
                0x0800aec0       0x24 C:/ST/STM32CubeIDE_1.13.0/STM32CubeIDE/plugins/com.st.stm32cube.ide.mcu.externaltools.gnu-tools-for-stm32.12.3.rel1.win32_1.0.100.202403111256/tools/bin/../lib/gcc/arm-none-eabi/12.3.1/../../../../arm-none-eabi/lib/thumb/v7e-m+dp/hard\libc_nano.a(libc_a-mbtowc_r.o)
                0x0800aec0                __ascii_mbtowc
 .text._realloc_r
                0x0800aee4       0x5c C:/ST/STM32CubeIDE_1.13.0/STM32CubeIDE/plugins/com.st.stm32cube.ide.mcu.externaltools.gnu-tools-for-stm32.12.3.rel1.win32_1.0.100.202403111256/tools/bin/../lib/gcc/arm-none-eabi/12.3.1/../../../../arm-none-eabi/lib/thumb/v7e-m+dp/hard\libc_nano.a(libc_a-reallocr.o)
                0x0800aee4                _realloc_r
 .text.__ascii_wctomb
                0x0800af40       0x1a C:/ST/STM32CubeIDE_1.13.0/STM32CubeIDE/plugins/com.st.stm32cube.ide.mcu.externaltools.gnu-tools-for-stm32.12.3.rel1.win32_1.0.100.202403111256/tools/bin/../lib/gcc/arm-none-eabi/12.3.1/../../../../arm-none-eabi/lib/thumb/v7e-m+dp/hard\libc_nano.a(libc_a-wctomb_r.o)
                0x0800af40                __ascii_wctomb
 *fill*         0x0800af5a        0x2 
 .text.fprintf  0x0800af5c       0x24 C:/ST/STM32CubeIDE_1.13.0/STM32CubeIDE/plugins/com.st.stm32cube.ide.mcu.externaltools.gnu-tools-for-stm32.12.3.rel1.win32_1.0.100.202403111256/tools/bin/../lib/gcc/arm-none-eabi/12.3.1/../../../../arm-none-eabi/lib/thumb/v7e-m+dp/hard\libc_nano.a(libc_a-fprintf.o)
                0x0800af5c                fiprintf
                0x0800af5c                fprintf
 .text.abort    0x0800af80        0xe C:/ST/STM32CubeIDE_1.13.0/STM32CubeIDE/plugins/com.st.stm32cube.ide.mcu.externaltools.gnu-tools-for-stm32.12.3.rel1.win32_1.0.100.202403111256/tools/bin/../lib/gcc/arm-none-eabi/12.3.1/../../../../arm-none-eabi/lib/thumb/v7e-m+dp/hard\libc_nano.a(libc_a-abort.o)
                0x0800af80                abort
 .text._malloc_usable_size_r
                0x0800af8e       0x10 C:/ST/STM32CubeIDE_1.13.0/STM32CubeIDE/plugins/com.st.stm32cube.ide.mcu.externaltools.gnu-tools-for-stm32.12.3.rel1.win32_1.0.100.202403111256/tools/bin/../lib/gcc/arm-none-eabi/12.3.1/../../../../arm-none-eabi/lib/thumb/v7e-m+dp/hard\libc_nano.a(libc_a-msizer.o)
                0x0800af8e                _malloc_usable_size_r
 .text.__sfputc_r
                0x0800af9e       0x2e C:/ST/STM32CubeIDE_1.13.0/STM32CubeIDE/plugins/com.st.stm32cube.ide.mcu.externaltools.gnu-tools-for-stm32.12.3.rel1.win32_1.0.100.202403111256/tools/bin/../lib/gcc/arm-none-eabi/12.3.1/../../../../arm-none-eabi/lib/thumb/v7e-m+dp/hard\libc_nano.a(libc_a-nano-vfprintf.o)
 .text.__sfputs_r
                0x0800afcc       0x24 C:/ST/STM32CubeIDE_1.13.0/STM32CubeIDE/plugins/com.st.stm32cube.ide.mcu.externaltools.gnu-tools-for-stm32.12.3.rel1.win32_1.0.100.202403111256/tools/bin/../lib/gcc/arm-none-eabi/12.3.1/../../../../arm-none-eabi/lib/thumb/v7e-m+dp/hard\libc_nano.a(libc_a-nano-vfprintf.o)
                0x0800afcc                __sfputs_r
 .text._vfprintf_r
                0x0800aff0      0x230 C:/ST/STM32CubeIDE_1.13.0/STM32CubeIDE/plugins/com.st.stm32cube.ide.mcu.externaltools.gnu-tools-for-stm32.12.3.rel1.win32_1.0.100.202403111256/tools/bin/../lib/gcc/arm-none-eabi/12.3.1/../../../../arm-none-eabi/lib/thumb/v7e-m+dp/hard\libc_nano.a(libc_a-nano-vfprintf.o)
                0x0800aff0                _vfprintf_r
                0x0800aff0                _vfiprintf_r
 .text.__swbuf_r
                0x0800b220       0x7c C:/ST/STM32CubeIDE_1.13.0/STM32CubeIDE/plugins/com.st.stm32cube.ide.mcu.externaltools.gnu-tools-for-stm32.12.3.rel1.win32_1.0.100.202403111256/tools/bin/../lib/gcc/arm-none-eabi/12.3.1/../../../../arm-none-eabi/lib/thumb/v7e-m+dp/hard\libc_nano.a(libc_a-wbuf.o)
                0x0800b220                __swbuf_r
 .text.__swsetup_r
                0x0800b29c       0xac C:/ST/STM32CubeIDE_1.13.0/STM32CubeIDE/plugins/com.st.stm32cube.ide.mcu.externaltools.gnu-tools-for-stm32.12.3.rel1.win32_1.0.100.202403111256/tools/bin/../lib/gcc/arm-none-eabi/12.3.1/../../../../arm-none-eabi/lib/thumb/v7e-m+dp/hard\libc_nano.a(libc_a-wsetup.o)
                0x0800b29c                __swsetup_r
 .text._raise_r
                0x0800b348       0x50 C:/ST/STM32CubeIDE_1.13.0/STM32CubeIDE/plugins/com.st.stm32cube.ide.mcu.externaltools.gnu-tools-for-stm32.12.3.rel1.win32_1.0.100.202403111256/tools/bin/../lib/gcc/arm-none-eabi/12.3.1/../../../../arm-none-eabi/lib/thumb/v7e-m+dp/hard\libc_nano.a(libc_a-signal.o)
                0x0800b348                _raise_r
 .text.raise    0x0800b398       0x10 C:/ST/STM32CubeIDE_1.13.0/STM32CubeIDE/plugins/com.st.stm32cube.ide.mcu.externaltools.gnu-tools-for-stm32.12.3.rel1.win32_1.0.100.202403111256/tools/bin/../lib/gcc/arm-none-eabi/12.3.1/../../../../arm-none-eabi/lib/thumb/v7e-m+dp/hard\libc_nano.a(libc_a-signal.o)
                0x0800b398                raise
 .text._kill_r  0x0800b3a8       0x24 C:/ST/STM32CubeIDE_1.13.0/STM32CubeIDE/plugins/com.st.stm32cube.ide.mcu.externaltools.gnu-tools-for-stm32.12.3.rel1.win32_1.0.100.202403111256/tools/bin/../lib/gcc/arm-none-eabi/12.3.1/../../../../arm-none-eabi/lib/thumb/v7e-m+dp/hard\libc_nano.a(libc_a-signalr.o)
                0x0800b3a8                _kill_r
 .text._getpid_r
                0x0800b3cc        0x4 C:/ST/STM32CubeIDE_1.13.0/STM32CubeIDE/plugins/com.st.stm32cube.ide.mcu.externaltools.gnu-tools-for-stm32.12.3.rel1.win32_1.0.100.202403111256/tools/bin/../lib/gcc/arm-none-eabi/12.3.1/../../../../arm-none-eabi/lib/thumb/v7e-m+dp/hard\libc_nano.a(libc_a-signalr.o)
                0x0800b3cc                _getpid_r
 .text.__swhatbuf_r
                0x0800b3d0       0x4c C:/ST/STM32CubeIDE_1.13.0/STM32CubeIDE/plugins/com.st.stm32cube.ide.mcu.externaltools.gnu-tools-for-stm32.12.3.rel1.win32_1.0.100.202403111256/tools/bin/../lib/gcc/arm-none-eabi/12.3.1/../../../../arm-none-eabi/lib/thumb/v7e-m+dp/hard\libc_nano.a(libc_a-makebuf.o)
                0x0800b3d0                __swhatbuf_r
 .text.__smakebuf_r
                0x0800b41c       0x78 C:/ST/STM32CubeIDE_1.13.0/STM32CubeIDE/plugins/com.st.stm32cube.ide.mcu.externaltools.gnu-tools-for-stm32.12.3.rel1.win32_1.0.100.202403111256/tools/bin/../lib/gcc/arm-none-eabi/12.3.1/../../../../arm-none-eabi/lib/thumb/v7e-m+dp/hard\libc_nano.a(libc_a-makebuf.o)
                0x0800b41c                __smakebuf_r
 .text._fstat_r
                0x0800b494       0x24 C:/ST/STM32CubeIDE_1.13.0/STM32CubeIDE/plugins/com.st.stm32cube.ide.mcu.externaltools.gnu-tools-for-stm32.12.3.rel1.win32_1.0.100.202403111256/tools/bin/../lib/gcc/arm-none-eabi/12.3.1/../../../../arm-none-eabi/lib/thumb/v7e-m+dp/hard\libc_nano.a(libc_a-fstatr.o)
                0x0800b494                _fstat_r
 .text._isatty_r
                0x0800b4b8       0x20 C:/ST/STM32CubeIDE_1.13.0/STM32CubeIDE/plugins/com.st.stm32cube.ide.mcu.externaltools.gnu-tools-for-stm32.12.3.rel1.win32_1.0.100.202403111256/tools/bin/../lib/gcc/arm-none-eabi/12.3.1/../../../../arm-none-eabi/lib/thumb/v7e-m+dp/hard\libc_nano.a(libc_a-isattyr.o)
                0x0800b4b8                _isatty_r
 *(.glue_7)
 .glue_7        0x0800b4d8        0x0 linker stubs
 *(.glue_7t)
 .glue_7t       0x0800b4d8        0x0 linker stubs
 *(.eh_frame)
 .eh_frame      0x0800b4d8        0x0 C:/ST/STM32CubeIDE_1.13.0/STM32CubeIDE/plugins/com.st.stm32cube.ide.mcu.externaltools.gnu-tools-for-stm32.12.3.rel1.win32_1.0.100.202403111256/tools/bin/../lib/gcc/arm-none-eabi/12.3.1/thumb/v7e-m+dp/hard/crtbegin.o
 *(.init)
 .init          0x0800b4d8        0x4 C:/ST/STM32CubeIDE_1.13.0/STM32CubeIDE/plugins/com.st.stm32cube.ide.mcu.externaltools.gnu-tools-for-stm32.12.3.rel1.win32_1.0.100.202403111256/tools/bin/../lib/gcc/arm-none-eabi/12.3.1/thumb/v7e-m+dp/hard/crti.o
                0x0800b4d8                _init
 .init          0x0800b4dc        0x8 C:/ST/STM32CubeIDE_1.13.0/STM32CubeIDE/plugins/com.st.stm32cube.ide.mcu.externaltools.gnu-tools-for-stm32.12.3.rel1.win32_1.0.100.202403111256/tools/bin/../lib/gcc/arm-none-eabi/12.3.1/thumb/v7e-m+dp/hard/crtn.o
 *(.fini)
 .fini          0x0800b4e4        0x4 C:/ST/STM32CubeIDE_1.13.0/STM32CubeIDE/plugins/com.st.stm32cube.ide.mcu.externaltools.gnu-tools-for-stm32.12.3.rel1.win32_1.0.100.202403111256/tools/bin/../lib/gcc/arm-none-eabi/12.3.1/thumb/v7e-m+dp/hard/crti.o
                0x0800b4e4                _fini
 .fini          0x0800b4e8        0x8 C:/ST/STM32CubeIDE_1.13.0/STM32CubeIDE/plugins/com.st.stm32cube.ide.mcu.externaltools.gnu-tools-for-stm32.12.3.rel1.win32_1.0.100.202403111256/tools/bin/../lib/gcc/arm-none-eabi/12.3.1/thumb/v7e-m+dp/hard/crtn.o
                0x0800b4f0                        . = ALIGN (0x4)
                0x0800b4f0                        _etext = .

.vfp11_veneer   0x0800b4f0        0x0
 .vfp11_veneer  0x0800b4f0        0x0 linker stubs

.v4_bx          0x0800b4f0        0x0
 .v4_bx         0x0800b4f0        0x0 linker stubs

.iplt           0x0800b4f0        0x0
 .iplt          0x0800b4f0        0x0 C:/ST/STM32CubeIDE_1.13.0/STM32CubeIDE/plugins/com.st.stm32cube.ide.mcu.externaltools.gnu-tools-for-stm32.12.3.rel1.win32_1.0.100.202403111256/tools/bin/../lib/gcc/arm-none-eabi/12.3.1/thumb/v7e-m+dp/hard/crtbegin.o

.rodata         0x0800b4f0      0x7f8
                0x0800b4f0                        . = ALIGN (0x4)
 *(.rodata)
 .rodata        0x0800b4f0      0x431 ./Core/Src/car_state.o
 *fill*         0x0800b921        0x3 
 .rodata        0x0800b924       0x3e ./Core/Src/graphics.o
 *(.rodata*)
 *fill*         0x0800b962        0x2 
 .rodata.AHBPrescTable
                0x0800b964       0x10 ./Core/Src/system_stm32f7xx.o
                0x0800b964                AHBPrescTable
 .rodata._printf_float.str1.1
                0x0800b974       0x12 C:/ST/STM32CubeIDE_1.13.0/STM32CubeIDE/plugins/com.st.stm32cube.ide.mcu.externaltools.gnu-tools-for-stm32.12.3.rel1.win32_1.0.100.202403111256/tools/bin/../lib/gcc/arm-none-eabi/12.3.1/../../../../arm-none-eabi/lib/thumb/v7e-m+dp/hard\libc_nano.a(libc_a-nano-vfprintf_float.o)
 .rodata._printf_i.str1.1
                0x0800b986       0x22 C:/ST/STM32CubeIDE_1.13.0/STM32CubeIDE/plugins/com.st.stm32cube.ide.mcu.externaltools.gnu-tools-for-stm32.12.3.rel1.win32_1.0.100.202403111256/tools/bin/../lib/gcc/arm-none-eabi/12.3.1/../../../../arm-none-eabi/lib/thumb/v7e-m+dp/hard\libc_nano.a(libc_a-nano-vfprintf_i.o)
 .rodata._dtoa_r.str1.1
                0x0800b9a8       0x8d C:/ST/STM32CubeIDE_1.13.0/STM32CubeIDE/plugins/com.st.stm32cube.ide.mcu.externaltools.gnu-tools-for-stm32.12.3.rel1.win32_1.0.100.202403111256/tools/bin/../lib/gcc/arm-none-eabi/12.3.1/../../../../arm-none-eabi/lib/thumb/v7e-m+dp/hard\libc_nano.a(libc_a-dtoa.o)
                                 0x8f (size before relaxing)
 .rodata._Balloc.str1.1
                0x0800ba35       0x59 C:/ST/STM32CubeIDE_1.13.0/STM32CubeIDE/plugins/com.st.stm32cube.ide.mcu.externaltools.gnu-tools-for-stm32.12.3.rel1.win32_1.0.100.202403111256/tools/bin/../lib/gcc/arm-none-eabi/12.3.1/../../../../arm-none-eabi/lib/thumb/v7e-m+dp/hard\libc_nano.a(libc_a-mprec.o)
                                 0x70 (size before relaxing)
 .rodata.__multadd.str1.1
                0x0800ba8e       0x11 C:/ST/STM32CubeIDE_1.13.0/STM32CubeIDE/plugins/com.st.stm32cube.ide.mcu.externaltools.gnu-tools-for-stm32.12.3.rel1.win32_1.0.100.202403111256/tools/bin/../lib/gcc/arm-none-eabi/12.3.1/../../../../arm-none-eabi/lib/thumb/v7e-m+dp/hard\libc_nano.a(libc_a-mprec.o)
 *fill*         0x0800ba8e        0x2 
 .rodata.p05.0  0x0800ba90        0xc C:/ST/STM32CubeIDE_1.13.0/STM32CubeIDE/plugins/com.st.stm32cube.ide.mcu.externaltools.gnu-tools-for-stm32.12.3.rel1.win32_1.0.100.202403111256/tools/bin/../lib/gcc/arm-none-eabi/12.3.1/../../../../arm-none-eabi/lib/thumb/v7e-m+dp/hard\libc_nano.a(libc_a-mprec.o)
 *fill*         0x0800ba9c        0x4 
 .rodata.__mprec_bigtens
                0x0800baa0       0x28 C:/ST/STM32CubeIDE_1.13.0/STM32CubeIDE/plugins/com.st.stm32cube.ide.mcu.externaltools.gnu-tools-for-stm32.12.3.rel1.win32_1.0.100.202403111256/tools/bin/../lib/gcc/arm-none-eabi/12.3.1/../../../../arm-none-eabi/lib/thumb/v7e-m+dp/hard\libc_nano.a(libc_a-mprec.o)
                0x0800baa0                __mprec_bigtens
 .rodata.__mprec_tens
                0x0800bac8       0xc8 C:/ST/STM32CubeIDE_1.13.0/STM32CubeIDE/plugins/com.st.stm32cube.ide.mcu.externaltools.gnu-tools-for-stm32.12.3.rel1.win32_1.0.100.202403111256/tools/bin/../lib/gcc/arm-none-eabi/12.3.1/../../../../arm-none-eabi/lib/thumb/v7e-m+dp/hard\libc_nano.a(libc_a-mprec.o)
                0x0800bac8                __mprec_tens
 .rodata._svfprintf_r.str1.1
                0x0800bb90       0x11 C:/ST/STM32CubeIDE_1.13.0/STM32CubeIDE/plugins/com.st.stm32cube.ide.mcu.externaltools.gnu-tools-for-stm32.12.3.rel1.win32_1.0.100.202403111256/tools/bin/../lib/gcc/arm-none-eabi/12.3.1/../../../../arm-none-eabi/lib/thumb/v7e-m+dp/hard\libc_nano.a(libc_a-nano-svfprintf.o)
 .rodata._setlocale_r.str1.1
                0x0800bba1        0x8 C:/ST/STM32CubeIDE_1.13.0/STM32CubeIDE/plugins/com.st.stm32cube.ide.mcu.externaltools.gnu-tools-for-stm32.12.3.rel1.win32_1.0.100.202403111256/tools/bin/../lib/gcc/arm-none-eabi/12.3.1/../../../../arm-none-eabi/lib/thumb/v7e-m+dp/hard\libc_nano.a(libc_a-locale.o)
                                  0x9 (size before relaxing)
 .rodata.str1.1
                0x0800bba9        0x2 C:/ST/STM32CubeIDE_1.13.0/STM32CubeIDE/plugins/com.st.stm32cube.ide.mcu.externaltools.gnu-tools-for-stm32.12.3.rel1.win32_1.0.100.202403111256/tools/bin/../lib/gcc/arm-none-eabi/12.3.1/../../../../arm-none-eabi/lib/thumb/v7e-m+dp/hard\libc_nano.a(libc_a-locale.o)
 .rodata.__assert_func.str1.1
                0x0800bbab       0x3c C:/ST/STM32CubeIDE_1.13.0/STM32CubeIDE/plugins/com.st.stm32cube.ide.mcu.externaltools.gnu-tools-for-stm32.12.3.rel1.win32_1.0.100.202403111256/tools/bin/../lib/gcc/arm-none-eabi/12.3.1/../../../../arm-none-eabi/lib/thumb/v7e-m+dp/hard\libc_nano.a(libc_a-assert.o)
                                 0x3d (size before relaxing)
 .rodata._ctype_
                0x0800bbe7      0x101 C:/ST/STM32CubeIDE_1.13.0/STM32CubeIDE/plugins/com.st.stm32cube.ide.mcu.externaltools.gnu-tools-for-stm32.12.3.rel1.win32_1.0.100.202403111256/tools/bin/../lib/gcc/arm-none-eabi/12.3.1/../../../../arm-none-eabi/lib/thumb/v7e-m+dp/hard\libc_nano.a(libc_a-ctype_.o)
                0x0800bbe7                _ctype_
 .rodata._vfprintf_r.str1.1
                0x0800bce8       0x11 C:/ST/STM32CubeIDE_1.13.0/STM32CubeIDE/plugins/com.st.stm32cube.ide.mcu.externaltools.gnu-tools-for-stm32.12.3.rel1.win32_1.0.100.202403111256/tools/bin/../lib/gcc/arm-none-eabi/12.3.1/../../../../arm-none-eabi/lib/thumb/v7e-m+dp/hard\libc_nano.a(libc_a-nano-vfprintf.o)
                0x0800bcfc                        . = ALIGN (0x4)

.ARM.extab      0x0800bce8        0x0
                0x0800bce8                        . = ALIGN (0x4)
 *(.ARM.extab* .gnu.linkonce.armextab.*)
                0x0800bce8                        . = ALIGN (0x4)

.ARM            0x0800bce8        0x8
                0x0800bce8                        . = ALIGN (0x4)
                0x0800bce8                        __exidx_start = .
 *(.ARM.exidx*)
 .ARM.exidx     0x0800bce8        0x8 C:/ST/STM32CubeIDE_1.13.0/STM32CubeIDE/plugins/com.st.stm32cube.ide.mcu.externaltools.gnu-tools-for-stm32.12.3.rel1.win32_1.0.100.202403111256/tools/bin/../lib/gcc/arm-none-eabi/12.3.1/../../../../arm-none-eabi/lib/thumb/v7e-m+dp/hard\libc_nano.a(libc_a-memchr.o)
 .ARM.exidx     0x0800bcf0        0x0 C:/ST/STM32CubeIDE_1.13.0/STM32CubeIDE/plugins/com.st.stm32cube.ide.mcu.externaltools.gnu-tools-for-stm32.12.3.rel1.win32_1.0.100.202403111256/tools/bin/../lib/gcc/arm-none-eabi/12.3.1/../../../../arm-none-eabi/lib/thumb/v7e-m+dp/hard\libc_nano.a(libc_a-strlen.o)
                                  0x8 (size before relaxing)
 .ARM.exidx     0x0800bcf0        0x0 C:/ST/STM32CubeIDE_1.13.0/STM32CubeIDE/plugins/com.st.stm32cube.ide.mcu.externaltools.gnu-tools-for-stm32.12.3.rel1.win32_1.0.100.202403111256/tools/bin/../lib/gcc/arm-none-eabi/12.3.1/thumb/v7e-m+dp/hard\libgcc.a(_udivmoddi4.o)
                                  0x8 (size before relaxing)
                0x0800bcf0                        __exidx_end = .
                0x0800bcf0                        . = ALIGN (0x4)

.preinit_array  0x0800bcf0        0x0
                0x0800bcf0                        . = ALIGN (0x4)
                0x0800bcf0                        PROVIDE (__preinit_array_start = .)
 *(.preinit_array*)
                0x0800bcf0                        PROVIDE (__preinit_array_end = .)
                0x0800bcf0                        . = ALIGN (0x4)

.init_array     0x0800bcf0        0x4
                0x0800bcf0                        . = ALIGN (0x4)
                0x0800bcf0                        PROVIDE (__init_array_start = .)
 *(SORT_BY_NAME(.init_array.*))
 *(.init_array*)
 .init_array    0x0800bcf0        0x4 C:/ST/STM32CubeIDE_1.13.0/STM32CubeIDE/plugins/com.st.stm32cube.ide.mcu.externaltools.gnu-tools-for-stm32.12.3.rel1.win32_1.0.100.202403111256/tools/bin/../lib/gcc/arm-none-eabi/12.3.1/thumb/v7e-m+dp/hard/crtbegin.o
                0x0800bcf4                        PROVIDE (__init_array_end = .)
                0x0800bcf4                        . = ALIGN (0x4)

.fini_array     0x0800bcf4        0x4
                0x0800bcf4                        . = ALIGN (0x4)
                [!provide]                        PROVIDE (__fini_array_start = .)
 *(SORT_BY_NAME(.fini_array.*))
 *(.fini_array*)
 .fini_array    0x0800bcf4        0x4 C:/ST/STM32CubeIDE_1.13.0/STM32CubeIDE/plugins/com.st.stm32cube.ide.mcu.externaltools.gnu-tools-for-stm32.12.3.rel1.win32_1.0.100.202403111256/tools/bin/../lib/gcc/arm-none-eabi/12.3.1/thumb/v7e-m+dp/hard/crtbegin.o
                [!provide]                        PROVIDE (__fini_array_end = .)
                0x0800bcf8                        . = ALIGN (0x4)
                0x0800bcf8                        _sidata = LOADADDR (.data)

.rel.dyn        0x0800bcf8        0x0
 .rel.iplt      0x0800bcf8        0x0 C:/ST/STM32CubeIDE_1.13.0/STM32CubeIDE/plugins/com.st.stm32cube.ide.mcu.externaltools.gnu-tools-for-stm32.12.3.rel1.win32_1.0.100.202403111256/tools/bin/../lib/gcc/arm-none-eabi/12.3.1/thumb/v7e-m+dp/hard/crtbegin.o

.data           0x20000000     0x3084 load address 0x0800bcf8
                0x20000000                        . = ALIGN (0x4)
                0x20000000                        _sdata = .
 *(.data)
 *(.data*)
 .data.Tahoma10
                0x20000000      0x498 ./Core/Src/car_state.o
                0x20000000                Tahoma10
 .data.Tahoma16
                0x20000498      0xb57 ./Core/Src/car_state.o
                0x20000498                Tahoma16
 *fill*         0x20000fef        0x1 
 .data.Tahoma12
                0x20000ff0      0x664 ./Core/Src/car_state.o
                0x20000ff0                Tahoma12
 .data.Tahoma7  0x20001654      0x436 ./Core/Src/car_state.o
                0x20001654                Tahoma7
 *fill*         0x20001a8a        0x2 
 .data.Tahoma22
                0x20001a8c     0x141e ./Core/Src/car_state.o
                0x20001a8c                Tahoma22
 .data.Refri_Accu.2
                0x20002eaa        0x1 ./Core/Src/car_state.o
 .data.Refri_Inv.1
                0x20002eab        0x1 ./Core/Src/car_state.o
 .data.Refri_Mot.0
                0x20002eac        0x1 ./Core/Src/car_state.o
 .data.glcd_flipped
                0x20002ead        0x1 ./Core/Src/glcd_etr.o
                0x20002ead                glcd_flipped
 .data.BMS_SD   0x20002eae        0x1 ./Core/Src/main.o
                0x20002eae                BMS_SD
 .data.IMD_SD   0x20002eaf        0x1 ./Core/Src/main.o
                0x20002eaf                IMD_SD
 .data.SystemCoreClock
                0x20002eb0        0x4 ./Core/Src/system_stm32f7xx.o
                0x20002eb0                SystemCoreClock
 .data.uwTickPrio
                0x20002eb4        0x4 ./Drivers/STM32F7xx_HAL_Driver/Src/stm32f7xx_hal.o
                0x20002eb4                uwTickPrio
 .data.uwTickFreq
                0x20002eb8        0x1 ./Drivers/STM32F7xx_HAL_Driver/Src/stm32f7xx_hal.o
                0x20002eb8                uwTickFreq
 *fill*         0x20002eb9        0x3 
 .data.__sglue  0x20002ebc        0xc C:/ST/STM32CubeIDE_1.13.0/STM32CubeIDE/plugins/com.st.stm32cube.ide.mcu.externaltools.gnu-tools-for-stm32.12.3.rel1.win32_1.0.100.202403111256/tools/bin/../lib/gcc/arm-none-eabi/12.3.1/../../../../arm-none-eabi/lib/thumb/v7e-m+dp/hard\libc_nano.a(libc_a-findfp.o)
                0x20002ebc                __sglue
 .data._impure_ptr
                0x20002ec8        0x4 C:/ST/STM32CubeIDE_1.13.0/STM32CubeIDE/plugins/com.st.stm32cube.ide.mcu.externaltools.gnu-tools-for-stm32.12.3.rel1.win32_1.0.100.202403111256/tools/bin/../lib/gcc/arm-none-eabi/12.3.1/../../../../arm-none-eabi/lib/thumb/v7e-m+dp/hard\libc_nano.a(libc_a-impure.o)
                0x20002ec8                _impure_ptr
 .data._impure_data
                0x20002ecc       0x4c C:/ST/STM32CubeIDE_1.13.0/STM32CubeIDE/plugins/com.st.stm32cube.ide.mcu.externaltools.gnu-tools-for-stm32.12.3.rel1.win32_1.0.100.202403111256/tools/bin/../lib/gcc/arm-none-eabi/12.3.1/../../../../arm-none-eabi/lib/thumb/v7e-m+dp/hard\libc_nano.a(libc_a-impure.o)
                0x20002ecc                _impure_data
 .data.__global_locale
                0x20002f18      0x16c C:/ST/STM32CubeIDE_1.13.0/STM32CubeIDE/plugins/com.st.stm32cube.ide.mcu.externaltools.gnu-tools-for-stm32.12.3.rel1.win32_1.0.100.202403111256/tools/bin/../lib/gcc/arm-none-eabi/12.3.1/../../../../arm-none-eabi/lib/thumb/v7e-m+dp/hard\libc_nano.a(libc_a-locale.o)
                0x20002f18                __global_locale
 *(.RamFunc)
 *(.RamFunc*)
                0x20003084                        . = ALIGN (0x4)
                0x20003084                        _edata = .

.igot.plt       0x20003084        0x0 load address 0x0800ed7c
 .igot.plt      0x20003084        0x0 C:/ST/STM32CubeIDE_1.13.0/STM32CubeIDE/plugins/com.st.stm32cube.ide.mcu.externaltools.gnu-tools-for-stm32.12.3.rel1.win32_1.0.100.202403111256/tools/bin/../lib/gcc/arm-none-eabi/12.3.1/thumb/v7e-m+dp/hard/crtbegin.o
                0x20003084                        . = ALIGN (0x4)

.bss            0x20003084      0x854 load address 0x0800ed7c
                0x20003084                        _sbss = .
                0x20003084                        __bss_start__ = _sbss
 *(.bss)
 .bss           0x20003084       0x1c C:/ST/STM32CubeIDE_1.13.0/STM32CubeIDE/plugins/com.st.stm32cube.ide.mcu.externaltools.gnu-tools-for-stm32.12.3.rel1.win32_1.0.100.202403111256/tools/bin/../lib/gcc/arm-none-eabi/12.3.1/thumb/v7e-m+dp/hard/crtbegin.o
 *(.bss*)
 .bss.TxMailbox
                0x200030a0        0x4 ./Core/Src/can.o
                0x200030a0                TxMailbox
 .bss.flag.11   0x200030a4        0x1 ./Core/Src/car_state.o
 .bss.carstate3_screen.10
                0x200030a5        0x1 ./Core/Src/car_state.o
 .bss.flag.9    0x200030a6        0x1 ./Core/Src/car_state.o
 *fill*         0x200030a7        0x1 
 .bss.cool_flag.8
                0x200030a8        0x4 ./Core/Src/car_state.o
 .bss.cool_flag.7
                0x200030ac        0x4 ./Core/Src/car_state.o
 .bss.selected.4
                0x200030b0        0x1 ./Core/Src/car_state.o
 .bss.selected.3
                0x200030b1        0x1 ./Core/Src/car_state.o
 *fill*         0x200030b2        0x2 
 .bss.glcd_buffer
                0x200030b4      0x410 ./Core/Src/glcd_etr.o
                0x200030b4                glcd_buffer
 .bss.barNumber
                0x200034c4        0x2 ./Core/Src/graphics.o
                0x200034c4                barNumber
 .bss.centenesXparameter
                0x200034c6        0x2 ./Core/Src/graphics.o
                0x200034c6                centenesXparameter
 .bss.residuXparameter
                0x200034c8        0x2 ./Core/Src/graphics.o
                0x200034c8                residuXparameter
 .bss.desenesXparameter
                0x200034ca        0x2 ./Core/Src/graphics.o
                0x200034ca                desenesXparameter
 .bss.unitatsXparameter
                0x200034cc        0x2 ./Core/Src/graphics.o
                0x200034cc                unitatsXparameter
 *fill*         0x200034ce        0x2 
 .bss.hcan1     0x200034d0       0x28 ./Core/Src/main.o
                0x200034d0                hcan1
 .bss.hcan2     0x200034f8       0x28 ./Core/Src/main.o
                0x200034f8                hcan2
 .bss.hspi3     0x20003520       0x64 ./Core/Src/main.o
                0x20003520                hspi3
 .bss.htim11    0x20003584       0x4c ./Core/Src/main.o
                0x20003584                htim11
 .bss.htim13    0x200035d0       0x4c ./Core/Src/main.o
                0x200035d0                htim13
 .bss.htim14    0x2000361c       0x4c ./Core/Src/main.o
                0x2000361c                htim14
 .bss.TxHeader  0x20003668       0x18 ./Core/Src/main.o
                0x20003668                TxHeader
 .bss.RxHeader  0x20003680       0x1c ./Core/Src/main.o
                0x20003680                RxHeader
 .bss.can1filter
                0x2000369c       0x28 ./Core/Src/main.o
                0x2000369c                can1filter
 .bss.can2filter
                0x200036c4       0x28 ./Core/Src/main.o
                0x200036c4                can2filter
 .bss.RxMailbox
                0x200036ec        0x4 ./Core/Src/main.o
                0x200036ec                RxMailbox
 .bss.TxData    0x200036f0       0x1e ./Core/Src/main.o
                0x200036f0                TxData
 *fill*         0x2000370e        0x2 
 .bss.RxData    0x20003710       0x1e ./Core/Src/main.o
                0x20003710                RxData
 .bss.Car__State
                0x2000372e        0x1 ./Core/Src/main.o
                0x2000372e                Car__State
 .bss.Racing_Mode
                0x2000372f        0x1 ./Core/Src/main.o
                0x2000372f                Racing_Mode
 .bss.Precharge_Request
                0x20003730        0x1 ./Core/Src/main.o
                0x20003730                Precharge_Request
 *fill*         0x20003731        0x1 
 .bss.PrechargeVoltage
                0x20003732        0x2 ./Core/Src/main.o
                0x20003732                PrechargeVoltage
 .bss.PrechargePercentage
                0x20003734        0x1 ./Core/Src/main.o
                0x20003734                PrechargePercentage
 .bss.CarSpeed  0x20003735        0x1 ./Core/Src/main.o
                0x20003735                CarSpeed
 .bss.SoC_Average
                0x20003736        0x1 ./Core/Src/main.o
                0x20003736                SoC_Average
 .bss.BMS_Disconnect
                0x20003737        0x1 ./Core/Src/main.o
                0x20003737                BMS_Disconnect
 .bss.Dash_Disconect
                0x20003738        0x1 ./Core/Src/main.o
                0x20003738                Dash_Disconect
 .bss.Front_Disconenct
                0x20003739        0x1 ./Core/Src/main.o
                0x20003739                Front_Disconenct
 .bss.Ellipse_Disconect
                0x2000373a        0x1 ./Core/Src/main.o
                0x2000373a                Ellipse_Disconect
 .bss.Rear_Disconnect
                0x2000373b        0x1 ./Core/Src/main.o
                0x2000373b                Rear_Disconnect
 .bss.APPS1_Disconect
                0x2000373c        0x1 ./Core/Src/main.o
                0x2000373c                APPS1_Disconect
 .bss.APPS2_Disconnect
                0x2000373d        0x1 ./Core/Src/main.o
                0x2000373d                APPS2_Disconnect
 .bss.BrakePedal_Disconnect
                0x2000373e        0x1 ./Core/Src/main.o
                0x2000373e                BrakePedal_Disconnect
 .bss.SteeringSensor_Disconnect
                0x2000373f        0x1 ./Core/Src/main.o
                0x2000373f                SteeringSensor_Disconnect
 .bss.SuspRR_Disconnect
                0x20003740        0x1 ./Core/Src/main.o
                0x20003740                SuspRR_Disconnect
 .bss.SuspRL_Disconnect
                0x20003741        0x1 ./Core/Src/main.o
                0x20003741                SuspRL_Disconnect
 .bss.SuspFR_Disconnect
                0x20003742        0x1 ./Core/Src/main.o
                0x20003742                SuspFR_Disconnect
 .bss.SuspFL_Disconnect
                0x20003743        0x1 ./Core/Src/main.o
                0x20003743                SuspFL_Disconnect
 .bss.Pitot_Disconnect
                0x20003744        0x1 ./Core/Src/main.o
                0x20003744                Pitot_Disconnect
 .bss.END_SD    0x20003745        0x1 ./Core/Src/main.o
                0x20003745                END_SD
 *fill*         0x20003746        0x2 
 .bss.BMS_SD_SC
                0x20003748        0x4 ./Core/Src/main.o
                0x20003748                BMS_SD_SC
 .bss.IMD_SD_SC
                0x2000374c        0x4 ./Core/Src/main.o
                0x2000374c                IMD_SD_SC
 .bss.Shutdown_Setas
                0x20003750        0x1 ./Core/Src/main.o
                0x20003750                Shutdown_Setas
 .bss.Shutdown_BSPD_Inertia
                0x20003751        0x1 ./Core/Src/main.o
                0x20003751                Shutdown_BSPD_Inertia
 .bss.Shutdown_SC_BOTS
                0x20003752        0x1 ./Core/Src/main.o
                0x20003752                Shutdown_SC_BOTS
 .bss.Shutdown_TSMS_TSMP
                0x20003753        0x1 ./Core/Src/main.o
                0x20003753                Shutdown_TSMS_TSMP
 .bss.Shutdown_RightTS
                0x20003754        0x1 ./Core/Src/main.o
                0x20003754                Shutdown_RightTS
 .bss.Shutdown_LeftTS
                0x20003755        0x1 ./Core/Src/main.o
                0x20003755                Shutdown_LeftTS
 .bss.Shutdown_HVBox
                0x20003756        0x1 ./Core/Src/main.o
                0x20003756                Shutdown_HVBox
 .bss.Shutdown_HVD
                0x20003757        0x1 ./Core/Src/main.o
                0x20003757                Shutdown_HVD
 .bss.AMS_LED   0x20003758        0x1 ./Core/Src/main.o
                0x20003758                AMS_LED
 .bss.IMD_LED   0x20003759        0x1 ./Core/Src/main.o
                0x20003759                IMD_LED
 .bss.syncronism1
                0x2000375a        0x1 ./Core/Src/main.o
                0x2000375a                syncronism1
 .bss.syncronism2
                0x2000375b        0x1 ./Core/Src/main.o
                0x2000375b                syncronism2
 .bss.KeepAlive
                0x2000375c        0x1 ./Core/Src/main.o
                0x2000375c                KeepAlive
 *fill*         0x2000375d        0x1 
 .bss.Lowest_CellTemperature
                0x2000375e        0x2 ./Core/Src/main.o
                0x2000375e                Lowest_CellTemperature
 .bss.Highest_CellTemperature
                0x20003760        0x2 ./Core/Src/main.o
                0x20003760                Highest_CellTemperature
 .bss.Average_CellTemperature
                0x20003762        0x2 ./Core/Src/main.o
                0x20003762                Average_CellTemperature
 .bss.VDC_Params
                0x20003764        0x1 ./Core/Src/main.o
                0x20003764                VDC_Params
 *fill*         0x20003765        0x1 
 .bss.Lowest_CellVolt
                0x20003766        0x2 ./Core/Src/main.o
                0x20003766                Lowest_CellVolt
 .bss.Highest_CellVolt
                0x20003768        0x2 ./Core/Src/main.o
                0x20003768                Highest_CellVolt
 *fill*         0x2000376a        0x2 
 .bss.Accu_Volt
                0x2000376c        0x4 ./Core/Src/main.o
                0x2000376c                Accu_Volt
 .bss.Refri_Accumulator
                0x20003770        0x1 ./Core/Src/main.o
                0x20003770                Refri_Accumulator
 .bss.Refri_Inverters
                0x20003771        0x1 ./Core/Src/main.o
                0x20003771                Refri_Inverters
 .bss.Refri_Motors
                0x20003772        0x1 ./Core/Src/main.o
                0x20003772                Refri_Motors
 .bss.Enable_Drive
                0x20003773        0x1 ./Core/Src/main.o
                0x20003773                Enable_Drive
 .bss.RTD       0x20003774        0x1 ./Core/Src/main.o
                0x20003774                RTD
 .bss.msg_can1  0x20003775        0x1 ./Core/Src/main.o
                0x20003775                msg_can1
 .bss.msg_can2  0x20003776        0x1 ./Core/Src/main.o
                0x20003776                msg_can2
 .bss.msg       0x20003777        0x1 ./Core/Src/main.o
                0x20003777                msg
 .bss.APPS1     0x20003778        0x1 ./Core/Src/main.o
                0x20003778                APPS1
 .bss.APPS2     0x20003779        0x1 ./Core/Src/main.o
                0x20003779                APPS2
 .bss.Break_Value
                0x2000377a        0x1 ./Core/Src/main.o
                0x2000377a                Break_Value
 .bss.Steering_sensor_value
                0x2000377b        0x1 ./Core/Src/main.o
                0x2000377b                Steering_sensor_value
 .bss.TV_MODE   0x2000377c        0x1 ./Core/Src/main.o
                0x2000377c                TV_MODE
 *fill*         0x2000377d        0x3 
 .bss.HAL_RCC_CAN1_CLK_ENABLED
                0x20003780        0x4 ./Core/Src/stm32f7xx_hal_msp.o
 .bss.__sbrk_heap_end
                0x20003784        0x4 ./Core/Src/sysmem.o
 .bss.uwTick    0x20003788        0x4 ./Drivers/STM32F7xx_HAL_Driver/Src/stm32f7xx_hal.o
                0x20003788                uwTick
 .bss.__sf      0x2000378c      0x138 C:/ST/STM32CubeIDE_1.13.0/STM32CubeIDE/plugins/com.st.stm32cube.ide.mcu.externaltools.gnu-tools-for-stm32.12.3.rel1.win32_1.0.100.202403111256/tools/bin/../lib/gcc/arm-none-eabi/12.3.1/../../../../arm-none-eabi/lib/thumb/v7e-m+dp/hard\libc_nano.a(libc_a-findfp.o)
                0x2000378c                __sf
 .bss.__stdio_exit_handler