Removed Pin From Net: NetName=+3.3 Pin=J3-2
Removed Pin From Net: NetName=+3.3 Pin=J3-4
Removed Pin From Net: NetName=+3.3 Pin=J3-6
Removed Pin From Net: NetName=PA10 Pin=J3-8
Removed Pin From Net: NetName=+5 Pin=J3-18
Removed Pin From Net: NetName=GND Pin=J3-20
Removed Pin From Net: NetName=GND Pin=J3-22
Removed Pin From Net: NetName=GND Pin=J3-24
Removed Pin From Net: NetName=CAN2_L Pin=J3-26
Removed Pin From Net: NetName=CAN2_H Pin=J3-28
Change Footprint: Footprint Not Found 62132821021
Change Footprint: Footprint Not Found 62132821021
Change Footprint: Footprint Not Found 62132821021
Change Footprint: Footprint Not Found 62132821021
Added Pin To Net: NetName=CAN2_H Pin=J3-2
Added Pin To Net: NetName=CAN2_L Pin=J3-4
Added Pin To Net: NetName=GND Pin=J3-6
Added Pin To Net: NetName=GND Pin=J3-8
Added Pin To Net: NetName=GND Pin=J3-10
Added Pin To Net: NetName=+5 Pin=J3-12
Added Pin To Net: NetName=PA10 Pin=J3-22
Added Pin To Net: NetName=+3.3 Pin=J3-24
Added Pin To Net: NetName=+3.3 Pin=J3-26
Added Pin To Net: NetName=+3.3 Pin=J3-28
Change Net Name : Old Net Name=PB14 New Net Name=PA9
Change Net Name : Old Net Name=PB15 New Net Name=PA8
Change Net Name : Old Net Name=PC6 New Net Name=PD11
Change Net Name : Old Net Name=PC7 New Net Name=PD10
Change Net Name : Old Net Name=PC8 New Net Name=PD9
Change Net Name : Old Net Name=PC9 New Net Name=PD8
Change Net Name : Old Net Name=PD8 New Net Name=PC9
Change Net Name : Old Net Name=PD9 New Net Name=PC8
Change Net Name : Old Net Name=PD10 New Net Name=PC7
Change Net Name : Old Net Name=PD11 New Net Name=PC6
Change Net Name : Old Net Name=PD14 New Net Name=PD15
Change Net Name : Old Net Name=PD15 New Net Name=PD14
