Removed Pin From Net: NetName=+3.3 Pin=J4-1
Removed Pin From Net: NetName=PE1 Pin=J4-3
Removed Pin From Net: NetName=PE0 Pin=J4-5
Removed Pin From Net: NetName=LV tr Pin=J4-6
Removed Pin From Net: NetName=LV tr Pin=J4-8
Removed Pin From Net: NetName=LV tr Pin=J4-10
Removed Pin From Net: NetName=PB3 Pin=J4-19
Removed Pin From Net: NetName=PC12 Pin=J4-21
Removed Pin From Net: NetName=PC11 Pin=J4-23
Removed Pin From Net: NetName=GND Pin=J4-24
Removed Pin From Net: NetName=+5 Pin=J4-26
Removed Pin From Net: NetName=+5 Pin=J4-28
Change Footprint: Footprint Not Found 62132821021
Change Footprint: Footprint Not Found 62132821021
Change Footprint: Footprint Not Found 62132821021
Change Footprint: Footprint Not Found 62132821021
Added Pin To Net: NetName=+5 Pin=J4-1
Added Pin To Net: NetName=+5 Pin=J4-3
Added Pin To Net: NetName=GND Pin=J4-5
Added Pin To Net: NetName=PC11 Pin=J4-6
Added Pin To Net: NetName=PC12 Pin=J4-8
Added Pin To Net: NetName=PB3 Pin=J4-10
Added Pin To Net: NetName=LV tr Pin=J4-19
Added Pin To Net: NetName=LV tr Pin=J4-21
Added Pin To Net: NetName=LV tr Pin=J4-23
Added Pin To Net: NetName=PE0 Pin=J4-24
Added Pin To Net: NetName=PE1 Pin=J4-26
Added Pin To Net: NetName=+3.3 Pin=J4-28
Added Pin To Net: NetName=BUZZER_CONTROL Pin=Q405-G
Added Pin To Net: NetName=BUZZER_CONTROL Pin=R415-1
Change Net Name : Old Net Name=CAN1_H New Net Name=PA15
Change Net Name : Old Net Name=CAN1_L New Net Name=PC10
Change Net Name : Old Net Name=PA15 New Net Name=CAN1_H
Change Net Name : Old Net Name=PB4 New Net Name=PD7
Change Net Name : Old Net Name=PB5 New Net Name=PD6
Change Net Name : Old Net Name=PB6 New Net Name=PD5
Change Net Name : Old Net Name=PB7 New Net Name=PD4
Change Net Name : Old Net Name=PB8 New Net Name=PD3
Change Net Name : Old Net Name=PB9 New Net Name=PD2
Change Net Name : Old Net Name=PC10 New Net Name=CAN1_L
Change Net Name : Old Net Name=PD2 New Net Name=PB9
Change Net Name : Old Net Name=PD3 New Net Name=PB8
Change Net Name : Old Net Name=PD4 New Net Name=PB7
Change Net Name : Old Net Name=PD5 New Net Name=PB6
Change Net Name : Old Net Name=PD6 New Net Name=PB5
Change Net Name : Old Net Name=PD7 New Net Name=PB4
Add Net: Net with name "BUZZER_CONTROL" already exists
