Removed Pin From Net: NetName=PA3 Pin=J1-6
Removed Pin From Net: NetName=+3.3 Pin=J1-7
Removed Pin From Net: NetName=PA2 Pin=J1-8
Removed Pin From Net: NetName=+3.3 Pin=J1-9
Removed Pin From Net: NetName=PA1 Pin=J1-10
Removed Pin From Net: NetName=+3.3 Pin=J1-11
Removed Pin From Net: NetName=PA0 Pin=J1-12
Removed Pin From Net: NetName=PC3 Pin=J1-14
Removed Pin From Net: NetName=GND Pin=J1-15
Removed Pin From Net: NetName=PC2 Pin=J1-16
Removed Pin From Net: NetName=GND Pin=J1-17
Removed Pin From Net: NetName=PC1 Pin=J1-18
Removed Pin From Net: NetName=GND Pin=J1-19
Removed Pin From Net: NetName=PC0 Pin=J1-20
Removed Pin From Net: NetName=GND Pin=J1-21
Removed Pin From Net: NetName=PC14 Pin=J1-22
Removed Pin From Net: NetName=PB0 Pin=J2-1
Removed Pin From Net: NetName=+3.3 Pin=J2-2
Removed Pin From Net: NetName=PE7 Pin=J2-7
Removed Pin From Net: NetName=PE8 Pin=J2-9
Removed Pin From Net: NetName=PE9 Pin=J2-11
Removed Pin From Net: NetName=PE10 Pin=J2-13
Removed Pin From Net: NetName=+5 Pin=J2-14
Removed Pin From Net: NetName=PE11 Pin=J2-15
Removed Pin From Net: NetName=+5 Pin=J2-16
Removed Pin From Net: NetName=PE12 Pin=J2-17
Removed Pin From Net: NetName=PE13 Pin=J2-19
Removed Pin From Net: NetName=PE14 Pin=J2-21
Removed Pin From Net: NetName=PE15 Pin=J2-23
Removed Pin From Net: NetName=GND Pin=J2-24
Removed Pin From Net: NetName=PB10 Pin=J2-25
Removed Pin From Net: NetName=GND Pin=J2-26
Removed Pin From Net: NetName=PB11 Pin=J2-27
Removed Pin From Net: NetName=GND Pin=J2-28
Removed Pin From Net: NetName=+3.3 Pin=J3-1
Removed Pin From Net: NetName=PA9 Pin=J3-2
Removed Pin From Net: NetName=+3.3 Pin=J3-3
Removed Pin From Net: NetName=PA8 Pin=J3-4
Removed Pin From Net: NetName=+3.3 Pin=J3-5
Removed Pin From Net: NetName=PC9 Pin=J3-6
Removed Pin From Net: NetName=PC7 Pin=J3-10
Removed Pin From Net: NetName=PC6 Pin=J3-12
Removed Pin From Net: NetName=+5 Pin=J3-13
Removed Pin From Net: NetName=PD15 Pin=J3-14
Removed Pin From Net: NetName=+5 Pin=J3-15
Removed Pin From Net: NetName=PD14 Pin=J3-16
Removed Pin From Net: NetName=+5 Pin=J3-17
Removed Pin From Net: NetName=PD11 Pin=J3-18
Removed Pin From Net: NetName=GND Pin=J3-19
Removed Pin From Net: NetName=PD10 Pin=J3-20
Removed Pin From Net: NetName=GND Pin=J3-21
Removed Pin From Net: NetName=PD9 Pin=J3-22
Removed Pin From Net: NetName=GND Pin=J3-23
Removed Pin From Net: NetName=PD8 Pin=J3-24
Removed Pin From Net: NetName=CAN1_H Pin=J4-1
Removed Pin From Net: NetName=+3.3 Pin=J4-2
Removed Pin From Net: NetName=LV tr Pin=J4-5
Removed Pin From Net: NetName=PE0 Pin=J4-6
Removed Pin From Net: NetName=LV tr Pin=J4-7
Removed Pin From Net: NetName=PB9 Pin=J4-8
Removed Pin From Net: NetName=LV tr Pin=J4-9
Removed Pin From Net: NetName=PB8 Pin=J4-10
Removed Pin From Net: NetName=GND Pin=J4-23
Removed Pin From Net: NetName=PC11 Pin=J4-24
Removed Pin From Net: NetName=+5 Pin=J4-25
Removed Pin From Net: NetName=PC10 Pin=J4-26
Removed Pin From Net: NetName=+5 Pin=J4-27
Removed Pin From Net: NetName=PA15 Pin=J4-28
Change Footprint: Footprint Not Found 62132821021
Change Footprint: Footprint Not Found 62132821021
Change Footprint: Footprint Not Found 62132821021
Change Footprint: Footprint Not Found 62132821021
Added Pin To Net: NetName=PA3 Pin=J1-5
Added Pin To Net: NetName=PA2 Pin=J1-7
Added Pin To Net: NetName=+3.3 Pin=J1-8
Added Pin To Net: NetName=PA1 Pin=J1-9
Added Pin To Net: NetName=+3.3 Pin=J1-10
Added Pin To Net: NetName=PA0 Pin=J1-11
Added Pin To Net: NetName=+3.3 Pin=J1-12
Added Pin To Net: NetName=PC3 Pin=J1-13
Added Pin To Net: NetName=PC2 Pin=J1-15
Added Pin To Net: NetName=GND Pin=J1-16
Added Pin To Net: NetName=PC1 Pin=J1-17
Added Pin To Net: NetName=GND Pin=J1-18
Added Pin To Net: NetName=PC0 Pin=J1-19
Added Pin To Net: NetName=GND Pin=J1-20
Added Pin To Net: NetName=PC14 Pin=J1-21
Added Pin To Net: NetName=GND Pin=J1-22
Added Pin To Net: NetName=+3.3 Pin=J2-1
Added Pin To Net: NetName=PB0 Pin=J2-2
Added Pin To Net: NetName=PE7 Pin=J2-8
Added Pin To Net: NetName=PE8 Pin=J2-10
Added Pin To Net: NetName=PE9 Pin=J2-12
Added Pin To Net: NetName=+5 Pin=J2-13
Added Pin To Net: NetName=PE10 Pin=J2-14
Added Pin To Net: NetName=+5 Pin=J2-15
Added Pin To Net: NetName=PE11 Pin=J2-16
Added Pin To Net: NetName=PE12 Pin=J2-18
Added Pin To Net: NetName=PE13 Pin=J2-20
Added Pin To Net: NetName=PE14 Pin=J2-22
Added Pin To Net: NetName=GND Pin=J2-23
Added Pin To Net: NetName=PE15 Pin=J2-24
Added Pin To Net: NetName=GND Pin=J2-25
Added Pin To Net: NetName=PB10 Pin=J2-26
Added Pin To Net: NetName=GND Pin=J2-27
Added Pin To Net: NetName=PB11 Pin=J2-28
Added Pin To Net: NetName=PA9 Pin=J3-1
Added Pin To Net: NetName=+3.3 Pin=J3-2
Added Pin To Net: NetName=PA8 Pin=J3-3
Added Pin To Net: NetName=+3.3 Pin=J3-4
Added Pin To Net: NetName=PC9 Pin=J3-5
Added Pin To Net: NetName=+3.3 Pin=J3-6
Added Pin To Net: NetName=PC7 Pin=J3-9
Added Pin To Net: NetName=PC6 Pin=J3-11
Added Pin To Net: NetName=PD15 Pin=J3-13
Added Pin To Net: NetName=+5 Pin=J3-14
Added Pin To Net: NetName=PD14 Pin=J3-15
Added Pin To Net: NetName=+5 Pin=J3-16
Added Pin To Net: NetName=PD11 Pin=J3-17
Added Pin To Net: NetName=+5 Pin=J3-18
Added Pin To Net: NetName=PD10 Pin=J3-19
Added Pin To Net: NetName=GND Pin=J3-20
Added Pin To Net: NetName=PD9 Pin=J3-21
Added Pin To Net: NetName=GND Pin=J3-22
Added Pin To Net: NetName=PD8 Pin=J3-23
Added Pin To Net: NetName=GND Pin=J3-24
Added Pin To Net: NetName=+3.3 Pin=J4-1
Added Pin To Net: NetName=CAN1_H Pin=J4-2
Added Pin To Net: NetName=PE0 Pin=J4-5
Added Pin To Net: NetName=LV tr Pin=J4-6
Added Pin To Net: NetName=PB9 Pin=J4-7
Added Pin To Net: NetName=LV tr Pin=J4-8
Added Pin To Net: NetName=PB8 Pin=J4-9
Added Pin To Net: NetName=LV tr Pin=J4-10
Added Pin To Net: NetName=PC11 Pin=J4-23
Added Pin To Net: NetName=GND Pin=J4-24
Added Pin To Net: NetName=PC10 Pin=J4-25
Added Pin To Net: NetName=+5 Pin=J4-26
Added Pin To Net: NetName=PA15 Pin=J4-27
Added Pin To Net: NetName=+5 Pin=J4-28
Change Net Name : Old Net Name=CAN1_L New Net Name=PE1
Change Net Name : Old Net Name=CAN2_H New Net Name=PB14
Change Net Name : Old Net Name=CAN2_L New Net Name=PB15
Change Net Name : Old Net Name=PA4 New Net Name=PA6
Change Net Name : Old Net Name=PA5 New Net Name=PA7
Change Net Name : Old Net Name=PA6 New Net Name=PA4
Change Net Name : Old Net Name=PA7 New Net Name=PA5
Change Net Name : Old Net Name=PA10 New Net Name=PC8
Change Net Name : Old Net Name=PB1 New Net Name=PC4
Change Net Name : Old Net Name=PB2 New Net Name=PC5
Change Net Name : Old Net Name=PB3 New Net Name=PD3
Change Net Name : Old Net Name=PB4 New Net Name=PD4
Change Net Name : Old Net Name=PB5 New Net Name=PD5
Change Net Name : Old Net Name=PB6 New Net Name=PD6
Change Net Name : Old Net Name=PB7 New Net Name=PD7
Change Net Name : Old Net Name=PB14 New Net Name=CAN2_H
Change Net Name : Old Net Name=PB15 New Net Name=CAN2_L
Change Net Name : Old Net Name=PC4 New Net Name=PB1
Change Net Name : Old Net Name=PC5 New Net Name=PB2
Change Net Name : Old Net Name=PC8 New Net Name=PA10
Change Net Name : Old Net Name=PC12 New Net Name=PD2
Change Net Name : Old Net Name=PC13 New Net Name=PC15
Change Net Name : Old Net Name=PC15 New Net Name=PC13
Change Net Name : Old Net Name=PD2 New Net Name=PC12
Change Net Name : Old Net Name=PD3 New Net Name=PB3
Change Net Name : Old Net Name=PD4 New Net Name=PB4
Change Net Name : Old Net Name=PD5 New Net Name=PB5
Change Net Name : Old Net Name=PD6 New Net Name=PB6
Change Net Name : Old Net Name=PD7 New Net Name=PB7
Change Net Name : Old Net Name=PE1 New Net Name=CAN1_L
Change Net Name : Old Net Name=PE2 New Net Name=PE3
Change Net Name : Old Net Name=PE3 New Net Name=PE2
Change Net Name : Old Net Name=PE5 New Net Name=PE6
Change Net Name : Old Net Name=PE6 New Net Name=PE5
