Removed Pin From Net: NetName=IMD_LED Pin=J3-3
Removed Pin From Net: NetName=CAN2_L Pin=J3-4
Removed Pin From Net: NetName=PD8 Pin=J3-5
Removed Pin From Net: NetName=GND Pin=J3-6
Removed Pin From Net: NetName=PD9 Pin=J3-7
Removed Pin From Net: NetName=GND Pin=J3-8
Removed Pin From Net: NetName=PD10 Pin=J3-9
Removed Pin From Net: NetName=GND Pin=J3-10
Removed Pin From Net: NetName=PD11 Pin=J3-11
Removed Pin From Net: NetName=+5 Pin=J3-12
Removed Pin From Net: NetName=PD14 Pin=J3-13
Removed Pin From Net: NetName=+5 Pin=J3-14
Removed Pin From Net: NetName=PD15 Pin=J3-15
Removed Pin From Net: NetName=+5 Pin=J3-16
Removed Pin From Net: NetName=PC6 Pin=J3-17
Removed Pin From Net: NetName=PC7 Pin=J3-19
Removed Pin From Net: NetName=PC9 Pin=J3-23
Removed Pin From Net: NetName=+3.3 Pin=J3-24
Removed Pin From Net: NetName=PA8 Pin=J3-25
Removed Pin From Net: NetName=+3.3 Pin=J3-26
Removed Pin From Net: NetName=PA9 Pin=J3-27
Removed Pin From Net: NetName=+3.3 Pin=J3-28
Change Footprint: Footprint Not Found 62132821021
Change Footprint: Footprint Not Found 62132821021
Change Footprint: Footprint Not Found 62132821021
Change Footprint: Footprint Not Found 62132821021
Added Pin To Net: NetName=CAN2_L Pin=J3-3
Added Pin To Net: NetName=IMD_LED Pin=J3-4
Added Pin To Net: NetName=GND Pin=J3-5
Added Pin To Net: NetName=PD8 Pin=J3-6
Added Pin To Net: NetName=GND Pin=J3-7
Added Pin To Net: NetName=PD9 Pin=J3-8
Added Pin To Net: NetName=GND Pin=J3-9
Added Pin To Net: NetName=PD10 Pin=J3-10
Added Pin To Net: NetName=+5 Pin=J3-11
Added Pin To Net: NetName=PD11 Pin=J3-12
Added Pin To Net: NetName=+5 Pin=J3-13
Added Pin To Net: NetName=PD14 Pin=J3-14
Added Pin To Net: NetName=+5 Pin=J3-15
Added Pin To Net: NetName=PD15 Pin=J3-16
Added Pin To Net: NetName=PC6 Pin=J3-18
Added Pin To Net: NetName=PC7 Pin=J3-20
Added Pin To Net: NetName=+3.3 Pin=J3-23
Added Pin To Net: NetName=PC9 Pin=J3-24
Added Pin To Net: NetName=+3.3 Pin=J3-25
Added Pin To Net: NetName=PA8 Pin=J3-26
Added Pin To Net: NetName=+3.3 Pin=J3-27
Added Pin To Net: NetName=PA9 Pin=J3-28
Change Net Name : Old Net Name=BUZZER_CONTROL New Net Name=CAN2_H
Change Net Name : Old Net Name=CAN2_H New Net Name=BUZZER_CONTROL
Change Net Name : Old Net Name=PA10 New Net Name=PC8
Change Net Name : Old Net Name=PC8 New Net Name=PA10
